#
# There is insufficient memory for the Java Runtime Environment to continue.
# Native memory allocation (mmap) failed to map 143654912 bytes. Error detail: G1 virtual space
# Possible reasons:
#   The system is out of physical RAM or swap space
#   This process is running with CompressedOops enabled, and the Java Heap may be blocking the growth of the native heap
# Possible solutions:
#   Reduce memory load on the system
#   Increase physical memory or swap space
#   Check if swap backing store is full
#   Decrease Java heap size (-Xmx/-Xms)
#   Decrease number of Java threads
#   Decrease Java thread stack sizes (-Xss)
#   Set larger code cache with -XX:ReservedCodeCacheSize=
#   JVM is running with Unscaled Compressed Oops mode in which the Java heap is
#     placed in the first 4GB address space. The Java Heap base address is the
#     maximum limit for the native heap growth. Please use -XX:HeapBaseMinAddress
#     to set the Java Heap base and to place the Java Heap above 4GB virtual address.
# This output file may be truncated or incomplete.
#
#  Out of Memory Error (os_windows.cpp:3690), pid=19768, tid=14556
#
# JRE version: OpenJDK Runtime Environment Microsoft-13106358 (17.0.18+8) (build 17.0.18+8-LTS)
# Java VM: OpenJDK 64-Bit Server VM Microsoft-13106358 (17.0.18+8-LTS, mixed mode, sharing, tiered, compressed oops, compressed class ptrs, g1 gc, windows-amd64)
# No core dump will be written. Minidumps are not enabled by default on client versions of Windows
#

---------------  S U M M A R Y ------------

Command Line: --add-opens=java.base/java.lang=ALL-UNNAMED --add-opens=java.base/java.lang.invoke=ALL-UNNAMED --add-opens=java.base/java.util=ALL-UNNAMED --add-opens=java.prefs/java.util.prefs=ALL-UNNAMED --add-exports=jdk.compiler/com.sun.tools.javac.api=ALL-UNNAMED --add-exports=jdk.compiler/com.sun.tools.javac.util=ALL-UNNAMED --add-opens=java.base/java.util=ALL-UNNAMED --add-opens=java.prefs/java.util.prefs=ALL-UNNAMED --add-opens=java.base/java.nio.charset=ALL-UNNAMED --add-opens=java.base/java.net=ALL-UNNAMED --add-opens=java.base/java.util.concurrent=ALL-UNNAMED --add-opens=java.base/java.util.concurrent.atomic=ALL-UNNAMED --add-opens=java.xml/javax.xml.namespace=ALL-UNNAMED --add-opens=java.base/java.time=ALL-UNNAMED -XX:MaxMetaspaceSize=512m -XX:ReservedCodeCacheSize=256m -XX:+HeapDumpOnOutOfMemoryError -Xmx1512m -Dfile.encoding=UTF-8 -Duser.country=FR -Duser.language=fr -Duser.variant -javaagent:C:\Users\triK\.gradle\wrapper\dists\gradle-9.3.1-all\9ot9r568e8zfvvd4mn8rbu1j0\gradle-9.3.1\lib\agents\gradle-instrumentation-agent-9.3.1.jar org.gradle.launcher.daemon.bootstrap.GradleDaemon 9.3.1

Host: Intel(R) Core(TM) i3-7020U CPU @ 2.30GHz, 4 cores, 3G,  Windows 11 , 64 bit Build 26100 (10.0.26100.9168)
Time: Mon Aug 17 08:45:49 2026 Greenwich elapsed time: 435.105554 seconds (0d 0h 7m 15s)

---------------  T H R E A D  ---------------

Current thread (0x000001d67f31bb30):  VMThread "VM Thread" [stack: 0x0000008e29b00000,0x0000008e29c00000] [id=14556]

Stack: [0x0000008e29b00000,0x0000008e29c00000]
Native frames: (J=compiled Java code, j=interpreted, Vv=VM code, C=native code)
V  [jvm.dll+0x68c879]  (no source info available)
V  [jvm.dll+0x845979]  (no source info available)
V  [jvm.dll+0x8476e8]  (no source info available)
V  [jvm.dll+0x847d73]  (no source info available)
V  [jvm.dll+0x24cf6f]  (no source info available)
V  [jvm.dll+0x68bc79]  (no source info available)
V  [jvm.dll+0x68023a]  (no source info available)
V  [jvm.dll+0x3101a0]  (no source info available)
V  [jvm.dll+0x310042]  (no source info available)
V  [jvm.dll+0x317599]  (no source info available)
V  [jvm.dll+0x369999]  (no source info available)
V  [jvm.dll+0x369bcd]  (no source info available)
V  [jvm.dll+0x2e69aa]  (no source info available)
V  [jvm.dll+0x2e4da1]  (no source info available)
V  [jvm.dll+0x2e453c]  (no source info available)
V  [jvm.dll+0x328ecb]  (no source info available)
V  [jvm.dll+0x84c5fd]  (no source info available)
V  [jvm.dll+0x84d313]  (no source info available)
V  [jvm.dll+0x84d844]  (no source info available)
V  [jvm.dll+0x84dc28]  (no source info available)
V  [jvm.dll+0x84dd1e]  (no source info available)
V  [jvm.dll+0x7f5ebc]  (no source info available)
V  [jvm.dll+0x68de17]  (no source info available)
C  [ucrtbase.dll+0x2cd30]  (no source info available)
C  [KERNEL32.DLL+0x2ccb7]  (no source info available)
C  [ntdll.dll+0xaad6c]  (no source info available)

VM_Operation (0x0000008e2b1f6d20): G1CollectForAllocation, mode: safepoint, requested by thread 0x000001d63b502ad0


---------------  P R O C E S S  ---------------

Threads class SMR info:
_java_thread_list=0x000001d63d8ab7d0, length=77, elements={
0x000001d67cd1f910, 0x000001d67f3263f0, 0x000001d67f327b20, 0x000001d67f33b1f0,
0x000001d67f33bfd0, 0x000001d67f33c990, 0x000001d67f33d350, 0x000001d67f33e850,
0x000001d67f353650, 0x000001d67f354c60, 0x000001d67f30d2e0, 0x000001d61b48efb0,
0x000001d63b2b5090, 0x000001d63b1cf080, 0x000001d63b299e30, 0x000001d61b605430,
0x000001d63b502ad0, 0x000001d63b505350, 0x000001d63b504930, 0x000001d63b504e40,
0x000001d63dc5ba50, 0x000001d63dc5ecf0, 0x000001d63dc5f200, 0x000001d63dc5bf60,
0x000001d63dc5e7e0, 0x000001d63dc5e2d0, 0x000001d63dc5ce90, 0x000001d63cedb830,
0x000001d63ceda3f0, 0x000001d63cedae10, 0x000001d63ceda900, 0x000001d63dc5fc20,
0x000001d63dc5c980, 0x000001d63dc60640, 0x000001d63dc5d3a0, 0x000001d63dc61060,
0x000001d63dc5d8b0, 0x000001d63dc61570, 0x000001d63dc61a80, 0x000001d63dc61f90,
0x000001d63dc62ec0, 0x000001d63dc624a0, 0x000001d63dc629b0, 0x000001d63b505d70,
0x000001d63b506280, 0x000001d63b502fe0, 0x000001d63cedbd40, 0x000001d63eda9470,
0x000001d63eda9e90, 0x000001d63eda8540, 0x000001d63eda9980, 0x000001d63eda8030,
0x000001d63edaa3a0, 0x000001d63edaa8b0, 0x000001d63edaadc0, 0x000001d63edab2d0,
0x000001d63edab7e0, 0x000001d63edac200, 0x000001d63edabcf0, 0x000001d63eda8a50,
0x000001d63edac710, 0x000001d63eda8f60, 0x000001d63edae060, 0x000001d63edaea80,
0x000001d63edaf4a0, 0x000001d63edadb50, 0x000001d63edaf9b0, 0x000001d63dc5c470,
0x000001d63b504420, 0x000001d63edaef90, 0x000001d63e5ca520, 0x000001d63e5c9b00,
0x000001d63e5c95f0, 0x000001d63e5cb450, 0x000001d63e5ca010, 0x000001d63e5caa30,
0x000001d63e5caf40
}

Java Threads: ( => current thread )
  0x000001d67cd1f910 JavaThread "main" [_thread_blocked, id=21352, stack(0x0000008e29500000,0x0000008e29600000)]
  0x000001d67f3263f0 JavaThread "Reference Handler" daemon [_thread_blocked, id=2616, stack(0x0000008e29c00000,0x0000008e29d00000)]
  0x000001d67f327b20 JavaThread "Finalizer" daemon [_thread_blocked, id=17180, stack(0x0000008e29d00000,0x0000008e29e00000)]
  0x000001d67f33b1f0 JavaThread "Signal Dispatcher" daemon [_thread_blocked, id=10736, stack(0x0000008e29e00000,0x0000008e29f00000)]
  0x000001d67f33bfd0 JavaThread "Attach Listener" daemon [_thread_blocked, id=12964, stack(0x0000008e29f00000,0x0000008e2a000000)]
  0x000001d67f33c990 JavaThread "Service Thread" daemon [_thread_blocked, id=12744, stack(0x0000008e2a000000,0x0000008e2a100000)]
  0x000001d67f33d350 JavaThread "Monitor Deflation Thread" daemon [_thread_blocked, id=7100, stack(0x0000008e2a100000,0x0000008e2a200000)]
  0x000001d67f33e850 JavaThread "C2 CompilerThread0" daemon [_thread_blocked, id=6596, stack(0x0000008e2a200000,0x0000008e2a300000)]
  0x000001d67f353650 JavaThread "C1 CompilerThread0" daemon [_thread_blocked, id=13396, stack(0x0000008e2a300000,0x0000008e2a400000)]
  0x000001d67f354c60 JavaThread "Sweeper thread" daemon [_thread_blocked, id=20512, stack(0x0000008e2a400000,0x0000008e2a500000)]
  0x000001d67f30d2e0 JavaThread "Common-Cleaner" daemon [_thread_blocked, id=18092, stack(0x0000008e2a500000,0x0000008e2a600000)]
  0x000001d61b48efb0 JavaThread "Notification Thread" daemon [_thread_blocked, id=11028, stack(0x0000008e2a600000,0x0000008e2a700000)]
  0x000001d63b2b5090 JavaThread "Daemon health stats" [_thread_blocked, id=8352, stack(0x0000008e2ab00000,0x0000008e2ac00000)]
  0x000001d63b1cf080 JavaThread "Incoming local TCP Connector on port 60520" [_thread_in_native, id=17972, stack(0x0000008e2ac00000,0x0000008e2ad00000)]
  0x000001d63b299e30 JavaThread "Daemon periodic checks" [_thread_blocked, id=6812, stack(0x0000008e2ad00000,0x0000008e2ae00000)]
  0x000001d61b605430 JavaThread "Daemon" [_thread_blocked, id=10912, stack(0x0000008e2ae00000,0x0000008e2af00000)]
  0x000001d63b502ad0 JavaThread "Daemon worker" [_thread_blocked, id=16092, stack(0x0000008e2b100000,0x0000008e2b200000)]
  0x000001d63b505350 JavaThread "Cache worker for journal cache (C:\Users\triK\.gradle\caches\journal-1)" [_thread_blocked, id=16404, stack(0x0000008e2b500000,0x0000008e2b600000)]
  0x000001d63b504930 JavaThread "File lock request listener" [_thread_in_native, id=2780, stack(0x0000008e2b600000,0x0000008e2b700000)]
  0x000001d63b504e40 JavaThread "Cache worker for file hash cache (C:\Users\triK\.gradle\caches\9.3.1\fileHashes)" [_thread_blocked, id=16416, stack(0x0000008e2b700000,0x0000008e2b800000)]
  0x000001d63dc5ba50 JavaThread "File watcher server" daemon [_thread_in_native, id=16200, stack(0x0000008e2bb00000,0x0000008e2bc00000)]
  0x000001d63dc5ecf0 JavaThread "File watcher consumer" daemon [_thread_blocked, id=17240, stack(0x0000008e2bc00000,0x0000008e2bd00000)]
  0x000001d63dc5f200 JavaThread "jar transforms" [_thread_blocked, id=9464, stack(0x0000008e2bd00000,0x0000008e2be00000)]
  0x000001d63dc5bf60 JavaThread "jar transforms Thread 2" [_thread_blocked, id=17832, stack(0x0000008e2be00000,0x0000008e2bf00000)]
  0x000001d63dc5e7e0 JavaThread "jar transforms Thread 3" [_thread_blocked, id=5620, stack(0x0000008e2bf00000,0x0000008e2c000000)]
  0x000001d63dc5e2d0 JavaThread "Cache worker for file content cache (C:\Users\triK\.gradle\caches\9.3.1\fileContent)" [_thread_blocked, id=21280, stack(0x0000008e2c100000,0x0000008e2c200000)]
  0x000001d63dc5ce90 JavaThread "jar transforms Thread 4" [_thread_blocked, id=8264, stack(0x0000008e2c400000,0x0000008e2c500000)]
  0x000001d63cedb830 JavaThread "Memory manager" [_thread_blocked, id=20588, stack(0x0000008e2d100000,0x0000008e2d200000)]
  0x000001d63ceda3f0 JavaThread "Handler for socket connection from /127.0.0.1:60520 to /127.0.0.1:64522" [_thread_in_native, id=1384, stack(0x0000008e29300000,0x0000008e29400000)]
  0x000001d63cedae10 JavaThread "Cancel handler" [_thread_blocked, id=18620, stack(0x0000008e29400000,0x0000008e29500000)]
  0x000001d63ceda900 JavaThread "Asynchronous log dispatcher for DefaultDaemonConnection: socket connection from /127.0.0.1:60520 to /127.0.0.1:64522" [_thread_blocked, id=9280, stack(0x0000008e2af00000,0x0000008e2b000000)]
  0x000001d63dc5fc20 JavaThread "Stdin handler" [_thread_blocked, id=9248, stack(0x0000008e2b000000,0x0000008e2b100000)]
  0x000001d63dc5c980 JavaThread "Daemon client event forwarder" [_thread_blocked, id=17176, stack(0x0000008e2b200000,0x0000008e2b300000)]
  0x000001d63dc60640 JavaThread "Cache worker for file hash cache (C:\Users\triK\Documents\GitHub\as-one-apk\frontend\android\.gradle\9.3.1\fileHashes)" [_thread_blocked, id=7672, stack(0x0000008e2b300000,0x0000008e2b400000)]
  0x000001d63dc5d3a0 JavaThread "Cache worker for Build Output Cleanup Cache (C:\Users\triK\Documents\GitHub\as-one-apk\frontend\android\.gradle\buildOutputCleanup)" [_thread_blocked, id=8572, stack(0x0000008e2b400000,0x0000008e2b500000)]
  0x000001d63dc61060 JavaThread "Cache worker for checksums cache (C:\Users\triK\Documents\GitHub\as-one-apk\frontend\android\.gradle\9.3.1\checksums)" [_thread_blocked, id=5448, stack(0x0000008e2b800000,0x0000008e2b900000)]
  0x000001d63dc5d8b0 JavaThread "Cache worker for cache directory md-supplier (C:\Users\triK\.gradle\caches\9.3.1\md-supplier)" [_thread_blocked, id=17516, stack(0x0000008e2b900000,0x0000008e2ba00000)]
  0x000001d63dc61570 JavaThread "Cache worker for cache directory md-rule (C:\Users\triK\.gradle\caches\9.3.1\md-rule)" [_thread_blocked, id=9080, stack(0x0000008e2ba00000,0x0000008e2bb00000)]
  0x000001d63dc61a80 JavaThread "Cache worker for Build Output Cleanup Cache (C:\flutter\packages\flutter_tools\gradle\.gradle\buildOutputCleanup)" [_thread_blocked, id=9204, stack(0x0000008e2c000000,0x0000008e2c100000)]
  0x000001d63dc61f90 JavaThread "Unconstrained build operations" [_thread_blocked, id=15648, stack(0x0000008e2c200000,0x0000008e2c300000)]
  0x000001d63dc62ec0 JavaThread "Unconstrained build operations Thread 2" [_thread_blocked, id=16924, stack(0x0000008e2c300000,0x0000008e2c400000)]
  0x000001d63dc624a0 JavaThread "Unconstrained build operations Thread 3" [_thread_blocked, id=15024, stack(0x0000008e2c500000,0x0000008e2c600000)]
  0x000001d63dc629b0 JavaThread "Unconstrained build operations Thread 4" [_thread_blocked, id=1084, stack(0x0000008e2c600000,0x0000008e2c700000)]
  0x000001d63b505d70 JavaThread "Unconstrained build operations Thread 5" [_thread_blocked, id=19984, stack(0x0000008e2c800000,0x0000008e2c900000)]
  0x000001d63b506280 JavaThread "Unconstrained build operations Thread 6" [_thread_blocked, id=10192, stack(0x0000008e2c900000,0x0000008e2ca00000)]
  0x000001d63b502fe0 JavaThread "build event listener" [_thread_blocked, id=18600, stack(0x0000008e2ca00000,0x0000008e2cb00000)]
  0x000001d63cedbd40 JavaThread "included builds" [_thread_blocked, id=11888, stack(0x0000008e29200000,0x0000008e29300000)]
  0x000001d63eda9470 JavaThread "Execution worker" [_thread_blocked, id=1140, stack(0x0000008e2c700000,0x0000008e2c800000)]
  0x000001d63eda9e90 JavaThread "Execution worker Thread 2" [_thread_blocked, id=8004, stack(0x0000008e2cc00000,0x0000008e2cd00000)]
  0x000001d63eda8540 JavaThread "Execution worker Thread 3" [_thread_blocked, id=7928, stack(0x0000008e2cd00000,0x0000008e2ce00000)]
  0x000001d63eda9980 JavaThread "Cache worker for execution history cache (C:\flutter\packages\flutter_tools\gradle\.gradle\9.3.1\executionHistory)" [_thread_blocked, id=12176, stack(0x0000008e2ce00000,0x0000008e2cf00000)]
  0x000001d63eda8030 JavaThread "Unconstrained build operations Thread 7" [_thread_blocked, id=17844, stack(0x0000008e2cf00000,0x0000008e2d000000)]
  0x000001d63edaa3a0 JavaThread "Unconstrained build operations Thread 8" [_thread_blocked, id=20980, stack(0x0000008e2d000000,0x0000008e2d100000)]
  0x000001d63edaa8b0 JavaThread "Unconstrained build operations Thread 9" [_thread_blocked, id=15096, stack(0x0000008e2d200000,0x0000008e2d300000)]
  0x000001d63edaadc0 JavaThread "Unconstrained build operations Thread 10" [_thread_blocked, id=20304, stack(0x0000008e2d300000,0x0000008e2d400000)]
  0x000001d63edab2d0 JavaThread "Unconstrained build operations Thread 11" [_thread_blocked, id=256, stack(0x0000008e2d400000,0x0000008e2d500000)]
  0x000001d63edab7e0 JavaThread "Unconstrained build operations Thread 12" [_thread_blocked, id=12144, stack(0x0000008e2d500000,0x0000008e2d600000)]
  0x000001d63edac200 JavaThread "Unconstrained build operations Thread 13" [_thread_blocked, id=18772, stack(0x0000008e2d600000,0x0000008e2d700000)]
  0x000001d63edabcf0 JavaThread "Unconstrained build operations Thread 14" [_thread_blocked, id=16572, stack(0x0000008e2d700000,0x0000008e2d800000)]
  0x000001d63eda8a50 JavaThread "Unconstrained build operations Thread 15" [_thread_blocked, id=19604, stack(0x0000008e2d800000,0x0000008e2d900000)]
  0x000001d63edac710 JavaThread "Unconstrained build operations Thread 16" [_thread_blocked, id=19108, stack(0x0000008e2d900000,0x0000008e2da00000)]
  0x000001d63eda8f60 JavaThread "Unconstrained build operations Thread 17" [_thread_blocked, id=21452, stack(0x0000008e2da00000,0x0000008e2db00000)]
  0x000001d63edae060 JavaThread "WorkerExecutor Queue" [_thread_blocked, id=13036, stack(0x0000008e2db00000,0x0000008e2dc00000)]
  0x000001d63edaea80 JavaThread "RMI Scheduler(0)" daemon [_thread_blocked, id=3212, stack(0x0000008e2dc00000,0x0000008e2dd00000)]
  0x000001d63edaf4a0 JavaThread "RMI GC Daemon" daemon [_thread_blocked, id=13872, stack(0x0000008e2de00000,0x0000008e2df00000)]
  0x000001d63edadb50 JavaThread "RMI TCP Accept-0" daemon [_thread_in_native, id=5044, stack(0x0000008e2df00000,0x0000008e2e000000)]
  0x000001d63edaf9b0 JavaThread "RMI Reaper" [_thread_blocked, id=20612, stack(0x0000008e2e000000,0x0000008e2e100000)]
  0x000001d63dc5c470 JavaThread "RMI TCP Connection(idle)" daemon [_thread_blocked, id=7172, stack(0x0000008e2cb00000,0x0000008e2cc00000)]
  0x000001d63b504420 JavaThread "Unconstrained build operations Thread 18" [_thread_blocked, id=13992, stack(0x0000008e2dd00000,0x0000008e2de00000)]
  0x000001d63edaef90 JavaThread "Unconstrained build operations Thread 19" [_thread_blocked, id=6736, stack(0x0000008e2e100000,0x0000008e2e200000)]
  0x000001d63e5ca520 JavaThread "Unconstrained build operations Thread 20" [_thread_blocked, id=20568, stack(0x0000008e2e200000,0x0000008e2e300000)]
  0x000001d63e5c9b00 JavaThread "Unconstrained build operations Thread 21" [_thread_blocked, id=5376, stack(0x0000008e2e300000,0x0000008e2e400000)]
  0x000001d63e5c95f0 JavaThread "Unconstrained build operations Thread 22" [_thread_blocked, id=5816, stack(0x0000008e2e400000,0x0000008e2e500000)]
  0x000001d63e5cb450 JavaThread "Unconstrained build operations Thread 23" [_thread_blocked, id=21104, stack(0x0000008e2e500000,0x0000008e2e600000)]
  0x000001d63e5ca010 JavaThread "Unconstrained build operations Thread 24" [_thread_blocked, id=8272, stack(0x0000008e2e600000,0x0000008e2e700000)]
  0x000001d63e5caa30 JavaThread "Unconstrained build operations Thread 25" [_thread_blocked, id=14328, stack(0x0000008e2e700000,0x0000008e2e800000)]
  0x000001d63e5caf40 JavaThread "Unconstrained build operations Thread 26" [_thread_blocked, id=17004, stack(0x0000008e2e800000,0x0000008e2e900000)]

Other Threads:
=>0x000001d67f31bb30 VMThread "VM Thread" [stack: 0x0000008e29b00000,0x0000008e29c00000] [id=14556]
  0x000001d61b399d20 WatcherThread [stack: 0x0000008e2a700000,0x0000008e2a800000] [id=10216]
  0x000001d67cd6ae20 GCTaskThread "GC Thread#0" [stack: 0x0000008e29600000,0x0000008e29700000] [id=10644]
  0x000001d61b4bad80 GCTaskThread "GC Thread#1" [stack: 0x0000008e2a800000,0x0000008e2a900000] [id=16128]
  0x000001d61b66e610 GCTaskThread "GC Thread#2" [stack: 0x0000008e2a900000,0x0000008e2aa00000] [id=8436]
  0x000001d63b2b6c60 GCTaskThread "GC Thread#3" [stack: 0x0000008e2aa00000,0x0000008e2ab00000] [id=20732]
  0x000001d67cd77a80 ConcurrentGCThread "G1 Main Marker" [stack: 0x0000008e29700000,0x0000008e29800000] [id=14968]
  0x000001d67cd794b0 ConcurrentGCThread "G1 Conc#0" [stack: 0x0000008e29800000,0x0000008e29900000] [id=15028]
  0x000001d67f1dbdd0 ConcurrentGCThread "G1 Refine#0" [stack: 0x0000008e29900000,0x0000008e29a00000] [id=21468]
  0x000001d67f1dc5c0 ConcurrentGCThread "G1 Service" [stack: 0x0000008e29a00000,0x0000008e29b00000] [id=7700]

Threads with active compile tasks:

VM state: at safepoint (normal execution)

VM Mutex/Monitor currently owned by a thread:  ([mutex/lock_event])
[0x000001d67cd1b400] Threads_lock - owner thread: 0x000001d67f31bb30
[0x000001d67cd1c720] Heap_lock - owner thread: 0x000001d63b502ad0

Heap address: 0x00000000a1800000, size: 1512 MB, Compressed Oops mode: 32-bit

CDS archive(s) mapped at: [0x000001d61c000000-0x000001d61cbb0000-0x000001d61cbb0000), size 12255232, SharedBaseAddress: 0x000001d61c000000, ArchiveRelocationMode: 1.
Compressed class space mapped at: 0x000001d61d000000-0x000001d637000000, reserved size: 436207616
Narrow klass base: 0x000001d61c000000, Narrow klass shift: 0, Narrow klass range: 0x100000000

GC Precious Log:
 CPUs: 4 total, 4 available
 Memory: 3971M
 Large Page Support: Disabled
 NUMA Support: Disabled
 Compressed Oops: Enabled (32-bit)
 Heap Region Size: 1M
 Heap Min Capacity: 8M
 Heap Initial Capacity: 64M
 Heap Max Capacity: 1512M
 Pre-touch: Disabled
 Parallel Workers: 4
 Concurrent Workers: 1
 Concurrent Refinement Workers: 4
 Periodic GC: Disabled

Heap:
 garbage-first heap   total 140288K, used 80518K [0x00000000a1800000, 0x0000000100000000)
  region size 1024K, 2 young (2048K), 2 survivors (2048K)
 Metaspace       used 77211K, committed 78336K, reserved 557056K
  class space    used 10951K, committed 11520K, reserved 425984K

Heap Regions: E=young(eden), S=young(survivor), O=old, HS=humongous(starts), HC=humongous(continues), CS=collection set, F=free, OA=open archive, CA=closed archive, TAMS=top-at-mark-start (previous, next)
|   0|0x00000000a1800000, 0x00000000a1900000, 0x00000000a1900000|100%|HS|  |TAMS 0x00000000a1900000, 0x00000000a1900000| Complete 
|   1|0x00000000a1900000, 0x00000000a1a00000, 0x00000000a1a00000|100%|HC|  |TAMS 0x00000000a1a00000, 0x00000000a1a00000| Complete 
|   2|0x00000000a1a00000, 0x00000000a1b00000, 0x00000000a1b00000|100%|HC|  |TAMS 0x00000000a1b00000, 0x00000000a1b00000| Complete 
|   3|0x00000000a1b00000, 0x00000000a1c00000, 0x00000000a1c00000|100%|HC|  |TAMS 0x00000000a1c00000, 0x00000000a1c00000| Complete 
|   4|0x00000000a1c00000, 0x00000000a1d00000, 0x00000000a1d00000|100%| O|  |TAMS 0x00000000a1d00000, 0x00000000a1d00000| Untracked 
|   5|0x00000000a1d00000, 0x00000000a1e00000, 0x00000000a1e00000|100%| O|  |TAMS 0x00000000a1e00000, 0x00000000a1e00000| Untracked 
|   6|0x00000000a1e00000, 0x00000000a1f00000, 0x00000000a1f00000|100%| O|  |TAMS 0x00000000a1f00000, 0x00000000a1f00000| Untracked 
|   7|0x00000000a1f00000, 0x00000000a2000000, 0x00000000a2000000|100%| O|  |TAMS 0x00000000a2000000, 0x00000000a2000000| Untracked 
|   8|0x00000000a2000000, 0x00000000a2100000, 0x00000000a2100000|100%|HS|  |TAMS 0x00000000a2100000, 0x00000000a2100000| Complete 
|   9|0x00000000a2100000, 0x00000000a2200000, 0x00000000a2200000|100%| O|  |TAMS 0x00000000a2200000, 0x00000000a2200000| Untracked 
|  10|0x00000000a2200000, 0x00000000a2300000, 0x00000000a2300000|100%| O|  |TAMS 0x00000000a2300000, 0x00000000a2300000| Untracked 
|  11|0x00000000a2300000, 0x00000000a2400000, 0x00000000a2400000|100%| O|  |TAMS 0x00000000a2400000, 0x00000000a2400000| Untracked 
|  12|0x00000000a2400000, 0x00000000a2500000, 0x00000000a2500000|100%| O|  |TAMS 0x00000000a2500000, 0x00000000a2500000| Untracked 
|  13|0x00000000a2500000, 0x00000000a2600000, 0x00000000a2600000|100%| O|  |TAMS 0x00000000a2600000, 0x00000000a2600000| Untracked 
|  14|0x00000000a2600000, 0x00000000a2700000, 0x00000000a2700000|100%| O|  |TAMS 0x00000000a2700000, 0x00000000a2700000| Untracked 
|  15|0x00000000a2700000, 0x00000000a2800000, 0x00000000a2800000|100%| O|  |TAMS 0x00000000a2800000, 0x00000000a2800000| Untracked 
|  16|0x00000000a2800000, 0x00000000a2900000, 0x00000000a2900000|100%| O|  |TAMS 0x00000000a2900000, 0x00000000a2900000| Untracked 
|  17|0x00000000a2900000, 0x00000000a2a00000, 0x00000000a2a00000|100%| O|  |TAMS 0x00000000a2a00000, 0x00000000a2a00000| Untracked 
|  18|0x00000000a2a00000, 0x00000000a2b00000, 0x00000000a2b00000|100%| O|  |TAMS 0x00000000a2b00000, 0x00000000a2b00000| Untracked 
|  19|0x00000000a2b00000, 0x00000000a2c00000, 0x00000000a2c00000|100%| O|  |TAMS 0x00000000a2c00000, 0x00000000a2c00000| Untracked 
|  20|0x00000000a2c00000, 0x00000000a2d00000, 0x00000000a2d00000|100%| O|  |TAMS 0x00000000a2d00000, 0x00000000a2d00000| Untracked 
|  21|0x00000000a2d00000, 0x00000000a2e00000, 0x00000000a2e00000|100%| O|  |TAMS 0x00000000a2e00000, 0x00000000a2e00000| Untracked 
|  22|0x00000000a2e00000, 0x00000000a2f00000, 0x00000000a2f00000|100%| O|  |TAMS 0x00000000a2f00000, 0x00000000a2f00000| Untracked 
|  23|0x00000000a2f00000, 0x00000000a3000000, 0x00000000a3000000|100%| O|  |TAMS 0x00000000a3000000, 0x00000000a3000000| Untracked 
|  24|0x00000000a3000000, 0x00000000a3100000, 0x00000000a3100000|100%| O|  |TAMS 0x00000000a3100000, 0x00000000a3100000| Untracked 
|  25|0x00000000a3100000, 0x00000000a3200000, 0x00000000a3200000|100%| O|  |TAMS 0x00000000a3200000, 0x00000000a3200000| Untracked 
|  26|0x00000000a3200000, 0x00000000a3300000, 0x00000000a3300000|100%| O|  |TAMS 0x00000000a3300000, 0x00000000a3300000| Untracked 
|  27|0x00000000a3300000, 0x00000000a3400000, 0x00000000a3400000|100%| O|  |TAMS 0x00000000a3400000, 0x00000000a3400000| Untracked 
|  28|0x00000000a3400000, 0x00000000a3500000, 0x00000000a3500000|100%| O|  |TAMS 0x00000000a3500000, 0x00000000a3500000| Untracked 
|  29|0x00000000a3500000, 0x00000000a3600000, 0x00000000a3600000|100%| O|  |TAMS 0x00000000a3600000, 0x00000000a3600000| Untracked 
|  30|0x00000000a3600000, 0x00000000a3700000, 0x00000000a3700000|100%| O|  |TAMS 0x00000000a3700000, 0x00000000a3700000| Untracked 
|  31|0x00000000a3700000, 0x00000000a3800000, 0x00000000a3800000|100%| O|  |TAMS 0x00000000a3800000, 0x00000000a3800000| Untracked 
|  32|0x00000000a3800000, 0x00000000a3900000, 0x00000000a3900000|100%| O|  |TAMS 0x00000000a3900000, 0x00000000a3900000| Untracked 
|  33|0x00000000a3900000, 0x00000000a3a00000, 0x00000000a3a00000|100%| O|  |TAMS 0x00000000a3a00000, 0x00000000a3a00000| Untracked 
|  34|0x00000000a3a00000, 0x00000000a3a00000, 0x00000000a3b00000|  0%| F|  |TAMS 0x00000000a3a00000, 0x00000000a3a00000| Untracked 
|  35|0x00000000a3b00000, 0x00000000a3c00000, 0x00000000a3c00000|100%| O|  |TAMS 0x00000000a3b00000, 0x00000000a3c00000| Untracked 
|  36|0x00000000a3c00000, 0x00000000a3c00000, 0x00000000a3d00000|  0%| F|  |TAMS 0x00000000a3c00000, 0x00000000a3c00000| Untracked 
|  37|0x00000000a3d00000, 0x00000000a3e00000, 0x00000000a3e00000|100%| O|  |TAMS 0x00000000a3e00000, 0x00000000a3e00000| Untracked 
|  38|0x00000000a3e00000, 0x00000000a3f00000, 0x00000000a3f00000|100%| O|  |TAMS 0x00000000a3f00000, 0x00000000a3f00000| Untracked 
|  39|0x00000000a3f00000, 0x00000000a4000000, 0x00000000a4000000|100%| O|  |TAMS 0x00000000a4000000, 0x00000000a4000000| Untracked 
|  40|0x00000000a4000000, 0x00000000a4100000, 0x00000000a4100000|100%| O|  |TAMS 0x00000000a4100000, 0x00000000a4100000| Untracked 
|  41|0x00000000a4100000, 0x00000000a4200000, 0x00000000a4200000|100%| O|  |TAMS 0x00000000a4200000, 0x00000000a4200000| Untracked 
|  42|0x00000000a4200000, 0x00000000a4300000, 0x00000000a4300000|100%| O|  |TAMS 0x00000000a4200000, 0x00000000a4300000| Untracked 
|  43|0x00000000a4300000, 0x00000000a4400000, 0x00000000a4400000|100%| O|  |TAMS 0x00000000a4400000, 0x00000000a4400000| Untracked 
|  44|0x00000000a4400000, 0x00000000a4500000, 0x00000000a4500000|100%|HS|  |TAMS 0x00000000a4500000, 0x00000000a4500000| Complete 
|  45|0x00000000a4500000, 0x00000000a4600000, 0x00000000a4600000|100%|HC|  |TAMS 0x00000000a4600000, 0x00000000a4600000| Complete 
|  46|0x00000000a4600000, 0x00000000a4700000, 0x00000000a4700000|100%|HS|  |TAMS 0x00000000a4700000, 0x00000000a4700000| Complete 
|  47|0x00000000a4700000, 0x00000000a4800000, 0x00000000a4800000|100%|HC|  |TAMS 0x00000000a4800000, 0x00000000a4800000| Complete 
|  48|0x00000000a4800000, 0x00000000a4900000, 0x00000000a4900000|100%| O|  |TAMS 0x00000000a4900000, 0x00000000a4900000| Untracked 
|  49|0x00000000a4900000, 0x00000000a4a00000, 0x00000000a4a00000|100%| O|  |TAMS 0x00000000a4a00000, 0x00000000a4a00000| Untracked 
|  50|0x00000000a4a00000, 0x00000000a4b00000, 0x00000000a4b00000|100%| O|  |TAMS 0x00000000a4b00000, 0x00000000a4b00000| Untracked 
|  51|0x00000000a4b00000, 0x00000000a4c00000, 0x00000000a4c00000|100%| O|  |TAMS 0x00000000a4c00000, 0x00000000a4c00000| Untracked 
|  52|0x00000000a4c00000, 0x00000000a4d00000, 0x00000000a4d00000|100%| O|  |TAMS 0x00000000a4d00000, 0x00000000a4d00000| Untracked 
|  53|0x00000000a4d00000, 0x00000000a4e00000, 0x00000000a4e00000|100%| O|  |TAMS 0x00000000a4e00000, 0x00000000a4e00000| Untracked 
|  54|0x00000000a4e00000, 0x00000000a4f00000, 0x00000000a4f00000|100%| O|  |TAMS 0x00000000a4f00000, 0x00000000a4f00000| Untracked 
|  55|0x00000000a4f00000, 0x00000000a5000000, 0x00000000a5000000|100%| O|  |TAMS 0x00000000a5000000, 0x00000000a5000000| Untracked 
|  56|0x00000000a5000000, 0x00000000a5100000, 0x00000000a5100000|100%| O|  |TAMS 0x00000000a5100000, 0x00000000a5100000| Untracked 
|  57|0x00000000a5100000, 0x00000000a5200000, 0x00000000a5200000|100%| O|  |TAMS 0x00000000a5200000, 0x00000000a5200000| Untracked 
|  58|0x00000000a5200000, 0x00000000a5300000, 0x00000000a5300000|100%| O|  |TAMS 0x00000000a5300000, 0x00000000a5300000| Untracked 
|  59|0x00000000a5300000, 0x00000000a5400000, 0x00000000a5400000|100%| O|  |TAMS 0x00000000a5400000, 0x00000000a5400000| Untracked 
|  60|0x00000000a5400000, 0x00000000a5500000, 0x00000000a5500000|100%| O|  |TAMS 0x00000000a5500000, 0x00000000a5500000| Untracked 
|  61|0x00000000a5500000, 0x00000000a5600000, 0x00000000a5600000|100%| O|  |TAMS 0x00000000a5600000, 0x00000000a5600000| Untracked 
|  62|0x00000000a5600000, 0x00000000a5700000, 0x00000000a5700000|100%| O|  |TAMS 0x00000000a5700000, 0x00000000a5700000| Untracked 
|  63|0x00000000a5700000, 0x00000000a5800000, 0x00000000a5800000|100%| O|  |TAMS 0x00000000a5800000, 0x00000000a5800000| Untracked 
|  64|0x00000000a5800000, 0x00000000a5900000, 0x00000000a5900000|100%| O|  |TAMS 0x00000000a5900000, 0x00000000a5900000| Untracked 
|  65|0x00000000a5900000, 0x00000000a5a00000, 0x00000000a5a00000|100%| O|  |TAMS 0x00000000a5a00000, 0x00000000a5a00000| Untracked 
|  66|0x00000000a5a00000, 0x00000000a5b00000, 0x00000000a5b00000|100%| O|  |TAMS 0x00000000a5b00000, 0x00000000a5b00000| Untracked 
|  67|0x00000000a5b00000, 0x00000000a5c00000, 0x00000000a5c00000|100%| O|  |TAMS 0x00000000a5c00000, 0x00000000a5c00000| Untracked 
|  68|0x00000000a5c00000, 0x00000000a5d00000, 0x00000000a5d00000|100%| O|  |TAMS 0x00000000a5d00000, 0x00000000a5d00000| Untracked 
|  69|0x00000000a5d00000, 0x00000000a5e00000, 0x00000000a5e00000|100%| O|  |TAMS 0x00000000a5e00000, 0x00000000a5e00000| Untracked 
|  70|0x00000000a5e00000, 0x00000000a5f00000, 0x00000000a5f00000|100%| O|  |TAMS 0x00000000a5f00000, 0x00000000a5f00000| Untracked 
|  71|0x00000000a5f00000, 0x00000000a6000000, 0x00000000a6000000|100%| O|  |TAMS 0x00000000a6000000, 0x00000000a6000000| Untracked 
|  72|0x00000000a6000000, 0x00000000a6100000, 0x00000000a6100000|100%| O|  |TAMS 0x00000000a6100000, 0x00000000a6100000| Untracked 
|  73|0x00000000a6100000, 0x00000000a6200000, 0x00000000a6200000|100%| O|  |TAMS 0x00000000a6200000, 0x00000000a6200000| Untracked 
|  74|0x00000000a6200000, 0x00000000a6300000, 0x00000000a6300000|100%| O|  |TAMS 0x00000000a6300000, 0x00000000a6300000| Untracked 
|  75|0x00000000a6300000, 0x00000000a6400000, 0x00000000a6400000|100%| O|  |TAMS 0x00000000a6400000, 0x00000000a6400000| Untracked 
|  76|0x00000000a6400000, 0x00000000a6500000, 0x00000000a6500000|100%| O|  |TAMS 0x00000000a646f400, 0x00000000a6500000| Untracked 
|  77|0x00000000a6500000, 0x00000000a6600000, 0x00000000a6600000|100%| O|  |TAMS 0x00000000a6500000, 0x00000000a6600000| Untracked 
|  78|0x00000000a6600000, 0x00000000a6700000, 0x00000000a6700000|100%| O|  |TAMS 0x00000000a6600000, 0x00000000a6700000| Untracked 
|  79|0x00000000a6700000, 0x00000000a6718e00, 0x00000000a6800000|  9%| O|  |TAMS 0x00000000a6700000, 0x00000000a6718e00| Untracked 
|  80|0x00000000a6800000, 0x00000000a6800000, 0x00000000a6900000|  0%| F|  |TAMS 0x00000000a6800000, 0x00000000a6800000| Untracked 
|  81|0x00000000a6900000, 0x00000000a6900000, 0x00000000a6a00000|  0%| F|  |TAMS 0x00000000a6900000, 0x00000000a6900000| Untracked 
|  82|0x00000000a6a00000, 0x00000000a6a00000, 0x00000000a6b00000|  0%| F|  |TAMS 0x00000000a6a00000, 0x00000000a6a00000| Untracked 
|  83|0x00000000a6b00000, 0x00000000a6b00000, 0x00000000a6c00000|  0%| F|  |TAMS 0x00000000a6b00000, 0x00000000a6b00000| Untracked 
|  84|0x00000000a6c00000, 0x00000000a6c00000, 0x00000000a6d00000|  0%| F|  |TAMS 0x00000000a6c00000, 0x00000000a6c00000| Untracked 
|  85|0x00000000a6d00000, 0x00000000a6d00000, 0x00000000a6e00000|  0%| F|  |TAMS 0x00000000a6d00000, 0x00000000a6d00000| Untracked 
|  86|0x00000000a6e00000, 0x00000000a6e00000, 0x00000000a6f00000|  0%| F|  |TAMS 0x00000000a6e00000, 0x00000000a6e00000| Untracked 
|  87|0x00000000a6f00000, 0x00000000a6f00000, 0x00000000a7000000|  0%| F|  |TAMS 0x00000000a6f00000, 0x00000000a6f00000| Untracked 
|  88|0x00000000a7000000, 0x00000000a7000000, 0x00000000a7100000|  0%| F|  |TAMS 0x00000000a7000000, 0x00000000a7000000| Untracked 
|  89|0x00000000a7100000, 0x00000000a7100000, 0x00000000a7200000|  0%| F|  |TAMS 0x00000000a7100000, 0x00000000a7100000| Untracked 
|  90|0x00000000a7200000, 0x00000000a7200000, 0x00000000a7300000|  0%| F|  |TAMS 0x00000000a7200000, 0x00000000a7200000| Untracked 
|  91|0x00000000a7300000, 0x00000000a7300000, 0x00000000a7400000|  0%| F|  |TAMS 0x00000000a7300000, 0x00000000a7300000| Untracked 
|  92|0x00000000a7400000, 0x00000000a7400000, 0x00000000a7500000|  0%| F|  |TAMS 0x00000000a7400000, 0x00000000a7400000| Untracked 
|  93|0x00000000a7500000, 0x00000000a7500000, 0x00000000a7600000|  0%| F|  |TAMS 0x00000000a7500000, 0x00000000a7500000| Untracked 
|  94|0x00000000a7600000, 0x00000000a7600000, 0x00000000a7700000|  0%| F|  |TAMS 0x00000000a7600000, 0x00000000a7600000| Untracked 
|  95|0x00000000a7700000, 0x00000000a7700000, 0x00000000a7800000|  0%| F|  |TAMS 0x00000000a7700000, 0x00000000a7700000| Untracked 
|  96|0x00000000a7800000, 0x00000000a7800000, 0x00000000a7900000|  0%| F|  |TAMS 0x00000000a7800000, 0x00000000a7800000| Untracked 
|  97|0x00000000a7900000, 0x00000000a7900000, 0x00000000a7a00000|  0%| F|  |TAMS 0x00000000a7900000, 0x00000000a7900000| Untracked 
|  98|0x00000000a7a00000, 0x00000000a7a00000, 0x00000000a7b00000|  0%| F|  |TAMS 0x00000000a7a00000, 0x00000000a7a00000| Untracked 
|  99|0x00000000a7b00000, 0x00000000a7b88c70, 0x00000000a7c00000| 53%| S|CS|TAMS 0x00000000a7b00000, 0x00000000a7b00000| Complete 
| 100|0x00000000a7c00000, 0x00000000a7d00000, 0x00000000a7d00000|100%| S|CS|TAMS 0x00000000a7c00000, 0x00000000a7c00000| Complete 
| 101|0x00000000a7d00000, 0x00000000a7d00000, 0x00000000a7e00000|  0%| F|  |TAMS 0x00000000a7d00000, 0x00000000a7d00000| Untracked 
| 102|0x00000000a7e00000, 0x00000000a7e00000, 0x00000000a7f00000|  0%| F|  |TAMS 0x00000000a7e00000, 0x00000000a7e00000| Untracked 
| 103|0x00000000a7f00000, 0x00000000a7f00000, 0x00000000a8000000|  0%| F|  |TAMS 0x00000000a7f00000, 0x00000000a7f00000| Untracked 
| 104|0x00000000a8000000, 0x00000000a8000000, 0x00000000a8100000|  0%| F|  |TAMS 0x00000000a8000000, 0x00000000a8000000| Untracked 
| 105|0x00000000a8100000, 0x00000000a8100000, 0x00000000a8200000|  0%| F|  |TAMS 0x00000000a8100000, 0x00000000a8100000| Untracked 
| 106|0x00000000a8200000, 0x00000000a8200000, 0x00000000a8300000|  0%| F|  |TAMS 0x00000000a8200000, 0x00000000a8200000| Untracked 
| 107|0x00000000a8300000, 0x00000000a8300000, 0x00000000a8400000|  0%| F|  |TAMS 0x00000000a8300000, 0x00000000a8300000| Untracked 
| 108|0x00000000a8400000, 0x00000000a8400000, 0x00000000a8500000|  0%| F|  |TAMS 0x00000000a8400000, 0x00000000a8400000| Untracked 
| 109|0x00000000a8500000, 0x00000000a8500000, 0x00000000a8600000|  0%| F|  |TAMS 0x00000000a8500000, 0x00000000a8500000| Untracked 
| 110|0x00000000a8600000, 0x00000000a8600000, 0x00000000a8700000|  0%| F|  |TAMS 0x00000000a8600000, 0x00000000a8600000| Untracked 
| 111|0x00000000a8700000, 0x00000000a8700000, 0x00000000a8800000|  0%| F|  |TAMS 0x00000000a8700000, 0x00000000a8700000| Untracked 
| 112|0x00000000a8800000, 0x00000000a8800000, 0x00000000a8900000|  0%| F|  |TAMS 0x00000000a8800000, 0x00000000a8800000| Untracked 
| 113|0x00000000a8900000, 0x00000000a8900000, 0x00000000a8a00000|  0%| F|  |TAMS 0x00000000a8900000, 0x00000000a8900000| Untracked 
| 114|0x00000000a8a00000, 0x00000000a8a00000, 0x00000000a8b00000|  0%| F|  |TAMS 0x00000000a8a00000, 0x00000000a8a00000| Untracked 
| 115|0x00000000a8b00000, 0x00000000a8b00000, 0x00000000a8c00000|  0%| F|  |TAMS 0x00000000a8b00000, 0x00000000a8b00000| Untracked 
| 116|0x00000000a8c00000, 0x00000000a8c00000, 0x00000000a8d00000|  0%| F|  |TAMS 0x00000000a8c00000, 0x00000000a8c00000| Untracked 
| 117|0x00000000a8d00000, 0x00000000a8d00000, 0x00000000a8e00000|  0%| F|  |TAMS 0x00000000a8d00000, 0x00000000a8d00000| Untracked 
| 118|0x00000000a8e00000, 0x00000000a8e00000, 0x00000000a8f00000|  0%| F|  |TAMS 0x00000000a8e00000, 0x00000000a8e00000| Untracked 
| 119|0x00000000a8f00000, 0x00000000a8f00000, 0x00000000a9000000|  0%| F|  |TAMS 0x00000000a8f00000, 0x00000000a8f00000| Untracked 
| 120|0x00000000a9000000, 0x00000000a9000000, 0x00000000a9100000|  0%| F|  |TAMS 0x00000000a9000000, 0x00000000a9000000| Untracked 
| 121|0x00000000a9100000, 0x00000000a9100000, 0x00000000a9200000|  0%| F|  |TAMS 0x00000000a9100000, 0x00000000a9100000| Untracked 
| 122|0x00000000a9200000, 0x00000000a9200000, 0x00000000a9300000|  0%| F|  |TAMS 0x00000000a9200000, 0x00000000a9200000| Untracked 
| 123|0x00000000a9300000, 0x00000000a9300000, 0x00000000a9400000|  0%| F|  |TAMS 0x00000000a9300000, 0x00000000a9300000| Untracked 
| 124|0x00000000a9400000, 0x00000000a9400000, 0x00000000a9500000|  0%| F|  |TAMS 0x00000000a9400000, 0x00000000a9400000| Untracked 
| 125|0x00000000a9500000, 0x00000000a9500000, 0x00000000a9600000|  0%| F|  |TAMS 0x00000000a9500000, 0x00000000a9500000| Untracked 
| 126|0x00000000a9600000, 0x00000000a9600000, 0x00000000a9700000|  0%| F|  |TAMS 0x00000000a9600000, 0x00000000a9600000| Untracked 
| 127|0x00000000a9700000, 0x00000000a9700000, 0x00000000a9800000|  0%| F|  |TAMS 0x00000000a9700000, 0x00000000a9700000| Untracked 
| 128|0x00000000a9800000, 0x00000000a9800000, 0x00000000a9900000|  0%| F|  |TAMS 0x00000000a9800000, 0x00000000a9800000| Untracked 
| 129|0x00000000a9900000, 0x00000000a9900000, 0x00000000a9a00000|  0%| F|  |TAMS 0x00000000a9900000, 0x00000000a9900000| Untracked 
| 130|0x00000000a9a00000, 0x00000000a9a00000, 0x00000000a9b00000|  0%| F|  |TAMS 0x00000000a9a00000, 0x00000000a9a00000| Untracked 
| 131|0x00000000a9b00000, 0x00000000a9b00000, 0x00000000a9c00000|  0%| F|  |TAMS 0x00000000a9b00000, 0x00000000a9b00000| Untracked 
| 132|0x00000000a9c00000, 0x00000000a9c00000, 0x00000000a9d00000|  0%| F|  |TAMS 0x00000000a9c00000, 0x00000000a9c00000| Untracked 
| 133|0x00000000a9d00000, 0x00000000a9d00000, 0x00000000a9e00000|  0%| F|  |TAMS 0x00000000a9d00000, 0x00000000a9d00000| Untracked 
| 134|0x00000000a9e00000, 0x00000000a9e00000, 0x00000000a9f00000|  0%| F|  |TAMS 0x00000000a9e00000, 0x00000000a9e00000| Untracked 
| 135|0x00000000a9f00000, 0x00000000a9f00000, 0x00000000aa000000|  0%| F|  |TAMS 0x00000000a9f00000, 0x00000000a9f00000| Untracked 
| 136|0x00000000aa000000, 0x00000000aa000000, 0x00000000aa100000|  0%| F|  |TAMS 0x00000000aa000000, 0x00000000aa000000| Untracked 

Card table byte_map: [0x000001d67d0d0000,0x000001d67d3d0000] _byte_map_base: 0x000001d67cbc4000

Marking Bits (Prev, Next): (CMBitMap*) 0x000001d67cd6b490, (CMBitMap*) 0x000001d67cd6b450
 Prev Bits: [0x000001d617ac0000, 0x000001d619260000)
 Next Bits: [0x000001d67d6d0000, 0x000001d67ee70000)

Polling page: 0x000001d67ada0000

Metaspace:

Usage:
  Non-class:     64.71 MB used.
      Class:     10.70 MB used.
       Both:     75.40 MB used.

Virtual space:
  Non-class space:      128.00 MB reserved,      65.25 MB ( 51%) committed,  2 nodes.
      Class space:      416.00 MB reserved,      11.25 MB (  3%) committed,  1 nodes.
             Both:      544.00 MB reserved,      76.50 MB ( 14%) committed. 

Chunk freelists:
   Non-Class:  14.75 MB
       Class:  4.60 MB
        Both:  19.35 MB

MaxMetaspaceSize: 512.00 MB
CompressedClassSpaceSize: 416.00 MB
Initial GC threshold: 21.00 MB
Current GC threshold: 127.44 MB
CDS: on
MetaspaceReclaimPolicy: balanced
 - commit_granule_bytes: 65536.
 - commit_granule_words: 8192.
 - virtual_space_node_default_size: 8388608.
 - enlarge_chunks_in_place: 1.
 - new_chunks_are_fully_committed: 0.
 - uncommit_free_chunks: 1.
 - use_allocation_guard: 0.
 - handle_deallocations: 1.


Internal statistics:

num_allocs_failed_limit: 6.
num_arena_births: 1694.
num_arena_deaths: 0.
num_vsnodes_births: 3.
num_vsnodes_deaths: 0.
num_space_committed: 1224.
num_space_uncommitted: 0.
num_chunks_returned_to_freelist: 6.
num_chunks_taken_from_freelist: 5264.
num_chunk_merges: 3.
num_chunk_splits: 3276.
num_chunks_enlarged: 1939.
num_inconsistent_stats: 0.

CodeHeap 'non-profiled nmethods': size=128192Kb used=6722Kb max_used=6725Kb free=121469Kb
 bounds [0x000001d60fd90000, 0x000001d610430000, 0x000001d617ac0000]
CodeHeap 'profiled nmethods': size=128192Kb used=20603Kb max_used=20617Kb free=107589Kb
 bounds [0x000001d607ac0000, 0x000001d608ef0000, 0x000001d60f7f0000]
CodeHeap 'non-nmethods': size=5760Kb used=1726Kb max_used=1801Kb free=4033Kb
 bounds [0x000001d60f7f0000, 0x000001d60fa60000, 0x000001d60fd90000]
 total_blobs=11457 nmethods=10634 adapters=735
 compilation: enabled
              stopped_count=0, restarted_count=0
 full_count=0

Compilation events (20 events):
Event: 434.690 Thread 0x000001d67f353650 nmethod 12273 0x000001d608ee1610 code [0x000001d608ee17c0, 0x000001d608ee19d8]
Event: 434.695 Thread 0x000001d67f353650 12274       3       org.gradle.internal.fingerprint.impl.IgnoredPathFileSystemLocationFingerprint::appendToHasher (11 bytes)
Event: 434.697 Thread 0x000001d67f353650 nmethod 12274 0x000001d608ee1a90 code [0x000001d608ee1ca0, 0x000001d608ee2258]
Event: 434.698 Thread 0x000001d67f353650 12275       3       com.google.common.collect.AbstractMapEntry::hashCode (36 bytes)
Event: 434.699 Thread 0x000001d67f33e850 nmethod 12269 0x000001d61041ee90 code [0x000001d61041f020, 0x000001d61041f268]
Event: 434.699 Thread 0x000001d67f353650 nmethod 12275 0x000001d608ee2510 code [0x000001d608ee2700, 0x000001d608ee2bd8]
Event: 434.699 Thread 0x000001d67f33e850 12270   !   4       org.gradle.cache.internal.DefaultCacheCoordinator::getFileLock (98 bytes)
Event: 434.732 Thread 0x000001d67f33e850 nmethod 12270 0x000001d61041f490 code [0x000001d61041f660, 0x000001d61041fd38]
Event: 434.732 Thread 0x000001d67f33e850 12276       4       java.net.URI::quote (214 bytes)
Event: 434.761 Thread 0x000001d67f353650 12277       1       com.google.common.cache.LocalCache$WeakEntry::getNext (5 bytes)
Event: 434.761 Thread 0x000001d67f353650 nmethod 12277 0x000001d610420190 code [0x000001d610420320, 0x000001d6104203f8]
Event: 434.769 Thread 0x000001d67f33e850 nmethod 12276 0x000001d610420490 code [0x000001d610420680, 0x000001d6104210d0]
Event: 434.769 Thread 0x000001d67f33e850 12271       4       java.math.BigInteger::<init> (126 bytes)
Event: 434.828 Thread 0x000001d67f33e850 nmethod 12271 0x000001d610283790 code [0x000001d610283940, 0x000001d6102844a8]
Event: 434.866 Thread 0x000001d67f353650 12278       1       org.gradle.api.internal.initialization.StandaloneDomainObjectContext::isScript (2 bytes)
Event: 434.866 Thread 0x000001d67f353650 nmethod 12278 0x000001d610283490 code [0x000001d610283620, 0x000001d6102836f8]
Event: 434.880 Thread 0x000001d67f353650 12279       1       org.gradle.groovy.scripts.TextResourceScriptSource::getResource (5 bytes)
Event: 434.880 Thread 0x000001d67f353650 nmethod 12279 0x000001d610283190 code [0x000001d610283320, 0x000001d6102833f8]
Event: 434.942 Thread 0x000001d67f33e850 12280       4       org.gradle.internal.classpath.DefaultClassPath::isEmpty (8 bytes)
Event: 434.951 Thread 0x000001d67f33e850 nmethod 12280 0x000001d610282e90 code [0x000001d610283020, 0x000001d6102830b8]

GC Heap History (20 events):
Event: 226.850 GC heap after
{Heap after GC invocations=55 (full 0):
 garbage-first heap   total 122880K, used 67298K [0x00000000a1800000, 0x0000000100000000)
  region size 1024K, 1 young (1024K), 1 survivors (1024K)
 Metaspace       used 70025K, committed 71040K, reserved 491520K
  class space    used 10000K, committed 10496K, reserved 425984K
}
Event: 235.220 GC heap before
{Heap before GC invocations=55 (full 0):
 garbage-first heap   total 122880K, used 101090K [0x00000000a1800000, 0x0000000100000000)
  region size 1024K, 35 young (35840K), 1 survivors (1024K)
 Metaspace       used 71935K, committed 73024K, reserved 491520K
  class space    used 10337K, committed 10880K, reserved 425984K
}
Event: 235.274 GC heap after
{Heap after GC invocations=56 (full 0):
 garbage-first heap   total 122880K, used 71284K [0x00000000a1800000, 0x0000000100000000)
  region size 1024K, 5 young (5120K), 5 survivors (5120K)
 Metaspace       used 71935K, committed 73024K, reserved 491520K
  class space    used 10337K, committed 10880K, reserved 425984K
}
Event: 237.558 GC heap before
{Heap before GC invocations=57 (full 0):
 garbage-first heap   total 132096K, used 87668K [0x00000000a1800000, 0x0000000100000000)
  region size 1024K, 22 young (22528K), 5 survivors (5120K)
 Metaspace       used 73522K, committed 74624K, reserved 491520K
  class space    used 10537K, committed 11072K, reserved 425984K
}
Event: 237.614 GC heap after
{Heap after GC invocations=58 (full 0):
 garbage-first heap   total 132096K, used 72000K [0x00000000a1800000, 0x0000000100000000)
  region size 1024K, 2 young (2048K), 2 survivors (2048K)
 Metaspace       used 73522K, committed 74624K, reserved 491520K
  class space    used 10537K, committed 11072K, reserved 425984K
}
Event: 237.923 GC heap before
{Heap before GC invocations=58 (full 0):
 garbage-first heap   total 132096K, used 76096K [0x00000000a1800000, 0x0000000100000000)
  region size 1024K, 6 young (6144K), 2 survivors (2048K)
 Metaspace       used 73857K, committed 74944K, reserved 491520K
  class space    used 10556K, committed 11072K, reserved 425984K
}
Event: 237.944 GC heap after
{Heap after GC invocations=59 (full 0):
 garbage-first heap   total 132096K, used 71209K [0x00000000a1800000, 0x0000000100000000)
  region size 1024K, 1 young (1024K), 1 survivors (1024K)
 Metaspace       used 73857K, committed 74944K, reserved 491520K
  class space    used 10556K, committed 11072K, reserved 425984K
}
Event: 415.359 GC heap before
{Heap before GC invocations=59 (full 0):
 garbage-first heap   total 132096K, used 108073K [0x00000000a1800000, 0x0000000100000000)
  region size 1024K, 38 young (38912K), 1 survivors (1024K)
 Metaspace       used 76772K, committed 77888K, reserved 557056K
  class space    used 10929K, committed 11456K, reserved 425984K
}
Event: 415.640 GC heap after
{Heap after GC invocations=60 (full 0):
 garbage-first heap   total 132096K, used 74601K [0x00000000a1800000, 0x0000000100000000)
  region size 1024K, 5 young (5120K), 5 survivors (5120K)
 Metaspace       used 76772K, committed 77888K, reserved 557056K
  class space    used 10929K, committed 11456K, reserved 425984K
}
Event: 423.238 GC heap before
{Heap before GC invocations=61 (full 0):
 garbage-first heap   total 140288K, used 99177K [0x00000000a1800000, 0x0000000100000000)
  region size 1024K, 30 young (30720K), 5 survivors (5120K)
 Metaspace       used 77081K, committed 78208K, reserved 557056K
  class space    used 10941K, committed 11456K, reserved 425984K
}
Event: 423.298 GC heap after
{Heap after GC invocations=62 (full 0):
 garbage-first heap   total 140288K, used 77241K [0x00000000a1800000, 0x0000000100000000)
  region size 1024K, 3 young (3072K), 3 survivors (3072K)
 Metaspace       used 77081K, committed 78208K, reserved 557056K
  class space    used 10941K, committed 11456K, reserved 425984K
}
Event: 424.025 GC heap before
{Heap before GC invocations=62 (full 0):
 garbage-first heap   total 140288K, used 79289K [0x00000000a1800000, 0x0000000100000000)
  region size 1024K, 6 young (6144K), 3 survivors (3072K)
 Metaspace       used 77087K, committed 78208K, reserved 557056K
  class space    used 10941K, committed 11456K, reserved 425984K
}
Event: 424.068 GC heap after
{Heap after GC invocations=63 (full 0):
 garbage-first heap   total 140288K, used 76813K [0x00000000a1800000, 0x0000000100000000)
  region size 1024K, 1 young (1024K), 1 survivors (1024K)
 Metaspace       used 77087K, committed 78208K, reserved 557056K
  class space    used 10941K, committed 11456K, reserved 425984K
}
Event: 428.641 GC heap before
{Heap before GC invocations=63 (full 0):
 garbage-first heap   total 140288K, used 111629K [0x00000000a1800000, 0x0000000100000000)
  region size 1024K, 36 young (36864K), 1 survivors (1024K)
 Metaspace       used 77150K, committed 78272K, reserved 557056K
  class space    used 10942K, committed 11456K, reserved 425984K
}
Event: 428.653 GC heap after
{Heap after GC invocations=64 (full 0):
 garbage-first heap   total 140288K, used 78142K [0x00000000a1800000, 0x0000000100000000)
  region size 1024K, 2 young (2048K), 2 survivors (2048K)
 Metaspace       used 77150K, committed 78272K, reserved 557056K
  class space    used 10942K, committed 11456K, reserved 425984K
}
Event: 432.872 GC heap before
{Heap before GC invocations=65 (full 0):
 garbage-first heap   total 140288K, used 113982K [0x00000000a1800000, 0x0000000100000000)
  region size 1024K, 38 young (38912K), 2 survivors (2048K)
 Metaspace       used 77158K, committed 78272K, reserved 557056K
  class space    used 10943K, committed 11456K, reserved 425984K
}
Event: 432.886 GC heap after
{Heap after GC invocations=66 (full 0):
 garbage-first heap   total 140288K, used 79845K [0x00000000a1800000, 0x0000000100000000)
  region size 1024K, 4 young (4096K), 4 survivors (4096K)
 Metaspace       used 77158K, committed 78272K, reserved 557056K
  class space    used 10943K, committed 11456K, reserved 425984K
}
Event: 433.032 GC heap before
{Heap before GC invocations=66 (full 0):
 garbage-first heap   total 140288K, used 80869K [0x00000000a1800000, 0x0000000100000000)
  region size 1024K, 6 young (6144K), 4 survivors (4096K)
 Metaspace       used 77158K, committed 78272K, reserved 557056K
  class space    used 10943K, committed 11456K, reserved 425984K
}
Event: 433.075 GC heap after
{Heap after GC invocations=67 (full 0):
 garbage-first heap   total 140288K, used 79544K [0x00000000a1800000, 0x0000000100000000)
  region size 1024K, 1 young (1024K), 1 survivors (1024K)
 Metaspace       used 77158K, committed 78272K, reserved 557056K
  class space    used 10943K, committed 11456K, reserved 425984K
}
Event: 435.007 GC heap before
{Heap before GC invocations=67 (full 0):
 garbage-first heap   total 140288K, used 114360K [0x00000000a1800000, 0x0000000100000000)
  region size 1024K, 36 young (36864K), 1 survivors (1024K)
 Metaspace       used 77211K, committed 78336K, reserved 557056K
  class space    used 10951K, committed 11520K, reserved 425984K
}

Dll operation events (16 events):
Event: 0.038 Loaded shared library C:\Program Files\Microsoft\jdk-17.0.18.8-hotspot\bin\java.dll
Event: 0.084 Loaded shared library C:\Program Files\Microsoft\jdk-17.0.18.8-hotspot\bin\jsvml.dll
Event: 0.275 Loaded shared library C:\Program Files\Microsoft\jdk-17.0.18.8-hotspot\bin\zip.dll
Event: 0.285 Loaded shared library C:\Program Files\Microsoft\jdk-17.0.18.8-hotspot\bin\instrument.dll
Event: 0.307 Loaded shared library C:\Program Files\Microsoft\jdk-17.0.18.8-hotspot\bin\net.dll
Event: 0.315 Loaded shared library C:\Program Files\Microsoft\jdk-17.0.18.8-hotspot\bin\nio.dll
Event: 0.324 Loaded shared library C:\Program Files\Microsoft\jdk-17.0.18.8-hotspot\bin\zip.dll
Event: 1.383 Loaded shared library C:\Program Files\Microsoft\jdk-17.0.18.8-hotspot\bin\jimage.dll
Event: 2.141 Loaded shared library C:\Program Files\Microsoft\jdk-17.0.18.8-hotspot\bin\verify.dll
Event: 2.254 Loaded shared library C:\Users\triK\.gradle\native\660c5614fbf4a5f2a75b1949f50a0caf5cd603558e7d8a26e50b933a0cfb79d1\windows-amd64\native-platform.dll
Event: 2.300 Loaded shared library C:\Users\triK\.gradle\native\0.2.8\x86_64-windows-gnu\gradle-fileevents.dll
Event: 8.463 Loaded shared library C:\Program Files\Microsoft\jdk-17.0.18.8-hotspot\bin\management.dll
Event: 8.481 Loaded shared library C:\Program Files\Microsoft\jdk-17.0.18.8-hotspot\bin\management_ext.dll
Event: 10.112 Loaded shared library C:\Program Files\Microsoft\jdk-17.0.18.8-hotspot\bin\extnet.dll
Event: 11.097 Loaded shared library C:\Program Files\Microsoft\jdk-17.0.18.8-hotspot\bin\sunmscapi.dll
Event: 240.269 Loaded shared library C:\Program Files\Microsoft\jdk-17.0.18.8-hotspot\bin\rmi.dll

Deoptimization events (20 events):
Event: 432.107 Thread 0x000001d63e5caf40 DEOPT PACKING pc=0x000001d6103f02a8 sp=0x0000008e2e8fd700
Event: 432.107 Thread 0x000001d63e5caf40 DEOPT UNPACKING pc=0x000001d60f8469a3 sp=0x0000008e2e8fd5b8 mode 2
Event: 433.568 Thread 0x000001d63e5ca010 DEOPT PACKING pc=0x000001d608e9c329 sp=0x0000008e2e6fd1d0
Event: 433.568 Thread 0x000001d63e5ca010 DEOPT UNPACKING pc=0x000001d60f847143 sp=0x0000008e2e6fc6e0 mode 0
Event: 433.697 Thread 0x000001d63b502ad0 DEOPT PACKING pc=0x000001d608e9c34a sp=0x0000008e2b1f6c20
Event: 433.697 Thread 0x000001d63b502ad0 DEOPT UNPACKING pc=0x000001d60f847143 sp=0x0000008e2b1f6130 mode 0
Event: 433.883 Thread 0x000001d63b502ad0 Uncommon trap: trap_request=0xffffffd6 fr.pc=0x000001d61040eef0 relative=0x0000000000001d70
Event: 433.883 Thread 0x000001d63b502ad0 Uncommon trap: reason=array_check action=maybe_recompile pc=0x000001d61040eef0 method=java.util.TimSort.reverseRange([Ljava/lang/Object;II)V @ 27 c2
Event: 433.883 Thread 0x000001d63b502ad0 DEOPT PACKING pc=0x000001d61040eef0 sp=0x0000008e2b1f6990
Event: 433.883 Thread 0x000001d63b502ad0 DEOPT UNPACKING pc=0x000001d60f8469a3 sp=0x0000008e2b1f67e0 mode 2
Event: 433.897 Thread 0x000001d63e5caa30 Uncommon trap: trap_request=0xffffffd6 fr.pc=0x000001d61040eef0 relative=0x0000000000001d70
Event: 433.897 Thread 0x000001d63e5caa30 Uncommon trap: reason=array_check action=maybe_recompile pc=0x000001d61040eef0 method=java.util.TimSort.reverseRange([Ljava/lang/Object;II)V @ 27 c2
Event: 433.897 Thread 0x000001d63e5caa30 DEOPT PACKING pc=0x000001d61040eef0 sp=0x0000008e2e7fda50
Event: 433.897 Thread 0x000001d63e5caa30 DEOPT UNPACKING pc=0x000001d60f8469a3 sp=0x0000008e2e7fd8a0 mode 2
Event: 434.613 Thread 0x000001d63b502ad0 DEOPT PACKING pc=0x000001d6086547a4 sp=0x0000008e2b1f92e0
Event: 434.614 Thread 0x000001d63b502ad0 DEOPT UNPACKING pc=0x000001d60f847143 sp=0x0000008e2b1f87d8 mode 0
Event: 434.716 Thread 0x000001d63b502ad0 DEOPT PACKING pc=0x000001d607b88dd3 sp=0x0000008e2b1f8740
Event: 434.716 Thread 0x000001d63b502ad0 DEOPT UNPACKING pc=0x000001d60f847143 sp=0x0000008e2b1f7c78 mode 0
Event: 434.724 Thread 0x000001d63b502ad0 DEOPT PACKING pc=0x000001d607b88dd3 sp=0x0000008e2b1f8740
Event: 434.725 Thread 0x000001d63b502ad0 DEOPT UNPACKING pc=0x000001d60f847143 sp=0x0000008e2b1f7c78 mode 0

Classes loaded (20 events):
Event: 241.310 Loading class java/rmi/server/ServerNotActiveException
Event: 241.311 Loading class java/rmi/server/ServerNotActiveException done
Event: 241.365 Loading class sun/rmi/transport/DGCAckHandler
Event: 241.366 Loading class sun/rmi/transport/DGCAckHandler done
Event: 241.387 Loading class sun/rmi/transport/DGCAckHandler$1
Event: 241.387 Loading class sun/rmi/transport/DGCAckHandler$1 done
Event: 242.623 Loading class sun/rmi/transport/tcp/TCPTransport$ConnectionHandler
Event: 242.624 Loading class sun/rmi/transport/tcp/TCPTransport$ConnectionHandler done
Event: 242.708 Loading class sun/rmi/transport/Transport$1
Event: 242.708 Loading class sun/rmi/transport/Transport$1 done
Event: 242.750 Loading class sun/rmi/transport/DGCImpl$LeaseInfo
Event: 242.750 Loading class sun/rmi/transport/DGCImpl$LeaseInfo done
Event: 242.750 Loading class sun/rmi/transport/DGCImpl$1
Event: 242.750 Loading class sun/rmi/transport/DGCImpl$1 done
Event: 242.751 Loading class sun/rmi/transport/SequenceEntry
Event: 242.751 Loading class sun/rmi/transport/SequenceEntry done
Event: 415.658 Loading class sun/rmi/transport/DGCClient$EndpointEntry$CleanRequest
Event: 415.682 Loading class sun/rmi/transport/DGCClient$EndpointEntry$CleanRequest done
Event: 429.201 Loading class jdk/internal/misc/ScopedMemoryAccess$Scope$Handle
Event: 429.205 Loading class jdk/internal/misc/ScopedMemoryAccess$Scope$Handle done

Classes unloaded (0 events):
No events

Classes redefined (0 events):
No events

Internal exceptions (20 events):
Event: 240.466 Thread 0x000001d63edaef90 Exception <a 'java/lang/NoSuchMethodError'{0x00000000a87dee40}: 'java.lang.Object java.lang.invoke.DirectMethodHandle$Holder.newInvokeSpecial(java.lang.Object, java.lang.Object, int, java.lang.Object, long)'> (0x00000000a87dee40) 
thrown [s\src\hotspot\share\interpreter\linkResolver.cpp, line 759]
Event: 240.968 Thread 0x000001d63edae060 Exception <a 'java/lang/NoSuchMethodError'{0x00000000a8617998}: static Lorg/jetbrains/kotlin/daemon/common/CompileService$CallResult;.<clinit>()V> (0x00000000a8617998) 
thrown [s\src\hotspot\share\prims\jni.cpp, line 1112]
Event: 240.971 Thread 0x000001d63edae060 Exception <a 'java/lang/NoSuchMethodError'{0x00000000a8623760}: static Lorg/jetbrains/kotlin/daemon/common/CompileService$CallResult$Good;.<clinit>()V> (0x00000000a8623760) 
thrown [s\src\hotspot\share\prims\jni.cpp, line 1112]
Event: 240.971 Thread 0x000001d63edae060 Exception <a 'java/lang/NoSuchMethodError'{0x00000000a8630b88}: static Lorg/jetbrains/kotlin/daemon/common/DaemonJVMOptions;.<clinit>()V> (0x00000000a8630b88) 
thrown [s\src\hotspot\share\prims\jni.cpp, line 1112]
Event: 241.026 Thread 0x000001d63edae060 Exception <a 'java/lang/NoSuchMethodError'{0x00000000a867cb50}: static Lorg/jetbrains/kotlin/daemon/common/CompileService$CallResult$Ok;.<clinit>()V> (0x00000000a867cb50) 
thrown [s\src\hotspot\share\prims\jni.cpp, line 1112]
Event: 241.306 Thread 0x000001d63edae060 Exception <a 'java/lang/NoSuchMethodError'{0x00000000a85b9350}: static [Ljava/lang/Integer;.<clinit>()V> (0x00000000a85b9350) 
thrown [s\src\hotspot\share\prims\jni.cpp, line 1112]
Event: 409.651 Thread 0x000001d63cedbd40 Exception <a 'sun/nio/fs/WindowsException'{0x00000000a7bf5a08}> (0x00000000a7bf5a08) 
thrown [s\src\hotspot\share\prims\jni.cpp, line 516]
Event: 409.667 Thread 0x000001d63cedbd40 Exception <a 'sun/nio/fs/WindowsException'{0x00000000a7bf7da8}> (0x00000000a7bf7da8) 
thrown [s\src\hotspot\share\prims\jni.cpp, line 516]
Event: 409.668 Thread 0x000001d63cedbd40 Exception <a 'sun/nio/fs/WindowsException'{0x00000000a7bf9f58}> (0x00000000a7bf9f58) 
thrown [s\src\hotspot\share\prims\jni.cpp, line 516]
Event: 409.673 Thread 0x000001d63cedbd40 Exception <a 'sun/nio/fs/WindowsException'{0x00000000a7bfbdc8}> (0x00000000a7bfbdc8) 
thrown [s\src\hotspot\share\prims\jni.cpp, line 516]
Event: 410.309 Thread 0x000001d63eda9e90 Exception <a 'sun/nio/fs/WindowsException'{0x00000000a7afc0a0}> (0x00000000a7afc0a0) 
thrown [s\src\hotspot\share\prims\jni.cpp, line 516]
Event: 410.365 Thread 0x000001d63eda9e90 Exception <a 'sun/nio/fs/WindowsException'{0x00000000a790a050}> (0x00000000a790a050) 
thrown [s\src\hotspot\share\prims\jni.cpp, line 516]
Event: 410.383 Thread 0x000001d63eda9e90 Exception <a 'sun/nio/fs/WindowsException'{0x00000000a790bc18}> (0x00000000a790bc18) 
thrown [s\src\hotspot\share\prims\jni.cpp, line 516]
Event: 410.420 Thread 0x000001d63eda9e90 Exception <a 'sun/nio/fs/WindowsException'{0x00000000a7910648}> (0x00000000a7910648) 
thrown [s\src\hotspot\share\prims\jni.cpp, line 516]
Event: 410.671 Thread 0x000001d63cedbd40 Exception <a 'sun/nio/fs/WindowsException'{0x00000000a7a7d570}> (0x00000000a7a7d570) 
thrown [s\src\hotspot\share\prims\jni.cpp, line 516]
Event: 410.683 Thread 0x000001d63cedbd40 Exception <a 'sun/nio/fs/WindowsException'{0x00000000a7a81058}> (0x00000000a7a81058) 
thrown [s\src\hotspot\share\prims\jni.cpp, line 516]
Event: 413.585 Thread 0x000001d63b502ad0 Implicit null exception at 0x000001d6102a0d59 to 0x000001d6102a127c
Event: 415.709 Thread 0x000001d63edaef90 Implicit null exception at 0x000001d61007330f to 0x000001d610073478
Event: 415.714 Thread 0x000001d63edaef90 Implicit null exception at 0x000001d61028d2d1 to 0x000001d61028da3c
Event: 418.554 Thread 0x000001d63b502ad0 Implicit null exception at 0x000001d610292fef to 0x000001d610293468

VM Operations (20 events):
Event: 429.024 Executing VM operation: G1PauseRemark done
Event: 429.195 Executing VM operation: G1PauseCleanup
Event: 429.195 Executing VM operation: G1PauseCleanup done
Event: 430.209 Executing VM operation: Cleanup
Event: 430.209 Executing VM operation: Cleanup done
Event: 431.210 Executing VM operation: Cleanup
Event: 431.211 Executing VM operation: Cleanup done
Event: 432.216 Executing VM operation: Cleanup
Event: 432.216 Executing VM operation: Cleanup done
Event: 432.872 Executing VM operation: G1CollectForAllocation
Event: 432.886 Executing VM operation: G1CollectForAllocation done
Event: 433.031 Executing VM operation: G1CollectForAllocation
Event: 433.075 Executing VM operation: G1CollectForAllocation done
Event: 434.081 Executing VM operation: Cleanup
Event: 434.081 Executing VM operation: Cleanup done
Event: 434.796 Executing VM operation: HandshakeAllThreads
Event: 434.797 Executing VM operation: HandshakeAllThreads done
Event: 434.797 Executing VM operation: HandshakeAllThreads
Event: 434.797 Executing VM operation: HandshakeAllThreads done
Event: 435.007 Executing VM operation: G1CollectForAllocation

Memory protections (0 events):
No events

Nmethod flushes (20 events):
Event: 228.640 Thread 0x000001d67f354c60 flushing  nmethod 0x000001d6088a5010
Event: 228.640 Thread 0x000001d67f354c60 flushing  nmethod 0x000001d6088a9d10
Event: 228.640 Thread 0x000001d67f354c60 flushing  nmethod 0x000001d6088af490
Event: 228.641 Thread 0x000001d67f354c60 flushing  nmethod 0x000001d6088ed910
Event: 228.641 Thread 0x000001d67f354c60 flushing  nmethod 0x000001d60891d010
Event: 228.641 Thread 0x000001d67f354c60 flushing  nmethod 0x000001d608922d90
Event: 228.641 Thread 0x000001d67f354c60 flushing  nmethod 0x000001d608937390
Event: 228.642 Thread 0x000001d67f354c60 flushing  nmethod 0x000001d60895c110
Event: 228.642 Thread 0x000001d67f354c60 flushing osr nmethod 0x000001d6089b4690
Event: 228.642 Thread 0x000001d67f354c60 flushing  nmethod 0x000001d6089b5410
Event: 228.642 Thread 0x000001d67f354c60 flushing  nmethod 0x000001d6089b7390
Event: 228.642 Thread 0x000001d67f354c60 flushing  nmethod 0x000001d6089cee10
Event: 228.642 Thread 0x000001d67f354c60 flushing  nmethod 0x000001d6089cf190
Event: 228.642 Thread 0x000001d67f354c60 flushing  nmethod 0x000001d6089d0410
Event: 228.642 Thread 0x000001d67f354c60 flushing  nmethod 0x000001d6089d0790
Event: 228.642 Thread 0x000001d67f354c60 flushing  nmethod 0x000001d6089f8090
Event: 228.643 Thread 0x000001d67f354c60 flushing  nmethod 0x000001d608a29410
Event: 434.803 Thread 0x000001d67f354c60 flushing  nmethod 0x000001d610282290
Event: 434.809 Thread 0x000001d67f354c60 flushing  nmethod 0x000001d607ce2910
Event: 434.814 Thread 0x000001d67f354c60 flushing  nmethod 0x000001d607ed2890

Events (20 events):
Event: 238.790 Thread 0x000001d63cedbd40 Thread added: 0x000001d63edae060
Event: 240.186 Thread 0x000001d63edae060 Thread added: 0x000001d63edaea80
Event: 240.248 Thread 0x000001d63edae060 Thread added: 0x000001d63edaef90
Event: 240.281 Thread 0x000001d63edae060 Thread added: 0x000001d63edaf4a0
Event: 241.202 Thread 0x000001d63edae060 Thread added: 0x000001d63edadb50
Event: 241.204 Thread 0x000001d63edae060 Thread added: 0x000001d63edaf9b0
Event: 242.626 Thread 0x000001d63edadb50 Thread added: 0x000001d63dc5c470
Event: 317.846 Thread 0x000001d63dc5c470 Thread exited: 0x000001d63dc5c470
Event: 337.688 Thread 0x000001d63b504420 Thread exited: 0x000001d63b504420
Event: 385.066 Thread 0x000001d63edadb50 Thread added: 0x000001d63dc5c470
Event: 415.922 Thread 0x000001d63edaef90 Thread exited: 0x000001d63edaef90
Event: 416.235 Thread 0x000001d63b502ad0 Thread added: 0x000001d63b504420
Event: 416.235 Thread 0x000001d63b502ad0 Thread added: 0x000001d63edaef90
Event: 416.236 Thread 0x000001d63b502ad0 Thread added: 0x000001d63e5ca520
Event: 417.352 Thread 0x000001d63b502ad0 Thread added: 0x000001d63e5c9b00
Event: 417.356 Thread 0x000001d63b502ad0 Thread added: 0x000001d63e5c95f0
Event: 417.370 Thread 0x000001d63b502ad0 Thread added: 0x000001d63e5cb450
Event: 424.882 Thread 0x000001d63b502ad0 Thread added: 0x000001d63e5ca010
Event: 424.885 Thread 0x000001d63b502ad0 Thread added: 0x000001d63e5caa30
Event: 424.888 Thread 0x000001d63b502ad0 Thread added: 0x000001d63e5caf40


Dynamic libraries:
0x00007ff693920000 - 0x00007ff69392e000 	C:\Program Files\Microsoft\jdk-17.0.18.8-hotspot\bin\java.exe
0x00007ffcfe4c0000 - 0x00007ffcfe726000 	C:\WINDOWS\SYSTEM32\ntdll.dll
0x00007ffcfde90000 - 0x00007ffcfdf59000 	C:\WINDOWS\System32\KERNEL32.DLL
0x00007ffcfb700000 - 0x00007ffcfbaff000 	C:\WINDOWS\System32\KERNELBASE.dll
0x00007ffcfbc40000 - 0x00007ffcfbd8c000 	C:\WINDOWS\System32\ucrtbase.dll
0x00007ffc99110000 - 0x00007ffc99128000 	C:\Program Files\Microsoft\jdk-17.0.18.8-hotspot\bin\jli.dll
0x00007ffc98ff0000 - 0x00007ffc9900e000 	C:\Program Files\Microsoft\jdk-17.0.18.8-hotspot\bin\VCRUNTIME140.dll
0x00007ffcfc430000 - 0x00007ffcfc5f6000 	C:\WINDOWS\System32\USER32.dll
0x00007ffcfb6d0000 - 0x00007ffcfb6f7000 	C:\WINDOWS\System32\win32u.dll
0x00007ffce6480000 - 0x00007ffce6711000 	C:\WINDOWS\WinSxS\amd64_microsoft.windows.common-controls_6595b64144ccf1df_6.0.26100.8972_none_3e0da176e32f9d4b\COMCTL32.dll
0x00007ffcfcd60000 - 0x00007ffcfcd8b000 	C:\WINDOWS\System32\GDI32.dll
0x00007ffcfc380000 - 0x00007ffcfc429000 	C:\WINDOWS\System32\msvcrt.dll
0x00007ffcfbb10000 - 0x00007ffcfbc39000 	C:\WINDOWS\System32\gdi32full.dll
0x00007ffcfbf20000 - 0x00007ffcfbfc3000 	C:\WINDOWS\System32\msvcp_win.dll
0x00007ffcfcc40000 - 0x00007ffcfcc72000 	C:\WINDOWS\System32\IMM32.DLL
0x00007ffcdf6e0000 - 0x00007ffcdf6ec000 	C:\Program Files\Microsoft\jdk-17.0.18.8-hotspot\bin\vcruntime140_1.dll
0x00007ffc86ca0000 - 0x00007ffc86d29000 	C:\Program Files\Microsoft\jdk-17.0.18.8-hotspot\bin\msvcp140.dll
0x00007ffc30840000 - 0x00007ffc314ba000 	C:\Program Files\Microsoft\jdk-17.0.18.8-hotspot\bin\server\jvm.dll
0x00007ffcfcc90000 - 0x00007ffcfcd4c000 	C:\WINDOWS\System32\ADVAPI32.dll
0x00007ffcfd8c0000 - 0x00007ffcfd96a000 	C:\WINDOWS\System32\sechost.dll
0x00007ffcfe1c0000 - 0x00007ffcfe2d8000 	C:\WINDOWS\System32\RPCRT4.dll
0x00007ffcfd970000 - 0x00007ffcfd9f2000 	C:\WINDOWS\System32\WS2_32.dll
0x00007ffcfb550000 - 0x00007ffcfb5ae000 	C:\WINDOWS\SYSTEM32\POWRPROF.dll
0x00007ffcf58b0000 - 0x00007ffcf58e6000 	C:\WINDOWS\SYSTEM32\WINMM.dll
0x00007ffcf4580000 - 0x00007ffcf458b000 	C:\WINDOWS\SYSTEM32\VERSION.dll
0x00007ffcfb530000 - 0x00007ffcfb545000 	C:\WINDOWS\SYSTEM32\UMPDC.dll
0x00007ffcfa3c0000 - 0x00007ffcfa3db000 	C:\WINDOWS\SYSTEM32\kernel.appcore.dll
0x00007ffc99c40000 - 0x00007ffc99c4a000 	C:\Program Files\Microsoft\jdk-17.0.18.8-hotspot\bin\jimage.dll
0x00007ffce6730000 - 0x00007ffce6972000 	C:\WINDOWS\SYSTEM32\DBGHELP.DLL
0x00007ffcfc8b0000 - 0x00007ffcfcc35000 	C:\WINDOWS\System32\combase.dll
0x00007ffcfc7b0000 - 0x00007ffcfc889000 	C:\WINDOWS\System32\OLEAUT32.dll
0x00007ffce47e0000 - 0x00007ffce481b000 	C:\WINDOWS\SYSTEM32\dbgcore.DLL
0x00007ffcfbe60000 - 0x00007ffcfbf0c000 	C:\WINDOWS\System32\bcryptPrimitives.dll
0x00007ffc99b00000 - 0x00007ffc99b0f000 	C:\Program Files\Microsoft\jdk-17.0.18.8-hotspot\bin\instrument.dll
0x00007ffc8f6c0000 - 0x00007ffc8f6e6000 	C:\Program Files\Microsoft\jdk-17.0.18.8-hotspot\bin\java.dll
0x00007ffc85760000 - 0x00007ffc85836000 	C:\Program Files\Microsoft\jdk-17.0.18.8-hotspot\bin\jsvml.dll
0x00007ffcfcf30000 - 0x00007ffcfd6b8000 	C:\WINDOWS\System32\SHELL32.dll
0x00007ffcf91c0000 - 0x00007ffcf9a5b000 	C:\WINDOWS\SYSTEM32\windows.storage.dll
0x00007ffcfe310000 - 0x00007ffcfe409000 	C:\WINDOWS\System32\SHCORE.dll
0x00007ffcfe410000 - 0x00007ffcfe476000 	C:\WINDOWS\System32\shlwapi.dll
0x00007ffcfb5f0000 - 0x00007ffcfb619000 	C:\WINDOWS\SYSTEM32\profapi.dll
0x00007ffc98fd0000 - 0x00007ffc98fe8000 	C:\Program Files\Microsoft\jdk-17.0.18.8-hotspot\bin\zip.dll
0x00007ffc98f30000 - 0x00007ffc98f4b000 	C:\Program Files\Microsoft\jdk-17.0.18.8-hotspot\bin\net.dll
0x00007ffcf4290000 - 0x00007ffcf43b8000 	C:\WINDOWS\SYSTEM32\WINHTTP.dll
0x00007ffcfa970000 - 0x00007ffcfa9dc000 	C:\WINDOWS\system32\mswsock.dll
0x00007ffc8f6a0000 - 0x00007ffc8f6b6000 	C:\Program Files\Microsoft\jdk-17.0.18.8-hotspot\bin\nio.dll
0x00007ffc99a00000 - 0x00007ffc99a10000 	C:\Program Files\Microsoft\jdk-17.0.18.8-hotspot\bin\verify.dll
0x00007ffc98d80000 - 0x00007ffc98da7000 	C:\Users\triK\.gradle\native\660c5614fbf4a5f2a75b1949f50a0caf5cd603558e7d8a26e50b933a0cfb79d1\windows-amd64\native-platform.dll
0x00007ffc84cd0000 - 0x00007ffc84d47000 	C:\Users\triK\.gradle\native\0.2.8\x86_64-windows-gnu\gradle-fileevents.dll
0x00007ffc99640000 - 0x00007ffc9964a000 	C:\Program Files\Microsoft\jdk-17.0.18.8-hotspot\bin\management.dll
0x00007ffc994c0000 - 0x00007ffc994cc000 	C:\Program Files\Microsoft\jdk-17.0.18.8-hotspot\bin\management_ext.dll
0x00007ffcfdfd0000 - 0x00007ffcfdfd8000 	C:\WINDOWS\System32\PSAPI.DLL
0x00007ffcf9de0000 - 0x00007ffcf9e13000 	C:\WINDOWS\SYSTEM32\IPHLPAPI.DLL
0x00007ffcfd8b0000 - 0x00007ffcfd8ba000 	C:\WINDOWS\System32\NSI.dll
0x00007ffcf4590000 - 0x00007ffcf45ad000 	C:\WINDOWS\SYSTEM32\dhcpcsvc6.DLL
0x00007ffcf3ca0000 - 0x00007ffcf3cc5000 	C:\WINDOWS\SYSTEM32\dhcpcsvc.DLL
0x00007ffcf9e20000 - 0x00007ffcf9f78000 	C:\WINDOWS\SYSTEM32\DNSAPI.dll
0x00007ffcfa770000 - 0x00007ffcfa77d000 	C:\WINDOWS\SYSTEM32\DSPARSE.dll
0x00007ffc99380000 - 0x00007ffc99389000 	C:\Program Files\Microsoft\jdk-17.0.18.8-hotspot\bin\extnet.dll
0x00007ffcfac60000 - 0x00007ffcfac7b000 	C:\WINDOWS\SYSTEM32\CRYPTSP.dll
0x00007ffcfa320000 - 0x00007ffcfa359000 	C:\WINDOWS\system32\rsaenh.dll
0x00007ffcfaa20000 - 0x00007ffcfaa52000 	C:\WINDOWS\SYSTEM32\USERENV.dll
0x00007ffcfb5c0000 - 0x00007ffcfb5ea000 	C:\WINDOWS\SYSTEM32\bcrypt.dll
0x00007ffcfac80000 - 0x00007ffcfac8c000 	C:\WINDOWS\SYSTEM32\CRYPTBASE.dll
0x00007ffc99100000 - 0x00007ffc9910e000 	C:\Program Files\Microsoft\jdk-17.0.18.8-hotspot\bin\sunmscapi.dll
0x00007ffcfbfd0000 - 0x00007ffcfc14e000 	C:\WINDOWS\System32\CRYPT32.dll
0x00007ffcfaea0000 - 0x00007ffcfaed0000 	C:\WINDOWS\SYSTEM32\ncrypt.dll
0x00007ffcfae50000 - 0x00007ffcfae8f000 	C:\WINDOWS\SYSTEM32\NTASN1.dll
0x00007ffce19a0000 - 0x00007ffce19a8000 	C:\WINDOWS\system32\wshunix.dll
0x00007ffc925d0000 - 0x00007ffc925d7000 	C:\Program Files\Microsoft\jdk-17.0.18.8-hotspot\bin\rmi.dll

dbghelp: loaded successfully - version: 4.0.5 - missing functions: none
symbol engine: initialized successfully - sym options: 0x614 - pdb path: .;C:\Program Files\Microsoft\jdk-17.0.18.8-hotspot\bin;C:\WINDOWS\SYSTEM32;C:\WINDOWS\WinSxS\amd64_microsoft.windows.common-controls_6595b64144ccf1df_6.0.26100.8972_none_3e0da176e32f9d4b;C:\Program Files\Microsoft\jdk-17.0.18.8-hotspot\bin\server;C:\Users\triK\.gradle\native\660c5614fbf4a5f2a75b1949f50a0caf5cd603558e7d8a26e50b933a0cfb79d1\windows-amd64;C:\Users\triK\.gradle\native\0.2.8\x86_64-windows-gnu

VM Arguments:
jvm_args: --add-opens=java.base/java.lang=ALL-UNNAMED --add-opens=java.base/java.lang.invoke=ALL-UNNAMED --add-opens=java.base/java.util=ALL-UNNAMED --add-opens=java.prefs/java.util.prefs=ALL-UNNAMED --add-exports=jdk.compiler/com.sun.tools.javac.api=ALL-UNNAMED --add-exports=jdk.compiler/com.sun.tools.javac.util=ALL-UNNAMED --add-opens=java.base/java.util=ALL-UNNAMED --add-opens=java.prefs/java.util.prefs=ALL-UNNAMED --add-opens=java.base/java.nio.charset=ALL-UNNAMED --add-opens=java.base/java.net=ALL-UNNAMED --add-opens=java.base/java.util.concurrent=ALL-UNNAMED --add-opens=java.base/java.util.concurrent.atomic=ALL-UNNAMED --add-opens=java.xml/javax.xml.namespace=ALL-UNNAMED --add-opens=java.base/java.time=ALL-UNNAMED -XX:MaxMetaspaceSize=512m -XX:ReservedCodeCacheSize=256m -XX:+HeapDumpOnOutOfMemoryError -Xmx1512m -Dfile.encoding=UTF-8 -Duser.country=FR -Duser.language=fr -Duser.variant -javaagent:C:\Users\triK\.gradle\wrapper\dists\gradle-9.3.1-all\9ot9r568e8zfvvd4mn8rbu1j0\gradle-9.3.1\lib\agents\gradle-instrumentation-agent-9.3.1.jar 
java_command: org.gradle.launcher.daemon.bootstrap.GradleDaemon 9.3.1
java_class_path (initial): C:\Users\triK\.gradle\wrapper\dists\gradle-9.3.1-all\9ot9r568e8zfvvd4mn8rbu1j0\gradle-9.3.1\lib\gradle-daemon-main-9.3.1.jar
Launcher Type: SUN_STANDARD

[Global flags]
     intx CICompilerCount                          = 3                                         {product} {ergonomic}
   size_t CompressedClassSpaceSize                 = 436207616                                 {product} {ergonomic}
     uint ConcGCThreads                            = 1                                         {product} {ergonomic}
     uint G1ConcRefinementThreads                  = 4                                         {product} {ergonomic}
   size_t G1HeapRegionSize                         = 1048576                                   {product} {ergonomic}
    uintx GCDrainStackTargetSize                   = 64                                        {product} {ergonomic}
     bool HeapDumpOnOutOfMemoryError               = true                                   {manageable} {command line}
   size_t InitialHeapSize                          = 67108864                                  {product} {ergonomic}
   size_t MarkStackSize                            = 4194304                                   {product} {ergonomic}
   size_t MaxHeapSize                              = 1585446912                                {product} {command line}
   size_t MaxMetaspaceSize                         = 536870912                                 {product} {command line}
   size_t MaxNewSize                               = 951058432                                 {product} {ergonomic}
   size_t MinHeapDeltaBytes                        = 1048576                                   {product} {ergonomic}
   size_t MinHeapSize                              = 8388608                                   {product} {ergonomic}
    uintx NonNMethodCodeHeapSize                   = 5832780                                {pd product} {ergonomic}
    uintx NonProfiledCodeHeapSize                  = 131301338                              {pd product} {ergonomic}
    uintx ProfiledCodeHeapSize                     = 131301338                              {pd product} {ergonomic}
    uintx ReservedCodeCacheSize                    = 268435456                              {pd product} {command line}
     bool SegmentedCodeCache                       = true                                      {product} {ergonomic}
   size_t SoftMaxHeapSize                          = 1585446912                             {manageable} {ergonomic}
   double SweeperThreshold                         = 0.468750                                  {product} {ergonomic}
     bool UseCompressedClassPointers               = true                           {product lp64_product} {ergonomic}
     bool UseCompressedOops                        = true                           {product lp64_product} {ergonomic}
     bool UseG1GC                                  = true                                      {product} {ergonomic}
     bool UseLargePagesIndividualAllocation        = false                                  {pd product} {ergonomic}

Logging:
Log output configuration:
 #0: stdout all=warning uptime,level,tags
 #1: stderr all=off uptime,level,tags

Environment Variables:
JAVA_HOME=C:\Program Files\Microsoft\jdk-17.0.18.8-hotspot
PATH=C:\Program Files\Microsoft\jdk-17.0.18.8-hotspot\bin;C:\Program Files (x86)\Borland\Delphi7\Bin;C:\Program Files (x86)\Borland\Delphi7\Projects\Bpl\;C:\Program Files\ImageMagick-7.1.2-Q16-HDRI;C:\Program Files\Common Files\Oracle\Java\javapath;C:\Program Files (x86)\Common Files\Oracle\Java\java8path;C:\Program Files (x86)\Common Files\Oracle\Java\javapath;C:\Windows\system32;C:\Windows;C:\Windows\System32\Wbem;C:\Windows\System32\WindowsPowerShell\v1.0\;C:\Windows\System32\OpenSSH\;C:\Users\triK\.config\herd\bin\nvm;C:\ProgramData\ComposerSetup\bin;C:\WINDOWS\system32;C:\WINDOWS;C:\WINDOWS\System32\Wbem;C:\WINDOWS\System32\WindowsPowerShell\v1.0\;C:\WINDOWS\System32\OpenSSH\;c:\Users\triK\AppData\Local\Programs\cursor\resources\app\bin;C:\Users\triK\AppData\Local\nvm;C:\nvm4w\nodejs;C:\Program Files\cursor\resources\app\bin;C:\Program Files\dotnet\;C:\laragon\bin\php\php8.4;C:\Users\triK\Downloads\platform-tools-latest-windows\platform-tools;C:\Program Files\Git\cmd;C:\Program Files\Go\bin;C:\flutter\bin;C:\Users\triK\.config\herd\bin;C:\laragon\bin\composer;C:\laragon\bin\git\bin;C:\laragon\bin\git\cmd;C:\laragon\bin\git\mingw64\bin;C:\laragon\bin\git\usr\bin;C:\laragon\bin\mysql\mysql-8.4.3-winx64\bin;C:\laragon\bin\ngrok;C:\laragon\bin\nodejs\node-v22;C:\laragon\bin\php\php8.4;C:\laragon\bin\python\python-3.13;C:\laragon\bin\python\python-3.13\Scripts;C:\laragon\usr\bin;C:\Users\triK\AppData\Local\Yarn\config\global\node_modules\.bin;C:\Users\triK\AppData\Roaming\Composer\vendor\bin;C:\Users\triK\AppData\Roaming\npm;C:\Users\triK\AppData\Local\Microsoft\WindowsApps;C:\Users\triK\AppData\Local\GitHubDesktop\bin;C:\Users\triK\AppData\Local\nvm;C:\nvm4w\nodejs;C:\Users\triK\AppData\Local\Programs\Microsoft VS Code\bin;C:\Users\triK\.dotnet\tools;C:\Users\triK\AppData\Local\Programs\Antigravity\bin;C:\Users\triK\AppData\Local\Android\Sdk\platform-tools;C:\Users\triK\AppData\Local\Microsoft\WinGet\Links;C:\Users\triK\AppData\Local\Microsoft\WinGet\Packages\yt-dlp.FFmpeg_Microsoft.Winget.Source_8wekyb3d8bbwe\ffmpeg-N-123074-g4e32fb4c2a-win64-gpl/bin;C:\Users\triK\AppData\Local\Google\Cloud SDK\google-cloud-sdk\bin;C:\Users\triK\go\bin;C:\Users\triK\AppData\Local\Programs\Antigravity IDE\bin
USERNAME=triK
OS=Windows_NT
PROCESSOR_IDENTIFIER=Intel64 Family 6 Model 142 Stepping 10, GenuineIntel
TMP=C:\Users\triK\AppData\Local\Temp
TEMP=C:\Users\triK\AppData\Local\Temp



Periodic native trim disabled


---------------  S Y S T E M  ---------------

OS:
 Windows 11 , 64 bit Build 26100 (10.0.26100.9168)
OS uptime: 2 days 8:22 hours

CPU: total 4 (initial active 4) (2 cores per cpu, 2 threads per core) family 6 model 142 stepping 10 microcode 0xe0, cx8, cmov, fxsr, ht, mmx, 3dnowpref, sse, sse2, sse3, ssse3, sse4.1, sse4.2, popcnt, lzcnt, tsc, tscinvbit, avx, avx2, aes, erms, clmul, bmi1, bmi2, adx, fma, vzeroupper, clflush, clflushopt
Processor Information for processor 0
  Max Mhz: 2304, Current Mhz: 1502, Mhz Limit: 2304
Processor Information for processor 1
  Max Mhz: 2304, Current Mhz: 1502, Mhz Limit: 2304
Processor Information for processor 2
  Max Mhz: 2304, Current Mhz: 2304, Mhz Limit: 2304
Processor Information for processor 3
  Max Mhz: 2304, Current Mhz: 1502, Mhz Limit: 2304

Memory: 4k page, system-wide physical 3971M (137M free)
TotalPageFile size 16259M (AvailPageFile size 43M)
current process WorkingSet (physical memory assigned to process): 262M, peak: 262M
current process commit charge ("private bytes"): 395M, peak: 532M

vm_info: OpenJDK 64-Bit Server VM (17.0.18+8-LTS) for windows-amd64 JRE (17.0.18+8-LTS), built on Jan 15 2026 18:50:45 by "MicrosoftCorporation" with MS VC++ 17.14 (VS2022)

END.
