#
# There is insufficient memory for the Java Runtime Environment to continue.
# Native memory allocation (mmap) failed to map 23068672 bytes. Error detail: G1 virtual space
# Possible reasons:
#   The system is out of physical RAM or swap space
#   This process is running with CompressedOops enabled, and the Java Heap may be blocking the growth of the native heap
# Possible solutions:
#   Reduce memory load on the system
#   Increase physical memory or swap space
#   Check if swap backing store is full
#   Decrease Java heap size (-Xmx/-Xms)
#   Decrease number of Java threads
#   Decrease Java thread stack sizes (-Xss)
#   Set larger code cache with -XX:ReservedCodeCacheSize=
#   JVM is running with Unscaled Compressed Oops mode in which the Java heap is
#     placed in the first 4GB address space. The Java Heap base address is the
#     maximum limit for the native heap growth. Please use -XX:HeapBaseMinAddress
#     to set the Java Heap base and to place the Java Heap above 4GB virtual address.
# This output file may be truncated or incomplete.
#
#  Out of Memory Error (os_windows.cpp:3690), pid=4576, tid=20860
#
# JRE version: OpenJDK Runtime Environment Microsoft-13106358 (17.0.18+8) (build 17.0.18+8-LTS)
# Java VM: OpenJDK 64-Bit Server VM Microsoft-13106358 (17.0.18+8-LTS, mixed mode, sharing, tiered, compressed oops, compressed class ptrs, g1 gc, windows-amd64)
# No core dump will be written. Minidumps are not enabled by default on client versions of Windows
#

---------------  S U M M A R Y ------------

Command Line: --add-opens=java.base/java.lang=ALL-UNNAMED --add-opens=java.base/java.lang.invoke=ALL-UNNAMED --add-opens=java.base/java.util=ALL-UNNAMED --add-opens=java.prefs/java.util.prefs=ALL-UNNAMED --add-exports=jdk.compiler/com.sun.tools.javac.api=ALL-UNNAMED --add-exports=jdk.compiler/com.sun.tools.javac.util=ALL-UNNAMED --add-opens=java.base/java.util=ALL-UNNAMED --add-opens=java.prefs/java.util.prefs=ALL-UNNAMED --add-opens=java.base/java.nio.charset=ALL-UNNAMED --add-opens=java.base/java.net=ALL-UNNAMED --add-opens=java.base/java.util.concurrent=ALL-UNNAMED --add-opens=java.base/java.util.concurrent.atomic=ALL-UNNAMED --add-opens=java.xml/javax.xml.namespace=ALL-UNNAMED --add-opens=java.base/java.time=ALL-UNNAMED -XX:MaxMetaspaceSize=512m -XX:ReservedCodeCacheSize=256m -XX:+HeapDumpOnOutOfMemoryError -Xmx1512m -Dfile.encoding=UTF-8 -Duser.country=FR -Duser.language=fr -Duser.variant -javaagent:C:\Users\triK\.gradle\wrapper\dists\gradle-9.3.1-all\9ot9r568e8zfvvd4mn8rbu1j0\gradle-9.3.1\lib\agents\gradle-instrumentation-agent-9.3.1.jar org.gradle.launcher.daemon.bootstrap.GradleDaemon 9.3.1

Host: Intel(R) Core(TM) i3-7020U CPU @ 2.30GHz, 4 cores, 3G,  Windows 11 , 64 bit Build 26100 (10.0.26100.9168)
Time: Mon Aug 17 08:50:23 2026 Greenwich elapsed time: 264.667417 seconds (0d 0h 4m 24s)

---------------  T H R E A D  ---------------

Current thread (0x0000013eb432d9a0):  VMThread "VM Thread" [stack: 0x0000002a1a200000,0x0000002a1a300000] [id=20860]

Stack: [0x0000002a1a200000,0x0000002a1a300000]
Native frames: (J=compiled Java code, j=interpreted, Vv=VM code, C=native code)
V  [jvm.dll+0x68c879]  (no source info available)
V  [jvm.dll+0x845979]  (no source info available)
V  [jvm.dll+0x8476e8]  (no source info available)
V  [jvm.dll+0x847d73]  (no source info available)
V  [jvm.dll+0x24cf6f]  (no source info available)
V  [jvm.dll+0x68bc79]  (no source info available)
V  [jvm.dll+0x68023a]  (no source info available)
V  [jvm.dll+0x3101a0]  (no source info available)
V  [jvm.dll+0x310042]  (no source info available)
V  [jvm.dll+0x317599]  (no source info available)
V  [jvm.dll+0x369999]  (no source info available)
V  [jvm.dll+0x369bcd]  (no source info available)
V  [jvm.dll+0x2e69aa]  (no source info available)
V  [jvm.dll+0x2e4da1]  (no source info available)
V  [jvm.dll+0x2e453c]  (no source info available)
V  [jvm.dll+0x328ecb]  (no source info available)
V  [jvm.dll+0x84c5fd]  (no source info available)
V  [jvm.dll+0x84d313]  (no source info available)
V  [jvm.dll+0x84d844]  (no source info available)
V  [jvm.dll+0x84dc28]  (no source info available)
V  [jvm.dll+0x84dd1e]  (no source info available)
V  [jvm.dll+0x7f5ebc]  (no source info available)
V  [jvm.dll+0x68de17]  (no source info available)
C  [ucrtbase.dll+0x2cd30]  (no source info available)
C  [KERNEL32.DLL+0x2ccb7]  (no source info available)
C  [ntdll.dll+0xaad6c]  (no source info available)

VM_Operation (0x0000002a1bcfe2a0): G1CollectForAllocation, mode: safepoint, requested by thread 0x0000013ed4100f50


---------------  P R O C E S S  ---------------

Threads class SMR info:
_java_thread_list=0x0000013ed92b5da0, length=81, elements={
0x0000013e96b03000, 0x0000013eb43380d0, 0x0000013eb4339710, 0x0000013eb434fd40,
0x0000013eb4352620, 0x0000013eb4353a60, 0x0000013eb43561b0, 0x0000013eb4356db0,
0x0000013eb435da10, 0x0000013eb4366a00, 0x0000013eb4320d20, 0x0000013eb4541130,
0x0000013ed45920c0, 0x0000013ed44f35f0, 0x0000013eb4790f20, 0x0000013ed4d39860,
0x0000013ed44f24a0, 0x0000013ed4103ce0, 0x0000013ed4101e80, 0x0000013ed4104700,
0x0000013ed4101460, 0x0000013ed4101970, 0x0000013ed4100f50, 0x0000013ed4102390,
0x0000013ed41032c0, 0x0000013ed41028a0, 0x0000013ed4102db0, 0x0000013ed41041f0,
0x0000013ed41037d0, 0x0000013ed6cdf8f0, 0x0000013ed6cdfe00, 0x0000013ed6ce0310,
0x0000013ed6ce0820, 0x0000013ed6ce0d30, 0x0000013ed6cdeed0, 0x0000013ed6ce2680,
0x0000013ed6ce3ac0, 0x0000013ed6ce2b90, 0x0000013ed6ce35b0, 0x0000013ed6ce30a0,
0x0000013ed6ce3fd0, 0x0000013ed6ce44e0, 0x0000013ed6ce49f0, 0x0000013ed6ce1240,
0x0000013ed6ce4f00, 0x0000013ed6ce5410, 0x0000013ed6ce1c60, 0x0000013ed6ce5920,
0x0000013ed6ce2170, 0x0000013ed7b59590, 0x0000013ed7b59aa0, 0x0000013ed7b57c40,
0x0000013ed7b562f0, 0x0000013ed7b57220, 0x0000013ed7b59fb0, 0x0000013ed7b56800,
0x0000013ed7b5a4c0, 0x0000013ed7b56d10, 0x0000013ed7b5a9d0, 0x0000013ed7b5aee0,
0x0000013ed7b5b3f0, 0x0000013ed7b5b900, 0x0000013ed7b58150, 0x0000013ed7b5be10,
0x0000013ed7b58660, 0x0000013ed7b5c830, 0x0000013ed7b5d250, 0x0000013ed7b5d760,
0x0000013ed6bd71a0, 0x0000013ed6bda440, 0x0000013ed6bda950, 0x0000013ed6bd8af0,
0x0000013ed6bd9510, 0x0000013ed6bd9a20, 0x0000013ed6bdae60, 0x0000013ed6bd9f30,
0x0000013ed6bd76b0, 0x0000013ed6bdb370, 0x0000013ed6bd85e0, 0x0000013ed6bd7bc0,
0x0000013ed6bdb880
}

Java Threads: ( => current thread )
  0x0000013e96b03000 JavaThread "main" [_thread_blocked, id=1996, stack(0x0000002a19c00000,0x0000002a19d00000)]
  0x0000013eb43380d0 JavaThread "Reference Handler" daemon [_thread_blocked, id=13176, stack(0x0000002a1a300000,0x0000002a1a400000)]
  0x0000013eb4339710 JavaThread "Finalizer" daemon [_thread_blocked, id=20000, stack(0x0000002a1a400000,0x0000002a1a500000)]
  0x0000013eb434fd40 JavaThread "Signal Dispatcher" daemon [_thread_blocked, id=10540, stack(0x0000002a1a500000,0x0000002a1a600000)]
  0x0000013eb4352620 JavaThread "Attach Listener" daemon [_thread_blocked, id=17600, stack(0x0000002a1a600000,0x0000002a1a700000)]
  0x0000013eb4353a60 JavaThread "Service Thread" daemon [_thread_blocked, id=8692, stack(0x0000002a1a700000,0x0000002a1a800000)]
  0x0000013eb43561b0 JavaThread "Monitor Deflation Thread" daemon [_thread_blocked, id=10580, stack(0x0000002a1a800000,0x0000002a1a900000)]
  0x0000013eb4356db0 JavaThread "C2 CompilerThread0" daemon [_thread_blocked, id=12088, stack(0x0000002a1a900000,0x0000002a1aa00000)]
  0x0000013eb435da10 JavaThread "C1 CompilerThread0" daemon [_thread_blocked, id=8092, stack(0x0000002a1aa00000,0x0000002a1ab00000)]
  0x0000013eb4366a00 JavaThread "Sweeper thread" daemon [_thread_blocked, id=16396, stack(0x0000002a1ab00000,0x0000002a1ac00000)]
  0x0000013eb4320d20 JavaThread "Common-Cleaner" daemon [_thread_blocked, id=2872, stack(0x0000002a1ac00000,0x0000002a1ad00000)]
  0x0000013eb4541130 JavaThread "Notification Thread" daemon [_thread_blocked, id=17816, stack(0x0000002a1ad00000,0x0000002a1ae00000)]
  0x0000013ed45920c0 JavaThread "Daemon health stats" [_thread_blocked, id=5856, stack(0x0000002a1b200000,0x0000002a1b300000)]
  0x0000013ed44f35f0 JavaThread "Incoming local TCP Connector on port 64427" [_thread_in_native, id=16748, stack(0x0000002a1b300000,0x0000002a1b400000)]
  0x0000013eb4790f20 JavaThread "Daemon periodic checks" [_thread_blocked, id=15608, stack(0x0000002a1b400000,0x0000002a1b500000)]
  0x0000013ed4d39860 JavaThread "Daemon" [_thread_blocked, id=21264, stack(0x0000002a1b500000,0x0000002a1b600000)]
  0x0000013ed44f24a0 JavaThread "Handler for socket connection from /127.0.0.1:64427 to /127.0.0.1:64429" [_thread_in_native, id=11908, stack(0x0000002a1b600000,0x0000002a1b700000)]
  0x0000013ed4103ce0 JavaThread "Cancel handler" [_thread_blocked, id=10224, stack(0x0000002a1b700000,0x0000002a1b800000)]
  0x0000013ed4101e80 JavaThread "Daemon worker" [_thread_blocked, id=14660, stack(0x0000002a1b800000,0x0000002a1b900000)]
  0x0000013ed4104700 JavaThread "Asynchronous log dispatcher for DefaultDaemonConnection: socket connection from /127.0.0.1:64427 to /127.0.0.1:64429" [_thread_blocked, id=17888, stack(0x0000002a1b900000,0x0000002a1ba00000)]
  0x0000013ed4101460 JavaThread "Stdin handler" [_thread_blocked, id=7916, stack(0x0000002a1ba00000,0x0000002a1bb00000)]
  0x0000013ed4101970 JavaThread "Daemon client event forwarder" [_thread_blocked, id=20548, stack(0x0000002a1bb00000,0x0000002a1bc00000)]
  0x0000013ed4100f50 JavaThread "Cache worker for journal cache (C:\Users\triK\.gradle\caches\journal-1)" [_thread_blocked, id=5276, stack(0x0000002a1bc00000,0x0000002a1bd00000)]
  0x0000013ed4102390 JavaThread "File lock request listener" [_thread_in_native, id=11940, stack(0x0000002a1bd00000,0x0000002a1be00000)]
  0x0000013ed41032c0 JavaThread "Cache worker for file hash cache (C:\Users\triK\.gradle\caches\9.3.1\fileHashes)" [_thread_blocked, id=3924, stack(0x0000002a1be00000,0x0000002a1bf00000)]
  0x0000013ed41028a0 JavaThread "Cache worker for file hash cache (C:\Users\triK\Documents\GitHub\as-one-apk\frontend\android\.gradle\9.3.1\fileHashes)" [_thread_blocked, id=9380, stack(0x0000002a1bf00000,0x0000002a1c000000)]
  0x0000013ed4102db0 JavaThread "Cache worker for Build Output Cleanup Cache (C:\Users\triK\Documents\GitHub\as-one-apk\frontend\android\.gradle\buildOutputCleanup)" [_thread_blocked, id=9428, stack(0x0000002a1c000000,0x0000002a1c100000)]
  0x0000013ed41041f0 JavaThread "File watcher server" daemon [_thread_in_native, id=1824, stack(0x0000002a1c200000,0x0000002a1c300000)]
  0x0000013ed41037d0 JavaThread "File watcher consumer" daemon [_thread_blocked, id=12360, stack(0x0000002a1c300000,0x0000002a1c400000)]
  0x0000013ed6cdf8f0 JavaThread "jar transforms" [_thread_blocked, id=14424, stack(0x0000002a1c400000,0x0000002a1c500000)]
  0x0000013ed6cdfe00 JavaThread "jar transforms Thread 2" [_thread_blocked, id=9664, stack(0x0000002a1c500000,0x0000002a1c600000)]
  0x0000013ed6ce0310 JavaThread "jar transforms Thread 3" [_thread_blocked, id=18384, stack(0x0000002a1c600000,0x0000002a1c700000)]
  0x0000013ed6ce0820 JavaThread "Cache worker for checksums cache (C:\Users\triK\Documents\GitHub\as-one-apk\frontend\android\.gradle\9.3.1\checksums)" [_thread_blocked, id=4316, stack(0x0000002a1c700000,0x0000002a1c800000)]
  0x0000013ed6ce0d30 JavaThread "Cache worker for file content cache (C:\Users\triK\.gradle\caches\9.3.1\fileContent)" [_thread_blocked, id=12216, stack(0x0000002a1c800000,0x0000002a1c900000)]
  0x0000013ed6cdeed0 JavaThread "Cache worker for cache directory md-supplier (C:\Users\triK\.gradle\caches\9.3.1\md-supplier)" [_thread_blocked, id=12656, stack(0x0000002a19900000,0x0000002a19a00000)]
  0x0000013ed6ce2680 JavaThread "Cache worker for cache directory md-rule (C:\Users\triK\.gradle\caches\9.3.1\md-rule)" [_thread_blocked, id=18656, stack(0x0000002a1c900000,0x0000002a1ca00000)]
  0x0000013ed6ce3ac0 JavaThread "jar transforms Thread 4" [_thread_blocked, id=17660, stack(0x0000002a1ca00000,0x0000002a1cb00000)]
  0x0000013ed6ce2b90 JavaThread "Cache worker for Build Output Cleanup Cache (C:\flutter\packages\flutter_tools\gradle\.gradle\buildOutputCleanup)" [_thread_blocked, id=13796, stack(0x0000002a1cd00000,0x0000002a1ce00000)]
  0x0000013ed6ce35b0 JavaThread "Unconstrained build operations" [_thread_blocked, id=18136, stack(0x0000002a19a00000,0x0000002a19b00000)]
  0x0000013ed6ce30a0 JavaThread "Unconstrained build operations Thread 2" [_thread_blocked, id=5840, stack(0x0000002a19b00000,0x0000002a19c00000)]
  0x0000013ed6ce3fd0 JavaThread "Unconstrained build operations Thread 3" [_thread_blocked, id=13944, stack(0x0000002a1ce00000,0x0000002a1cf00000)]
  0x0000013ed6ce44e0 JavaThread "Unconstrained build operations Thread 4" [_thread_blocked, id=14452, stack(0x0000002a1cf00000,0x0000002a1d000000)]
  0x0000013ed6ce49f0 JavaThread "Unconstrained build operations Thread 5" [_thread_blocked, id=20172, stack(0x0000002a1d000000,0x0000002a1d100000)]
  0x0000013ed6ce1240 JavaThread "Unconstrained build operations Thread 6" [_thread_blocked, id=20856, stack(0x0000002a1d100000,0x0000002a1d200000)]
  0x0000013ed6ce4f00 JavaThread "Unconstrained build operations Thread 7" [_thread_blocked, id=2716, stack(0x0000002a1d200000,0x0000002a1d300000)]
  0x0000013ed6ce5410 JavaThread "Unconstrained build operations Thread 8" [_thread_blocked, id=4296, stack(0x0000002a1d300000,0x0000002a1d400000)]
  0x0000013ed6ce1c60 JavaThread "Unconstrained build operations Thread 9" [_thread_blocked, id=12128, stack(0x0000002a1d400000,0x0000002a1d500000)]
  0x0000013ed6ce5920 JavaThread "Memory manager" [_thread_blocked, id=8720, stack(0x0000002a1d500000,0x0000002a1d600000)]
  0x0000013ed6ce2170 JavaThread "build event listener" [_thread_blocked, id=10696, stack(0x0000002a1d600000,0x0000002a1d700000)]
  0x0000013ed7b59590 JavaThread "included builds" [_thread_blocked, id=7324, stack(0x0000002a1d700000,0x0000002a1d800000)]
  0x0000013ed7b59aa0 JavaThread "Execution worker" [_thread_blocked, id=4068, stack(0x0000002a1d800000,0x0000002a1d900000)]
  0x0000013ed7b57c40 JavaThread "Execution worker Thread 2" [_thread_blocked, id=18868, stack(0x0000002a1d900000,0x0000002a1da00000)]
  0x0000013ed7b562f0 JavaThread "Execution worker Thread 3" [_thread_blocked, id=18884, stack(0x0000002a1da00000,0x0000002a1db00000)]
  0x0000013ed7b57220 JavaThread "Cache worker for execution history cache (C:\flutter\packages\flutter_tools\gradle\.gradle\9.3.1\executionHistory)" [_thread_blocked, id=20604, stack(0x0000002a1db00000,0x0000002a1dc00000)]
  0x0000013ed7b59fb0 JavaThread "Unconstrained build operations Thread 10" [_thread_blocked, id=21116, stack(0x0000002a1dc00000,0x0000002a1dd00000)]
  0x0000013ed7b56800 JavaThread "Unconstrained build operations Thread 11" [_thread_blocked, id=10688, stack(0x0000002a1dd00000,0x0000002a1de00000)]
  0x0000013ed7b5a4c0 JavaThread "Unconstrained build operations Thread 12" [_thread_blocked, id=1564, stack(0x0000002a1de00000,0x0000002a1df00000)]
  0x0000013ed7b56d10 JavaThread "Unconstrained build operations Thread 13" [_thread_blocked, id=21044, stack(0x0000002a1df00000,0x0000002a1e000000)]
  0x0000013ed7b5a9d0 JavaThread "Unconstrained build operations Thread 14" [_thread_blocked, id=8568, stack(0x0000002a1e000000,0x0000002a1e100000)]
  0x0000013ed7b5aee0 JavaThread "Unconstrained build operations Thread 15" [_thread_blocked, id=636, stack(0x0000002a1e100000,0x0000002a1e200000)]
  0x0000013ed7b5b3f0 JavaThread "Unconstrained build operations Thread 16" [_thread_blocked, id=9888, stack(0x0000002a1e200000,0x0000002a1e300000)]
  0x0000013ed7b5b900 JavaThread "Unconstrained build operations Thread 17" [_thread_blocked, id=4284, stack(0x0000002a1e300000,0x0000002a1e400000)]
  0x0000013ed7b58150 JavaThread "Unconstrained build operations Thread 18" [_thread_blocked, id=5932, stack(0x0000002a1e400000,0x0000002a1e500000)]
  0x0000013ed7b5be10 JavaThread "Unconstrained build operations Thread 19" [_thread_blocked, id=1344, stack(0x0000002a1e500000,0x0000002a1e600000)]
  0x0000013ed7b58660 JavaThread "Unconstrained build operations Thread 20" [_thread_blocked, id=14868, stack(0x0000002a1e600000,0x0000002a1e700000)]
  0x0000013ed7b5c830 JavaThread "WorkerExecutor Queue" [_thread_blocked, id=18556, stack(0x0000002a1e700000,0x0000002a1e800000)]
  0x0000013ed7b5d250 JavaThread "RMI Scheduler(0)" daemon [_thread_blocked, id=13916, stack(0x0000002a1e800000,0x0000002a1e900000)]
  0x0000013ed7b5d760 JavaThread "RMI RenewClean-[127.0.0.1:17567,org.jetbrains.kotlin.daemon.common.LoopbackNetworkInterface$ClientLoopbackSocketFactory@40c79389]" daemon [_thread_blocked, id=17712, stack(0x0000002a1e900000,0x0000002a1ea00000)]
  0x0000013ed6bd71a0 JavaThread "RMI GC Daemon" daemon [_thread_blocked, id=1624, stack(0x0000002a1ea00000,0x0000002a1eb00000)]
  0x0000013ed6bda440 JavaThread "RMI TCP Accept-0" daemon [_thread_in_native, id=11700, stack(0x0000002a1eb00000,0x0000002a1ec00000)]
  0x0000013ed6bda950 JavaThread "RMI Reaper" [_thread_blocked, id=20668, stack(0x0000002a1ec00000,0x0000002a1ed00000)]
  0x0000013ed6bd8af0 JavaThread "RMI TCP Connection(2)-127.0.0.1" daemon [_thread_in_native, id=19484, stack(0x0000002a1cb00000,0x0000002a1cc00000)]
  0x0000013ed6bd9510 JavaThread "Unconstrained build operations Thread 21" [_thread_blocked, id=17004, stack(0x0000002a1cc00000,0x0000002a1cd00000)]
  0x0000013ed6bd9a20 JavaThread "Unconstrained build operations Thread 22" [_thread_blocked, id=17516, stack(0x0000002a1ed00000,0x0000002a1ee00000)]
  0x0000013ed6bdae60 JavaThread "Unconstrained build operations Thread 23" [_thread_blocked, id=20848, stack(0x0000002a1ee00000,0x0000002a1ef00000)]
  0x0000013ed6bd9f30 JavaThread "Unconstrained build operations Thread 24" [_thread_blocked, id=7732, stack(0x0000002a1ef00000,0x0000002a1f000000)]
  0x0000013ed6bd76b0 JavaThread "Unconstrained build operations Thread 25" [_thread_blocked, id=12604, stack(0x0000002a1f000000,0x0000002a1f100000)]
  0x0000013ed6bdb370 JavaThread "Unconstrained build operations Thread 26" [_thread_blocked, id=13208, stack(0x0000002a1f100000,0x0000002a1f200000)]
  0x0000013ed6bd85e0 JavaThread "Unconstrained build operations Thread 27" [_thread_blocked, id=10904, stack(0x0000002a1f200000,0x0000002a1f300000)]
  0x0000013ed6bd7bc0 JavaThread "Unconstrained build operations Thread 28" [_thread_blocked, id=13192, stack(0x0000002a1f300000,0x0000002a1f400000)]
  0x0000013ed6bdb880 JavaThread "Unconstrained build operations Thread 29" [_thread_blocked, id=21428, stack(0x0000002a1f400000,0x0000002a1f500000)]

Other Threads:
=>0x0000013eb432d9a0 VMThread "VM Thread" [stack: 0x0000002a1a200000,0x0000002a1a300000] [id=20860]
  0x0000013eb44d5060 WatcherThread [stack: 0x0000002a1ae00000,0x0000002a1af00000] [id=9764]
  0x0000013e96b4c460 GCTaskThread "GC Thread#0" [stack: 0x0000002a19d00000,0x0000002a19e00000] [id=6788]
  0x0000013eb45a4800 GCTaskThread "GC Thread#1" [stack: 0x0000002a1af00000,0x0000002a1b000000] [id=14100]
  0x0000013eb46704d0 GCTaskThread "GC Thread#2" [stack: 0x0000002a1b000000,0x0000002a1b100000] [id=18412]
  0x0000013eb4d26610 GCTaskThread "GC Thread#3" [stack: 0x0000002a1b100000,0x0000002a1b200000] [id=15860]
  0x0000013e96b58fd0 ConcurrentGCThread "G1 Main Marker" [stack: 0x0000002a19e00000,0x0000002a19f00000] [id=10940]
  0x0000013e96b5a910 ConcurrentGCThread "G1 Conc#0" [stack: 0x0000002a19f00000,0x0000002a1a000000] [id=1708]
  0x0000013e96ba8b70 ConcurrentGCThread "G1 Refine#0" [stack: 0x0000002a1a000000,0x0000002a1a100000] [id=19748]
  0x0000013eb4827040 ConcurrentGCThread "G1 Refine#1" [stack: 0x0000002a1c100000,0x0000002a1c200000] [id=19164]
  0x0000013e96ba94c0 ConcurrentGCThread "G1 Service" [stack: 0x0000002a1a100000,0x0000002a1a200000] [id=19160]

Threads with active compile tasks:
C2 CompilerThread0  264796 11183       4       com.esotericsoftware.kryo.io.Output::writeUtf8Length (405 bytes)

VM state: at safepoint (normal execution)

VM Mutex/Monitor currently owned by a thread:  ([mutex/lock_event])
[0x0000013e948afbb0] Threads_lock - owner thread: 0x0000013eb432d9a0
[0x0000013e96b01200] Heap_lock - owner thread: 0x0000013ed4100f50

Heap address: 0x00000000a1800000, size: 1512 MB, Compressed Oops mode: 32-bit

CDS archive(s) mapped at: [0x0000013eb5000000-0x0000013eb5bb0000-0x0000013eb5bb0000), size 12255232, SharedBaseAddress: 0x0000013eb5000000, ArchiveRelocationMode: 1.
Compressed class space mapped at: 0x0000013eb6000000-0x0000013ed0000000, reserved size: 436207616
Narrow klass base: 0x0000013eb5000000, Narrow klass shift: 0, Narrow klass range: 0x100000000

GC Precious Log:
 CPUs: 4 total, 4 available
 Memory: 3971M
 Large Page Support: Disabled
 NUMA Support: Disabled
 Compressed Oops: Enabled (32-bit)
 Heap Region Size: 1M
 Heap Min Capacity: 8M
 Heap Initial Capacity: 64M
 Heap Max Capacity: 1512M
 Pre-touch: Disabled
 Parallel Workers: 4
 Concurrent Workers: 1
 Concurrent Refinement Workers: 4
 Periodic GC: Disabled

Heap:
 garbage-first heap   total 108544K, used 78437K [0x00000000a1800000, 0x0000000100000000)
  region size 1024K, 2 young (2048K), 2 survivors (2048K)
 Metaspace       used 75510K, committed 76480K, reserved 557056K
  class space    used 10728K, committed 11200K, reserved 425984K

Heap Regions: E=young(eden), S=young(survivor), O=old, HS=humongous(starts), HC=humongous(continues), CS=collection set, F=free, OA=open archive, CA=closed archive, TAMS=top-at-mark-start (previous, next)
|   0|0x00000000a1800000, 0x00000000a1900000, 0x00000000a1900000|100%|HS|  |TAMS 0x00000000a1900000, 0x00000000a1800000| Complete 
|   1|0x00000000a1900000, 0x00000000a1a00000, 0x00000000a1a00000|100%|HC|  |TAMS 0x00000000a1a00000, 0x00000000a1900000| Complete 
|   2|0x00000000a1a00000, 0x00000000a1b00000, 0x00000000a1b00000|100%|HC|  |TAMS 0x00000000a1b00000, 0x00000000a1a00000| Complete 
|   3|0x00000000a1b00000, 0x00000000a1c00000, 0x00000000a1c00000|100%|HC|  |TAMS 0x00000000a1c00000, 0x00000000a1b00000| Complete 
|   4|0x00000000a1c00000, 0x00000000a1d00000, 0x00000000a1d00000|100%| O|  |TAMS 0x00000000a1d00000, 0x00000000a1c00000| Untracked 
|   5|0x00000000a1d00000, 0x00000000a1e00000, 0x00000000a1e00000|100%| O|  |TAMS 0x00000000a1e00000, 0x00000000a1d00000| Untracked 
|   6|0x00000000a1e00000, 0x00000000a1f00000, 0x00000000a1f00000|100%| O|  |TAMS 0x00000000a1f00000, 0x00000000a1e00000| Untracked 
|   7|0x00000000a1f00000, 0x00000000a2000000, 0x00000000a2000000|100%| O|  |TAMS 0x00000000a2000000, 0x00000000a1f00000| Untracked 
|   8|0x00000000a2000000, 0x00000000a2100000, 0x00000000a2100000|100%|HS|  |TAMS 0x00000000a2100000, 0x00000000a2000000| Complete 
|   9|0x00000000a2100000, 0x00000000a2200000, 0x00000000a2200000|100%| O|  |TAMS 0x00000000a2200000, 0x00000000a2100000| Untracked 
|  10|0x00000000a2200000, 0x00000000a2300000, 0x00000000a2300000|100%| O|  |TAMS 0x00000000a2300000, 0x00000000a2200000| Untracked 
|  11|0x00000000a2300000, 0x00000000a2400000, 0x00000000a2400000|100%| O|  |TAMS 0x00000000a2400000, 0x00000000a2300000| Untracked 
|  12|0x00000000a2400000, 0x00000000a2500000, 0x00000000a2500000|100%| O|  |TAMS 0x00000000a2500000, 0x00000000a2400000| Untracked 
|  13|0x00000000a2500000, 0x00000000a2600000, 0x00000000a2600000|100%| O|  |TAMS 0x00000000a2600000, 0x00000000a2500000| Untracked 
|  14|0x00000000a2600000, 0x00000000a2700000, 0x00000000a2700000|100%| O|  |TAMS 0x00000000a2700000, 0x00000000a2600000| Untracked 
|  15|0x00000000a2700000, 0x00000000a2800000, 0x00000000a2800000|100%| O|  |TAMS 0x00000000a2800000, 0x00000000a2700000| Untracked 
|  16|0x00000000a2800000, 0x00000000a2900000, 0x00000000a2900000|100%| O|  |TAMS 0x00000000a2900000, 0x00000000a2800000| Untracked 
|  17|0x00000000a2900000, 0x00000000a2a00000, 0x00000000a2a00000|100%| O|  |TAMS 0x00000000a2a00000, 0x00000000a2900000| Untracked 
|  18|0x00000000a2a00000, 0x00000000a2b00000, 0x00000000a2b00000|100%| O|  |TAMS 0x00000000a2b00000, 0x00000000a2a00000| Untracked 
|  19|0x00000000a2b00000, 0x00000000a2c00000, 0x00000000a2c00000|100%| O|  |TAMS 0x00000000a2c00000, 0x00000000a2b00000| Untracked 
|  20|0x00000000a2c00000, 0x00000000a2d00000, 0x00000000a2d00000|100%| O|  |TAMS 0x00000000a2d00000, 0x00000000a2c00000| Untracked 
|  21|0x00000000a2d00000, 0x00000000a2e00000, 0x00000000a2e00000|100%| O|  |TAMS 0x00000000a2e00000, 0x00000000a2d00000| Untracked 
|  22|0x00000000a2e00000, 0x00000000a2f00000, 0x00000000a2f00000|100%| O|  |TAMS 0x00000000a2f00000, 0x00000000a2e00000| Untracked 
|  23|0x00000000a2f00000, 0x00000000a3000000, 0x00000000a3000000|100%| O|  |TAMS 0x00000000a3000000, 0x00000000a2f00000| Untracked 
|  24|0x00000000a3000000, 0x00000000a3100000, 0x00000000a3100000|100%| O|  |TAMS 0x00000000a3100000, 0x00000000a3000000| Untracked 
|  25|0x00000000a3100000, 0x00000000a3200000, 0x00000000a3200000|100%| O|  |TAMS 0x00000000a3200000, 0x00000000a3100000| Untracked 
|  26|0x00000000a3200000, 0x00000000a3300000, 0x00000000a3300000|100%| O|  |TAMS 0x00000000a3300000, 0x00000000a3200000| Untracked 
|  27|0x00000000a3300000, 0x00000000a3400000, 0x00000000a3400000|100%| O|  |TAMS 0x00000000a3400000, 0x00000000a3300000| Untracked 
|  28|0x00000000a3400000, 0x00000000a3500000, 0x00000000a3500000|100%| O|  |TAMS 0x00000000a3500000, 0x00000000a3400000| Untracked 
|  29|0x00000000a3500000, 0x00000000a3600000, 0x00000000a3600000|100%| O|  |TAMS 0x00000000a3600000, 0x00000000a3500000| Untracked 
|  30|0x00000000a3600000, 0x00000000a3700000, 0x00000000a3700000|100%| O|  |TAMS 0x00000000a3700000, 0x00000000a3600000| Untracked 
|  31|0x00000000a3700000, 0x00000000a3800000, 0x00000000a3800000|100%| O|  |TAMS 0x00000000a3800000, 0x00000000a3700000| Untracked 
|  32|0x00000000a3800000, 0x00000000a3900000, 0x00000000a3900000|100%| O|  |TAMS 0x00000000a3900000, 0x00000000a3800000| Untracked 
|  33|0x00000000a3900000, 0x00000000a3a00000, 0x00000000a3a00000|100%| O|  |TAMS 0x00000000a3a00000, 0x00000000a3900000| Untracked 
|  34|0x00000000a3a00000, 0x00000000a3b00000, 0x00000000a3b00000|100%| O|  |TAMS 0x00000000a3a00000, 0x00000000a3a00000| Untracked 
|  35|0x00000000a3b00000, 0x00000000a3c00000, 0x00000000a3c00000|100%| O|  |TAMS 0x00000000a3c00000, 0x00000000a3b00000| Untracked 
|  36|0x00000000a3c00000, 0x00000000a3d00000, 0x00000000a3d00000|100%| O|  |TAMS 0x00000000a3d00000, 0x00000000a3c00000| Untracked 
|  37|0x00000000a3d00000, 0x00000000a3e00000, 0x00000000a3e00000|100%| O|  |TAMS 0x00000000a3e00000, 0x00000000a3d00000| Untracked 
|  38|0x00000000a3e00000, 0x00000000a3f00000, 0x00000000a3f00000|100%| O|  |TAMS 0x00000000a3f00000, 0x00000000a3e00000| Untracked 
|  39|0x00000000a3f00000, 0x00000000a4000000, 0x00000000a4000000|100%| O|  |TAMS 0x00000000a3f2d000, 0x00000000a3f00000| Untracked 
|  40|0x00000000a4000000, 0x00000000a4100000, 0x00000000a4100000|100%| O|  |TAMS 0x00000000a4000000, 0x00000000a4000000| Untracked 
|  41|0x00000000a4100000, 0x00000000a4200000, 0x00000000a4200000|100%| O|  |TAMS 0x00000000a4100000, 0x00000000a4100000| Untracked 
|  42|0x00000000a4200000, 0x00000000a4300000, 0x00000000a4300000|100%| O|  |TAMS 0x00000000a4200000, 0x00000000a4200000| Untracked 
|  43|0x00000000a4300000, 0x00000000a4400000, 0x00000000a4400000|100%|HS|  |TAMS 0x00000000a4300000, 0x00000000a4300000| Complete 
|  44|0x00000000a4400000, 0x00000000a4500000, 0x00000000a4500000|100%|HC|  |TAMS 0x00000000a4400000, 0x00000000a4400000| Complete 
|  45|0x00000000a4500000, 0x00000000a4600000, 0x00000000a4600000|100%|HS|  |TAMS 0x00000000a4500000, 0x00000000a4500000| Complete 
|  46|0x00000000a4600000, 0x00000000a4700000, 0x00000000a4700000|100%|HC|  |TAMS 0x00000000a4600000, 0x00000000a4600000| Complete 
|  47|0x00000000a4700000, 0x00000000a4800000, 0x00000000a4800000|100%| O|  |TAMS 0x00000000a4700000, 0x00000000a4700000| Untracked 
|  48|0x00000000a4800000, 0x00000000a4900000, 0x00000000a4900000|100%| O|  |TAMS 0x00000000a4800000, 0x00000000a4800000| Untracked 
|  49|0x00000000a4900000, 0x00000000a4a00000, 0x00000000a4a00000|100%| O|  |TAMS 0x00000000a4900000, 0x00000000a4900000| Untracked 
|  50|0x00000000a4a00000, 0x00000000a4b00000, 0x00000000a4b00000|100%| O|  |TAMS 0x00000000a4a00000, 0x00000000a4a00000| Untracked 
|  51|0x00000000a4b00000, 0x00000000a4c00000, 0x00000000a4c00000|100%| O|  |TAMS 0x00000000a4b00000, 0x00000000a4b00000| Untracked 
|  52|0x00000000a4c00000, 0x00000000a4d00000, 0x00000000a4d00000|100%| O|  |TAMS 0x00000000a4c00000, 0x00000000a4c00000| Untracked 
|  53|0x00000000a4d00000, 0x00000000a4e00000, 0x00000000a4e00000|100%| O|  |TAMS 0x00000000a4d00000, 0x00000000a4d00000| Untracked 
|  54|0x00000000a4e00000, 0x00000000a4f00000, 0x00000000a4f00000|100%| O|  |TAMS 0x00000000a4e00000, 0x00000000a4e00000| Untracked 
|  55|0x00000000a4f00000, 0x00000000a5000000, 0x00000000a5000000|100%| O|  |TAMS 0x00000000a4f00000, 0x00000000a4f00000| Untracked 
|  56|0x00000000a5000000, 0x00000000a5100000, 0x00000000a5100000|100%| O|  |TAMS 0x00000000a5000000, 0x00000000a5000000| Untracked 
|  57|0x00000000a5100000, 0x00000000a5200000, 0x00000000a5200000|100%| O|  |TAMS 0x00000000a5100000, 0x00000000a5100000| Untracked 
|  58|0x00000000a5200000, 0x00000000a5300000, 0x00000000a5300000|100%| O|  |TAMS 0x00000000a5200000, 0x00000000a5200000| Untracked 
|  59|0x00000000a5300000, 0x00000000a5400000, 0x00000000a5400000|100%| O|  |TAMS 0x00000000a5300000, 0x00000000a5300000| Untracked 
|  60|0x00000000a5400000, 0x00000000a5500000, 0x00000000a5500000|100%| O|  |TAMS 0x00000000a5400000, 0x00000000a5400000| Untracked 
|  61|0x00000000a5500000, 0x00000000a5600000, 0x00000000a5600000|100%| O|  |TAMS 0x00000000a5500000, 0x00000000a5500000| Untracked 
|  62|0x00000000a5600000, 0x00000000a5700000, 0x00000000a5700000|100%| O|  |TAMS 0x00000000a5600000, 0x00000000a5600000| Untracked 
|  63|0x00000000a5700000, 0x00000000a5800000, 0x00000000a5800000|100%| O|  |TAMS 0x00000000a5700000, 0x00000000a5700000| Untracked 
|  64|0x00000000a5800000, 0x00000000a5900000, 0x00000000a5900000|100%| O|  |TAMS 0x00000000a5800000, 0x00000000a5800000| Untracked 
|  65|0x00000000a5900000, 0x00000000a5a00000, 0x00000000a5a00000|100%| O|  |TAMS 0x00000000a5900000, 0x00000000a5900000| Untracked 
|  66|0x00000000a5a00000, 0x00000000a5b00000, 0x00000000a5b00000|100%| O|  |TAMS 0x00000000a5a00000, 0x00000000a5a00000| Untracked 
|  67|0x00000000a5b00000, 0x00000000a5c00000, 0x00000000a5c00000|100%| O|  |TAMS 0x00000000a5b00000, 0x00000000a5b00000| Untracked 
|  68|0x00000000a5c00000, 0x00000000a5d00000, 0x00000000a5d00000|100%| O|  |TAMS 0x00000000a5c00000, 0x00000000a5c00000| Untracked 
|  69|0x00000000a5d00000, 0x00000000a5e00000, 0x00000000a5e00000|100%| O|  |TAMS 0x00000000a5d00000, 0x00000000a5d00000| Untracked 
|  70|0x00000000a5e00000, 0x00000000a5f00000, 0x00000000a5f00000|100%| O|  |TAMS 0x00000000a5e00000, 0x00000000a5e00000| Untracked 
|  71|0x00000000a5f00000, 0x00000000a6000000, 0x00000000a6000000|100%| O|  |TAMS 0x00000000a5f00000, 0x00000000a5f00000| Untracked 
|  72|0x00000000a6000000, 0x00000000a6100000, 0x00000000a6100000|100%| O|  |TAMS 0x00000000a6000000, 0x00000000a6000000| Untracked 
|  73|0x00000000a6100000, 0x00000000a6200000, 0x00000000a6200000|100%| O|  |TAMS 0x00000000a6100000, 0x00000000a6100000| Untracked 
|  74|0x00000000a6200000, 0x00000000a62d8400, 0x00000000a6300000| 84%| O|  |TAMS 0x00000000a6200000, 0x00000000a6200000| Untracked 
|  75|0x00000000a6300000, 0x00000000a6300000, 0x00000000a6400000|  0%| F|  |TAMS 0x00000000a6300000, 0x00000000a6300000| Untracked 
|  76|0x00000000a6400000, 0x00000000a6400000, 0x00000000a6500000|  0%| F|  |TAMS 0x00000000a6400000, 0x00000000a6400000| Untracked 
|  77|0x00000000a6500000, 0x00000000a6500000, 0x00000000a6600000|  0%| F|  |TAMS 0x00000000a6500000, 0x00000000a6500000| Untracked 
|  78|0x00000000a6600000, 0x00000000a6600000, 0x00000000a6700000|  0%| F|  |TAMS 0x00000000a6600000, 0x00000000a6600000| Untracked 
|  79|0x00000000a6700000, 0x00000000a6700000, 0x00000000a6800000|  0%| F|  |TAMS 0x00000000a6700000, 0x00000000a6700000| Untracked 
|  80|0x00000000a6800000, 0x00000000a6800000, 0x00000000a6900000|  0%| F|  |TAMS 0x00000000a6800000, 0x00000000a6800000| Untracked 
|  81|0x00000000a6900000, 0x00000000a6900000, 0x00000000a6a00000|  0%| F|  |TAMS 0x00000000a6900000, 0x00000000a6900000| Untracked 
|  82|0x00000000a6a00000, 0x00000000a6a00000, 0x00000000a6b00000|  0%| F|  |TAMS 0x00000000a6a00000, 0x00000000a6a00000| Untracked 
|  83|0x00000000a6b00000, 0x00000000a6b00000, 0x00000000a6c00000|  0%| F|  |TAMS 0x00000000a6b00000, 0x00000000a6b00000| Untracked 
|  84|0x00000000a6c00000, 0x00000000a6c00000, 0x00000000a6d00000|  0%| F|  |TAMS 0x00000000a6c00000, 0x00000000a6c00000| Untracked 
|  85|0x00000000a6d00000, 0x00000000a6d00000, 0x00000000a6e00000|  0%| F|  |TAMS 0x00000000a6d00000, 0x00000000a6d00000| Untracked 
|  86|0x00000000a6e00000, 0x00000000a6e00000, 0x00000000a6f00000|  0%| F|  |TAMS 0x00000000a6e00000, 0x00000000a6e00000| Untracked 
|  87|0x00000000a6f00000, 0x00000000a6f00000, 0x00000000a7000000|  0%| F|  |TAMS 0x00000000a6f00000, 0x00000000a6f00000| Untracked 
|  88|0x00000000a7000000, 0x00000000a70c1160, 0x00000000a7100000| 75%| S|CS|TAMS 0x00000000a7000000, 0x00000000a7000000| Complete 
|  89|0x00000000a7100000, 0x00000000a7200000, 0x00000000a7200000|100%| S|CS|TAMS 0x00000000a7100000, 0x00000000a7100000| Complete 
|  90|0x00000000a7200000, 0x00000000a7200000, 0x00000000a7300000|  0%| F|  |TAMS 0x00000000a7200000, 0x00000000a7200000| Untracked 
|  91|0x00000000a7300000, 0x00000000a7300000, 0x00000000a7400000|  0%| F|  |TAMS 0x00000000a7300000, 0x00000000a7300000| Untracked 
|  92|0x00000000a7400000, 0x00000000a7400000, 0x00000000a7500000|  0%| F|  |TAMS 0x00000000a7400000, 0x00000000a7400000| Untracked 
|  93|0x00000000a7500000, 0x00000000a7500000, 0x00000000a7600000|  0%| F|  |TAMS 0x00000000a7500000, 0x00000000a7500000| Untracked 
|  94|0x00000000a7600000, 0x00000000a7600000, 0x00000000a7700000|  0%| F|  |TAMS 0x00000000a7600000, 0x00000000a7600000| Untracked 
|  95|0x00000000a7700000, 0x00000000a7700000, 0x00000000a7800000|  0%| F|  |TAMS 0x00000000a7700000, 0x00000000a7700000| Untracked 
|  96|0x00000000a7800000, 0x00000000a7800000, 0x00000000a7900000|  0%| F|  |TAMS 0x00000000a7800000, 0x00000000a7800000| Untracked 
|  97|0x00000000a7900000, 0x00000000a7900000, 0x00000000a7a00000|  0%| F|  |TAMS 0x00000000a7900000, 0x00000000a7900000| Untracked 
|  98|0x00000000a7a00000, 0x00000000a7a00000, 0x00000000a7b00000|  0%| F|  |TAMS 0x00000000a7a00000, 0x00000000a7a00000| Untracked 
|  99|0x00000000a7b00000, 0x00000000a7b00000, 0x00000000a7c00000|  0%| F|  |TAMS 0x00000000a7b00000, 0x00000000a7b00000| Untracked 
| 100|0x00000000a7c00000, 0x00000000a7c00000, 0x00000000a7d00000|  0%| F|  |TAMS 0x00000000a7c00000, 0x00000000a7c00000| Untracked 
| 101|0x00000000a7d00000, 0x00000000a7d00000, 0x00000000a7e00000|  0%| F|  |TAMS 0x00000000a7d00000, 0x00000000a7d00000| Untracked 
| 102|0x00000000a7e00000, 0x00000000a7e00000, 0x00000000a7f00000|  0%| F|  |TAMS 0x00000000a7e00000, 0x00000000a7e00000| Untracked 
| 103|0x00000000a7f00000, 0x00000000a7f00000, 0x00000000a8000000|  0%| F|  |TAMS 0x00000000a7f00000, 0x00000000a7f00000| Untracked 
| 104|0x00000000a8000000, 0x00000000a8000000, 0x00000000a8100000|  0%| F|  |TAMS 0x00000000a8000000, 0x00000000a8000000| Untracked 
| 105|0x00000000a8100000, 0x00000000a8100000, 0x00000000a8200000|  0%| F|  |TAMS 0x00000000a8100000, 0x00000000a8100000| Untracked 

Card table byte_map: [0x0000013eae970000,0x0000013eaec70000] _byte_map_base: 0x0000013eae464000

Marking Bits (Prev, Next): (CMBitMap*) 0x0000013e96b4c9a0, (CMBitMap*) 0x0000013e96b4c9e0
 Prev Bits: [0x0000013eaef70000, 0x0000013eb0710000)
 Next Bits: [0x0000013eb0710000, 0x0000013eb1eb0000)

Polling page: 0x0000013e94970000

Metaspace:

Usage:
  Non-class:     63.26 MB used.
      Class:     10.48 MB used.
       Both:     73.74 MB used.

Virtual space:
  Non-class space:      128.00 MB reserved,      63.75 MB ( 50%) committed,  2 nodes.
      Class space:      416.00 MB reserved,      10.94 MB (  3%) committed,  1 nodes.
             Both:      544.00 MB reserved,      74.69 MB ( 14%) committed. 

Chunk freelists:
   Non-Class:  15.45 MB
       Class:  4.94 MB
        Both:  20.40 MB

MaxMetaspaceSize: 512.00 MB
CompressedClassSpaceSize: 416.00 MB
Initial GC threshold: 21.00 MB
Current GC threshold: 75.31 MB
CDS: on
MetaspaceReclaimPolicy: balanced
 - commit_granule_bytes: 65536.
 - commit_granule_words: 8192.
 - virtual_space_node_default_size: 8388608.
 - enlarge_chunks_in_place: 1.
 - new_chunks_are_fully_committed: 0.
 - uncommit_free_chunks: 1.
 - use_allocation_guard: 0.
 - handle_deallocations: 1.


Internal statistics:

num_allocs_failed_limit: 6.
num_arena_births: 1584.
num_arena_deaths: 0.
num_vsnodes_births: 3.
num_vsnodes_deaths: 0.
num_space_committed: 1195.
num_space_uncommitted: 0.
num_chunks_returned_to_freelist: 6.
num_chunks_taken_from_freelist: 5091.
num_chunk_merges: 3.
num_chunk_splits: 3141.
num_chunks_enlarged: 1837.
num_inconsistent_stats: 0.

CodeHeap 'non-profiled nmethods': size=128192Kb used=6049Kb max_used=6136Kb free=122142Kb
 bounds [0x0000013ea6940000, 0x0000013ea6f40000, 0x0000013eae670000]
CodeHeap 'profiled nmethods': size=128192Kb used=18692Kb max_used=18692Kb free=109499Kb
 bounds [0x0000013e9e670000, 0x0000013e9f8c0000, 0x0000013ea63a0000]
CodeHeap 'non-nmethods': size=5760Kb used=1723Kb max_used=1794Kb free=4036Kb
 bounds [0x0000013ea63a0000, 0x0000013ea6610000, 0x0000013ea6940000]
 total_blobs=10424 nmethods=9603 adapters=733
 compilation: enabled
              stopped_count=0, restarted_count=0
 full_count=0

Compilation events (20 events):
Event: 264.392 Thread 0x0000013eb435da10 nmethod 11173 0x0000013e9f8b3e10 code [0x0000013e9f8b3fc0, 0x0000013e9f8b4238]
Event: 264.392 Thread 0x0000013eb435da10 11174       3       java.util.Collections$2::<init> (15 bytes)
Event: 264.392 Thread 0x0000013eb435da10 nmethod 11174 0x0000013e9f8b4310 code [0x0000013e9f8b44c0, 0x0000013e9f8b4698]
Event: 264.426 Thread 0x0000013eb4356db0 11175       4       org.gradle.internal.serialize.kryo.KryoBackedEncoder::flush (8 bytes)
Event: 264.429 Thread 0x0000013eb4356db0 nmethod 11175 0x0000013ea6d7f810 code [0x0000013ea6d7f9a0, 0x0000013ea6d7fab8]
Event: 264.429 Thread 0x0000013eb4356db0 11176       4       org.gradle.internal.file.RandomAccessFileInputStream::read (11 bytes)
Event: 264.430 Thread 0x0000013eb4356db0 nmethod 11176 0x0000013ea6d7f490 code [0x0000013ea6d7f620, 0x0000013ea6d7f6e8]
Event: 264.430 Thread 0x0000013eb4356db0 11177       4       com.google.common.cache.LocalCache$EntryFactory$2::newEntry (12 bytes)
Event: 264.444 Thread 0x0000013eb4356db0 nmethod 11177 0x0000013ea6d7ec10 code [0x0000013ea6d7eda0, 0x0000013ea6d7f378]
Event: 264.465 Thread 0x0000013eb435da10 11178       3       java.util.Collections$2::forEachRemaining (7 bytes)
Event: 264.465 Thread 0x0000013eb435da10 nmethod 11178 0x0000013e9f8b4790 code [0x0000013e9f8b4940, 0x0000013e9f8b4a88]
Event: 264.513 Thread 0x0000013eb4356db0 11179   !   4       org.gradle.internal.serialize.kryo.KryoBackedDecoder::readBytes (23 bytes)
Event: 264.526 Thread 0x0000013eb4356db0 nmethod 11179 0x0000013ea6d7e410 code [0x0000013ea6d7e5c0, 0x0000013ea6d7e958]
Event: 264.526 Thread 0x0000013eb4356db0 11180       4       com.esotericsoftware.kryo.io.Input::readBytes (93 bytes)
Event: 264.533 Thread 0x0000013eb4356db0 nmethod 11180 0x0000013ea6d7dd90 code [0x0000013ea6d7df20, 0x0000013ea6d7e228]
Event: 264.562 Thread 0x0000013eb4356db0 11181       4       java.io.DataOutputStream::writeInt (62 bytes)
Event: 264.565 Thread 0x0000013eb4356db0 nmethod 11181 0x0000013ea6d7d990 code [0x0000013ea6d7db20, 0x0000013ea6d7dc58]
Event: 264.585 Thread 0x0000013eb4356db0 11182       4       java.lang.Enum::hashCode (5 bytes)
Event: 264.587 Thread 0x0000013eb4356db0 nmethod 11182 0x0000013ea6d7d690 code [0x0000013ea6d7d820, 0x0000013ea6d7d8e8]
Event: 264.604 Thread 0x0000013eb4356db0 11183       4       com.esotericsoftware.kryo.io.Output::writeUtf8Length (405 bytes)

GC Heap History (20 events):
Event: 155.253 GC heap after
{Heap after GC invocations=67 (full 0):
 garbage-first heap   total 89088K, used 65925K [0x00000000a1800000, 0x0000000100000000)
  region size 1024K, 2 young (2048K), 2 survivors (2048K)
 Metaspace       used 69773K, committed 70784K, reserved 491520K
  class space    used 10021K, committed 10496K, reserved 425984K
}
Event: 157.837 GC heap before
{Heap before GC invocations=67 (full 0):
 garbage-first heap   total 89088K, used 75141K [0x00000000a1800000, 0x0000000100000000)
  region size 1024K, 11 young (11264K), 2 survivors (2048K)
 Metaspace       used 70479K, committed 71424K, reserved 491520K
  class space    used 10153K, committed 10624K, reserved 425984K
}
Event: 157.857 GC heap after
{Heap after GC invocations=68 (full 0):
 garbage-first heap   total 89088K, used 66322K [0x00000000a1800000, 0x0000000100000000)
  region size 1024K, 1 young (1024K), 1 survivors (1024K)
 Metaspace       used 70479K, committed 71424K, reserved 491520K
  class space    used 10153K, committed 10624K, reserved 425984K
}
Event: 158.599 GC heap before
{Heap before GC invocations=68 (full 0):
 garbage-first heap   total 89088K, used 74514K [0x00000000a1800000, 0x0000000100000000)
  region size 1024K, 10 young (10240K), 1 survivors (1024K)
 Metaspace       used 71282K, committed 72192K, reserved 491520K
  class space    used 10238K, committed 10688K, reserved 425984K
}
Event: 158.608 GC heap after
{Heap after GC invocations=69 (full 0):
 garbage-first heap   total 89088K, used 67766K [0x00000000a1800000, 0x0000000100000000)
  region size 1024K, 2 young (2048K), 2 survivors (2048K)
 Metaspace       used 71282K, committed 72192K, reserved 491520K
  class space    used 10238K, committed 10688K, reserved 425984K
}
Event: 159.823 GC heap before
{Heap before GC invocations=69 (full 0):
 garbage-first heap   total 89088K, used 73910K [0x00000000a1800000, 0x0000000100000000)
  region size 1024K, 9 young (9216K), 2 survivors (2048K)
 Metaspace       used 72112K, committed 73088K, reserved 491520K
  class space    used 10337K, committed 10816K, reserved 425984K
}
Event: 159.849 GC heap after
{Heap after GC invocations=70 (full 0):
 garbage-first heap   total 108544K, used 68384K [0x00000000a1800000, 0x0000000100000000)
  region size 1024K, 1 young (1024K), 1 survivors (1024K)
 Metaspace       used 72112K, committed 73088K, reserved 491520K
  class space    used 10337K, committed 10816K, reserved 425984K
}
Event: 165.358 GC heap before
{Heap before GC invocations=70 (full 0):
 garbage-first heap   total 108544K, used 87840K [0x00000000a1800000, 0x0000000100000000)
  region size 1024K, 21 young (21504K), 1 survivors (1024K)
 Metaspace       used 74532K, committed 75520K, reserved 491520K
  class space    used 10654K, committed 11136K, reserved 425984K
}
Event: 165.371 GC heap after
{Heap after GC invocations=71 (full 0):
 garbage-first heap   total 108544K, used 70213K [0x00000000a1800000, 0x0000000100000000)
  region size 1024K, 3 young (3072K), 3 survivors (3072K)
 Metaspace       used 74532K, committed 75520K, reserved 491520K
  class space    used 10654K, committed 11136K, reserved 425984K
}
Event: 257.808 GC heap before
{Heap before GC invocations=71 (full 0):
 garbage-first heap   total 108544K, used 89669K [0x00000000a1800000, 0x0000000100000000)
  region size 1024K, 22 young (22528K), 3 survivors (3072K)
 Metaspace       used 75174K, committed 76224K, reserved 557056K
  class space    used 10718K, committed 11200K, reserved 425984K
}
Event: 257.941 GC heap after
{Heap after GC invocations=72 (full 0):
 garbage-first heap   total 108544K, used 72471K [0x00000000a1800000, 0x0000000100000000)
  region size 1024K, 3 young (3072K), 3 survivors (3072K)
 Metaspace       used 75174K, committed 76224K, reserved 557056K
  class space    used 10718K, committed 11200K, reserved 425984K
}
Event: 259.663 GC heap before
{Heap before GC invocations=72 (full 0):
 garbage-first heap   total 108544K, used 89879K [0x00000000a1800000, 0x0000000100000000)
  region size 1024K, 20 young (20480K), 3 survivors (3072K)
 Metaspace       used 75393K, committed 76416K, reserved 557056K
  class space    used 10726K, committed 11200K, reserved 425984K
}
Event: 259.699 GC heap after
{Heap after GC invocations=73 (full 0):
 garbage-first heap   total 108544K, used 74936K [0x00000000a1800000, 0x0000000100000000)
  region size 1024K, 3 young (3072K), 3 survivors (3072K)
 Metaspace       used 75393K, committed 76416K, reserved 557056K
  class space    used 10726K, committed 11200K, reserved 425984K
}
Event: 261.065 GC heap before
{Heap before GC invocations=73 (full 0):
 garbage-first heap   total 108544K, used 89272K [0x00000000a1800000, 0x0000000100000000)
  region size 1024K, 18 young (18432K), 3 survivors (3072K)
 Metaspace       used 75469K, committed 76480K, reserved 557056K
  class space    used 10728K, committed 11200K, reserved 425984K
}
Event: 261.092 GC heap after
{Heap after GC invocations=74 (full 0):
 garbage-first heap   total 108544K, used 75855K [0x00000000a1800000, 0x0000000100000000)
  region size 1024K, 1 young (1024K), 1 survivors (1024K)
 Metaspace       used 75469K, committed 76480K, reserved 557056K
  class space    used 10728K, committed 11200K, reserved 425984K
}
Event: 262.679 GC heap before
{Heap before GC invocations=74 (full 0):
 garbage-first heap   total 108544K, used 90191K [0x00000000a1800000, 0x0000000100000000)
  region size 1024K, 16 young (16384K), 1 survivors (1024K)
 Metaspace       used 75502K, committed 76480K, reserved 557056K
  class space    used 10728K, committed 11200K, reserved 425984K
}
Event: 262.688 GC heap after
{Heap after GC invocations=75 (full 0):
 garbage-first heap   total 108544K, used 76675K [0x00000000a1800000, 0x0000000100000000)
  region size 1024K, 2 young (2048K), 2 survivors (2048K)
 Metaspace       used 75502K, committed 76480K, reserved 557056K
  class space    used 10728K, committed 11200K, reserved 425984K
}
Event: 263.619 GC heap before
{Heap before GC invocations=75 (full 0):
 garbage-first heap   total 108544K, used 91011K [0x00000000a1800000, 0x0000000100000000)
  region size 1024K, 17 young (17408K), 2 survivors (2048K)
 Metaspace       used 75508K, committed 76480K, reserved 557056K
  class space    used 10728K, committed 11200K, reserved 425984K
}
Event: 263.630 GC heap after
{Heap after GC invocations=76 (full 0):
 garbage-first heap   total 108544K, used 77461K [0x00000000a1800000, 0x0000000100000000)
  region size 1024K, 2 young (2048K), 2 survivors (2048K)
 Metaspace       used 75508K, committed 76480K, reserved 557056K
  class space    used 10728K, committed 11200K, reserved 425984K
}
Event: 264.617 GC heap before
{Heap before GC invocations=76 (full 0):
 garbage-first heap   total 108544K, used 91797K [0x00000000a1800000, 0x0000000100000000)
  region size 1024K, 17 young (17408K), 2 survivors (2048K)
 Metaspace       used 75510K, committed 76480K, reserved 557056K
  class space    used 10728K, committed 11200K, reserved 425984K
}

Dll operation events (16 events):
Event: 0.035 Loaded shared library C:\Program Files\Microsoft\jdk-17.0.18.8-hotspot\bin\java.dll
Event: 0.272 Loaded shared library C:\Program Files\Microsoft\jdk-17.0.18.8-hotspot\bin\jsvml.dll
Event: 0.751 Loaded shared library C:\Program Files\Microsoft\jdk-17.0.18.8-hotspot\bin\zip.dll
Event: 0.761 Loaded shared library C:\Program Files\Microsoft\jdk-17.0.18.8-hotspot\bin\instrument.dll
Event: 0.792 Loaded shared library C:\Program Files\Microsoft\jdk-17.0.18.8-hotspot\bin\net.dll
Event: 0.801 Loaded shared library C:\Program Files\Microsoft\jdk-17.0.18.8-hotspot\bin\nio.dll
Event: 0.820 Loaded shared library C:\Program Files\Microsoft\jdk-17.0.18.8-hotspot\bin\zip.dll
Event: 2.278 Loaded shared library C:\Program Files\Microsoft\jdk-17.0.18.8-hotspot\bin\jimage.dll
Event: 3.307 Loaded shared library C:\Program Files\Microsoft\jdk-17.0.18.8-hotspot\bin\verify.dll
Event: 3.703 Loaded shared library C:\Users\triK\.gradle\native\660c5614fbf4a5f2a75b1949f50a0caf5cd603558e7d8a26e50b933a0cfb79d1\windows-amd64\native-platform.dll
Event: 3.823 Loaded shared library C:\Users\triK\.gradle\native\0.2.8\x86_64-windows-gnu\gradle-fileevents.dll
Event: 14.100 Loaded shared library C:\Program Files\Microsoft\jdk-17.0.18.8-hotspot\bin\management.dll
Event: 14.126 Loaded shared library C:\Program Files\Microsoft\jdk-17.0.18.8-hotspot\bin\management_ext.dll
Event: 15.694 Loaded shared library C:\Program Files\Microsoft\jdk-17.0.18.8-hotspot\bin\extnet.dll
Event: 17.679 Loaded shared library C:\Program Files\Microsoft\jdk-17.0.18.8-hotspot\bin\sunmscapi.dll
Event: 164.942 Loaded shared library C:\Program Files\Microsoft\jdk-17.0.18.8-hotspot\bin\rmi.dll

Deoptimization events (20 events):
Event: 262.017 Thread 0x0000013ed6bdb880 Uncommon trap: trap_request=0xffffff45 fr.pc=0x0000013ea6a134f4 relative=0x0000000000001494
Event: 262.017 Thread 0x0000013ed6bdb880 Uncommon trap: reason=unstable_if action=reinterpret pc=0x0000013ea6a134f4 method=java.util.concurrent.ConcurrentHashMap.transfer([Ljava/util/concurrent/ConcurrentHashMap$Node;[Ljava/util/concurrent/ConcurrentHashMap$Node;)V @ 34 c2
Event: 262.017 Thread 0x0000013ed6bdb880 DEOPT PACKING pc=0x0000013ea6a134f4 sp=0x0000002a1f4fdf40
Event: 262.017 Thread 0x0000013ed6bdb880 DEOPT UNPACKING pc=0x0000013ea63f69a3 sp=0x0000002a1f4fded8 mode 2
Event: 262.041 Thread 0x0000013ed4101e80 Uncommon trap: trap_request=0xffffffde fr.pc=0x0000013ea697eae8 relative=0x00000000000002a8
Event: 262.041 Thread 0x0000013ed4101e80 Uncommon trap: reason=class_check action=maybe_recompile pc=0x0000013ea697eae8 method=java.util.concurrent.ConcurrentHashMap.get(Ljava/lang/Object;)Ljava/lang/Object; @ 93 c2
Event: 262.041 Thread 0x0000013ed4101e80 DEOPT PACKING pc=0x0000013ea697eae8 sp=0x0000002a1b8f67d0
Event: 262.041 Thread 0x0000013ed4101e80 DEOPT UNPACKING pc=0x0000013ea63f69a3 sp=0x0000002a1b8f6728 mode 2
Event: 262.042 Thread 0x0000013ed4101e80 Uncommon trap: trap_request=0xffffffde fr.pc=0x0000013ea697eae8 relative=0x00000000000002a8
Event: 262.042 Thread 0x0000013ed4101e80 Uncommon trap: reason=class_check action=maybe_recompile pc=0x0000013ea697eae8 method=java.util.concurrent.ConcurrentHashMap.get(Ljava/lang/Object;)Ljava/lang/Object; @ 93 c2
Event: 262.042 Thread 0x0000013ed4101e80 DEOPT PACKING pc=0x0000013ea697eae8 sp=0x0000002a1b8f67d0
Event: 262.042 Thread 0x0000013ed4101e80 DEOPT UNPACKING pc=0x0000013ea63f69a3 sp=0x0000002a1b8f6728 mode 2
Event: 262.046 Thread 0x0000013ed6bd85e0 Uncommon trap: trap_request=0xffffffde fr.pc=0x0000013ea697eae8 relative=0x00000000000002a8
Event: 262.046 Thread 0x0000013ed6bd85e0 Uncommon trap: reason=class_check action=maybe_recompile pc=0x0000013ea697eae8 method=java.util.concurrent.ConcurrentHashMap.get(Ljava/lang/Object;)Ljava/lang/Object; @ 93 c2
Event: 262.046 Thread 0x0000013ed6bd85e0 DEOPT PACKING pc=0x0000013ea697eae8 sp=0x0000002a1f2fe0a0
Event: 262.047 Thread 0x0000013ed6bdb880 Uncommon trap: trap_request=0xffffffde fr.pc=0x0000013ea697eae8 relative=0x00000000000002a8
Event: 262.047 Thread 0x0000013ed6bdb880 Uncommon trap: reason=class_check action=maybe_recompile pc=0x0000013ea697eae8 method=java.util.concurrent.ConcurrentHashMap.get(Ljava/lang/Object;)Ljava/lang/Object; @ 93 c2
Event: 262.047 Thread 0x0000013ed6bdb880 DEOPT PACKING pc=0x0000013ea697eae8 sp=0x0000002a1f4fe060
Event: 262.047 Thread 0x0000013ed6bd85e0 DEOPT UNPACKING pc=0x0000013ea63f69a3 sp=0x0000002a1f2fdff8 mode 2
Event: 262.048 Thread 0x0000013ed6bdb880 DEOPT UNPACKING pc=0x0000013ea63f69a3 sp=0x0000002a1f4fdfb8 mode 2

Classes loaded (20 events):
Event: 165.351 Loading class java/rmi/server/ServerNotActiveException
Event: 165.356 Loading class java/rmi/server/ServerNotActiveException done
Event: 165.448 Loading class sun/rmi/transport/DGCAckHandler
Event: 165.449 Loading class sun/rmi/transport/DGCAckHandler done
Event: 165.549 Loading class sun/rmi/transport/DGCAckHandler$1
Event: 165.549 Loading class sun/rmi/transport/DGCAckHandler$1 done
Event: 165.847 Loading class sun/rmi/transport/tcp/TCPTransport$ConnectionHandler
Event: 165.849 Loading class sun/rmi/transport/tcp/TCPTransport$ConnectionHandler done
Event: 165.865 Loading class sun/rmi/transport/Transport$1
Event: 165.865 Loading class sun/rmi/transport/Transport$1 done
Event: 165.868 Loading class sun/rmi/transport/DGCImpl$LeaseInfo
Event: 165.869 Loading class sun/rmi/transport/DGCImpl$LeaseInfo done
Event: 165.869 Loading class sun/rmi/transport/DGCImpl$1
Event: 165.869 Loading class sun/rmi/transport/DGCImpl$1 done
Event: 165.869 Loading class sun/rmi/transport/SequenceEntry
Event: 165.869 Loading class sun/rmi/transport/SequenceEntry done
Event: 178.970 Loading class java/time/Instant$1
Event: 178.989 Loading class java/time/Instant$1 done
Event: 256.429 Loading class java/util/concurrent/ConcurrentLinkedQueue$Itr
Event: 256.436 Loading class java/util/concurrent/ConcurrentLinkedQueue$Itr done

Classes unloaded (0 events):
No events

Classes redefined (0 events):
No events

Internal exceptions (20 events):
Event: 165.090 Thread 0x0000013ed7b5d760 Exception <a 'java/lang/InterruptedException'{0x00000000a70d4b48}> (0x00000000a70d4b48) 
thrown [s\src\hotspot\share\runtime\objectMonitor.cpp, line 1658]
Event: 165.091 Thread 0x0000013ed7b5d760 Exception <a 'java/lang/NoSuchMethodError'{0x00000000a70d5fa8}: 'java.lang.Object java.lang.invoke.DirectMethodHandle$Holder.invokeSpecial(java.lang.Object, java.lang.Object, int, java.lang.Object, long)'> (0x00000000a70d5fa8) 
thrown [s\src\hotspot\share\interpreter\linkResolver.cpp, line 759]
Event: 165.093 Thread 0x0000013ed7b5d760 Exception <a 'java/lang/NoSuchMethodError'{0x00000000a70dd440}: 'java.lang.Object java.lang.invoke.DirectMethodHandle$Holder.newInvokeSpecial(java.lang.Object, java.lang.Object, int, java.lang.Object, long)'> (0x00000000a70dd440) 
thrown [s\src\hotspot\share\interpreter\linkResolver.cpp, line 759]
Event: 165.180 Thread 0x0000013ed7b5c830 Exception <a 'java/lang/NoSuchMethodError'{0x00000000a6f1a690}: static Lorg/jetbrains/kotlin/daemon/common/CompileService$CallResult;.<clinit>()V> (0x00000000a6f1a690) 
thrown [s\src\hotspot\share\prims\jni.cpp, line 1112]
Event: 165.184 Thread 0x0000013ed7b5c830 Exception <a 'java/lang/NoSuchMethodError'{0x00000000a6f266d0}: static Lorg/jetbrains/kotlin/daemon/common/CompileService$CallResult$Good;.<clinit>()V> (0x00000000a6f266d0) 
thrown [s\src\hotspot\share\prims\jni.cpp, line 1112]
Event: 165.187 Thread 0x0000013ed7b5c830 Exception <a 'java/lang/NoSuchMethodError'{0x00000000a6f33b00}: static Lorg/jetbrains/kotlin/daemon/common/DaemonJVMOptions;.<clinit>()V> (0x00000000a6f33b00) 
thrown [s\src\hotspot\share\prims\jni.cpp, line 1112]
Event: 165.217 Thread 0x0000013ed7b5c830 Exception <a 'java/lang/NoSuchMethodError'{0x00000000a6f745f0}: static Lorg/jetbrains/kotlin/daemon/common/CompileService$CallResult$Ok;.<clinit>()V> (0x00000000a6f745f0) 
thrown [s\src\hotspot\share\prims\jni.cpp, line 1112]
Event: 165.327 Thread 0x0000013ed7b5c830 Exception <a 'java/lang/NoSuchMethodError'{0x00000000a6eaccd8}: static [Ljava/lang/Integer;.<clinit>()V> (0x00000000a6eaccd8) 
thrown [s\src\hotspot\share\prims\jni.cpp, line 1112]
Event: 256.020 Thread 0x0000013ed7b59aa0 Exception <a 'sun/nio/fs/WindowsException'{0x00000000a79f7e38}> (0x00000000a79f7e38) 
thrown [s\src\hotspot\share\prims\jni.cpp, line 516]
Event: 256.023 Thread 0x0000013ed7b59aa0 Exception <a 'sun/nio/fs/WindowsException'{0x00000000a79f9f30}> (0x00000000a79f9f30) 
thrown [s\src\hotspot\share\prims\jni.cpp, line 516]
Event: 256.026 Thread 0x0000013ed7b59aa0 Exception <a 'sun/nio/fs/WindowsException'{0x00000000a79fbeb8}> (0x00000000a79fbeb8) 
thrown [s\src\hotspot\share\prims\jni.cpp, line 516]
Event: 256.028 Thread 0x0000013ed7b59aa0 Exception <a 'sun/nio/fs/WindowsException'{0x00000000a79fda98}> (0x00000000a79fda98) 
thrown [s\src\hotspot\share\prims\jni.cpp, line 516]
Event: 256.116 Thread 0x0000013ed7b59aa0 Exception <a 'sun/nio/fs/WindowsException'{0x00000000a7888a18}> (0x00000000a7888a18) 
thrown [s\src\hotspot\share\prims\jni.cpp, line 516]
Event: 256.118 Thread 0x0000013ed7b59aa0 Exception <a 'sun/nio/fs/WindowsException'{0x00000000a788a8b8}> (0x00000000a788a8b8) 
thrown [s\src\hotspot\share\prims\jni.cpp, line 516]
Event: 256.120 Thread 0x0000013ed7b59aa0 Exception <a 'sun/nio/fs/WindowsException'{0x00000000a788c480}> (0x00000000a788c480) 
thrown [s\src\hotspot\share\prims\jni.cpp, line 516]
Event: 256.128 Thread 0x0000013ed7b59aa0 Exception <a 'sun/nio/fs/WindowsException'{0x00000000a7890ec8}> (0x00000000a7890ec8) 
thrown [s\src\hotspot\share\prims\jni.cpp, line 516]
Event: 256.207 Thread 0x0000013ed7b59aa0 Exception <a 'sun/nio/fs/WindowsException'{0x00000000a78a19d8}> (0x00000000a78a19d8) 
thrown [s\src\hotspot\share\prims\jni.cpp, line 516]
Event: 256.209 Thread 0x0000013ed7b59aa0 Exception <a 'sun/nio/fs/WindowsException'{0x00000000a78a5218}> (0x00000000a78a5218) 
thrown [s\src\hotspot\share\prims\jni.cpp, line 516]
Event: 259.284 Thread 0x0000013ed6bd9f30 Implicit null exception at 0x0000013ea6e7b3ec to 0x0000013ea6e7d6f8
Event: 259.285 Thread 0x0000013ed6bdb370 Implicit null exception at 0x0000013ea6e7b3ec to 0x0000013ea6e7d6f8

VM Operations (20 events):
Event: 255.184 Executing VM operation: Cleanup done
Event: 255.802 Executing VM operation: HandshakeAllThreads
Event: 255.802 Executing VM operation: HandshakeAllThreads done
Event: 256.803 Executing VM operation: Cleanup
Event: 256.803 Executing VM operation: Cleanup done
Event: 257.804 Executing VM operation: G1CollectForAllocation
Event: 257.941 Executing VM operation: G1CollectForAllocation done
Event: 259.662 Executing VM operation: G1CollectForAllocation
Event: 259.699 Executing VM operation: G1CollectForAllocation done
Event: 260.328 Executing VM operation: HandshakeAllThreads
Event: 260.328 Executing VM operation: HandshakeAllThreads done
Event: 261.065 Executing VM operation: G1CollectForAllocation
Event: 261.092 Executing VM operation: G1CollectForAllocation done
Event: 262.095 Executing VM operation: Cleanup
Event: 262.095 Executing VM operation: Cleanup done
Event: 262.679 Executing VM operation: G1CollectForAllocation
Event: 262.688 Executing VM operation: G1CollectForAllocation done
Event: 263.615 Executing VM operation: G1CollectForAllocation
Event: 263.630 Executing VM operation: G1CollectForAllocation done
Event: 264.617 Executing VM operation: G1CollectForAllocation

Memory protections (0 events):
No events

Nmethod flushes (20 events):
Event: 253.271 Thread 0x0000013eb4366a00 flushing  nmethod 0x0000013e9f43ee10
Event: 253.271 Thread 0x0000013eb4366a00 flushing  nmethod 0x0000013e9f43ff10
Event: 253.271 Thread 0x0000013eb4366a00 flushing  nmethod 0x0000013e9f445d10
Event: 253.271 Thread 0x0000013eb4366a00 flushing  nmethod 0x0000013e9f44ca10
Event: 253.271 Thread 0x0000013eb4366a00 flushing  nmethod 0x0000013e9f450410
Event: 253.272 Thread 0x0000013eb4366a00 flushing  nmethod 0x0000013e9f484290
Event: 253.272 Thread 0x0000013eb4366a00 flushing  nmethod 0x0000013e9f496d90
Event: 253.273 Thread 0x0000013eb4366a00 flushing  nmethod 0x0000013e9f4d6f90
Event: 253.273 Thread 0x0000013eb4366a00 flushing  nmethod 0x0000013e9f4e7990
Event: 253.274 Thread 0x0000013eb4366a00 flushing  nmethod 0x0000013e9f5ae310
Event: 253.277 Thread 0x0000013eb4366a00 flushing  nmethod 0x0000013e9f5b0310
Event: 253.281 Thread 0x0000013eb4366a00 flushing  nmethod 0x0000013e9f6a5290
Event: 253.281 Thread 0x0000013eb4366a00 flushing  nmethod 0x0000013e9f6a5b10
Event: 253.281 Thread 0x0000013eb4366a00 flushing  nmethod 0x0000013e9f6a6110
Event: 253.281 Thread 0x0000013eb4366a00 flushing  nmethod 0x0000013e9f6bfb90
Event: 253.282 Thread 0x0000013eb4366a00 flushing  nmethod 0x0000013e9f6e6690
Event: 253.283 Thread 0x0000013eb4366a00 flushing  nmethod 0x0000013e9f72fb10
Event: 253.284 Thread 0x0000013eb4366a00 flushing  nmethod 0x0000013e9f744690
Event: 253.284 Thread 0x0000013eb4366a00 flushing  nmethod 0x0000013e9f744b90
Event: 253.286 Thread 0x0000013eb4366a00 flushing  nmethod 0x0000013e9f83de10

Events (20 events):
Event: 164.835 Thread 0x0000013ed7b5c830 Thread added: 0x0000013ed7b5d250
Event: 164.919 Thread 0x0000013ed7b5c830 Thread added: 0x0000013ed7b5d760
Event: 164.959 Thread 0x0000013ed7b5c830 Thread added: 0x0000013ed6bd71a0
Event: 165.291 Thread 0x0000013ed7b5c830 Thread added: 0x0000013ed6bda440
Event: 165.292 Thread 0x0000013ed7b5c830 Thread added: 0x0000013ed6bda950
Event: 165.850 Thread 0x0000013ed6bda440 Thread added: 0x0000013ed6bd9000
Event: 218.706 Thread 0x0000013ed7b58b70 Thread exited: 0x0000013ed7b58b70
Event: 240.981 Thread 0x0000013ed6bd9000 Thread exited: 0x0000013ed6bd9000
Event: 241.100 Thread 0x0000013ed6bda440 Thread added: 0x0000013ed6bd8af0
Event: 253.226 Thread 0x0000013eb4356db0 Thread added: 0x0000013ed4403a90
Event: 253.488 Thread 0x0000013ed4403a90 Thread exited: 0x0000013ed4403a90
Event: 257.757 Thread 0x0000013ed4101e80 Thread added: 0x0000013ed6bd9510
Event: 257.757 Thread 0x0000013ed4101e80 Thread added: 0x0000013ed6bd9a20
Event: 257.758 Thread 0x0000013ed4101e80 Thread added: 0x0000013ed6bdae60
Event: 258.838 Thread 0x0000013ed4101e80 Thread added: 0x0000013ed6bd9f30
Event: 258.850 Thread 0x0000013ed4101e80 Thread added: 0x0000013ed6bd76b0
Event: 258.863 Thread 0x0000013ed4101e80 Thread added: 0x0000013ed6bdb370
Event: 260.439 Thread 0x0000013ed4101e80 Thread added: 0x0000013ed6bd85e0
Event: 260.442 Thread 0x0000013ed4101e80 Thread added: 0x0000013ed6bd7bc0
Event: 260.446 Thread 0x0000013ed4101e80 Thread added: 0x0000013ed6bdb880


Dynamic libraries:
0x00007ff693920000 - 0x00007ff69392e000 	C:\Program Files\Microsoft\jdk-17.0.18.8-hotspot\bin\java.exe
0x00007ffcfe4c0000 - 0x00007ffcfe726000 	C:\WINDOWS\SYSTEM32\ntdll.dll
0x00007ffcfde90000 - 0x00007ffcfdf59000 	C:\WINDOWS\System32\KERNEL32.DLL
0x00007ffcfb700000 - 0x00007ffcfbaff000 	C:\WINDOWS\System32\KERNELBASE.dll
0x00007ffcfbc40000 - 0x00007ffcfbd8c000 	C:\WINDOWS\System32\ucrtbase.dll
0x00007ffc99110000 - 0x00007ffc99128000 	C:\Program Files\Microsoft\jdk-17.0.18.8-hotspot\bin\jli.dll
0x00007ffc98f30000 - 0x00007ffc98f4e000 	C:\Program Files\Microsoft\jdk-17.0.18.8-hotspot\bin\VCRUNTIME140.dll
0x00007ffcfc430000 - 0x00007ffcfc5f6000 	C:\WINDOWS\System32\USER32.dll
0x00007ffcfb6d0000 - 0x00007ffcfb6f7000 	C:\WINDOWS\System32\win32u.dll
0x00007ffce6480000 - 0x00007ffce6711000 	C:\WINDOWS\WinSxS\amd64_microsoft.windows.common-controls_6595b64144ccf1df_6.0.26100.8972_none_3e0da176e32f9d4b\COMCTL32.dll
0x00007ffcfc380000 - 0x00007ffcfc429000 	C:\WINDOWS\System32\msvcrt.dll
0x00007ffcfcd60000 - 0x00007ffcfcd8b000 	C:\WINDOWS\System32\GDI32.dll
0x00007ffcfbb10000 - 0x00007ffcfbc39000 	C:\WINDOWS\System32\gdi32full.dll
0x00007ffcfbf20000 - 0x00007ffcfbfc3000 	C:\WINDOWS\System32\msvcp_win.dll
0x00007ffcfcc40000 - 0x00007ffcfcc72000 	C:\WINDOWS\System32\IMM32.DLL
0x00007ffcdf6e0000 - 0x00007ffcdf6ec000 	C:\Program Files\Microsoft\jdk-17.0.18.8-hotspot\bin\vcruntime140_1.dll
0x00007ffc86ca0000 - 0x00007ffc86d29000 	C:\Program Files\Microsoft\jdk-17.0.18.8-hotspot\bin\msvcp140.dll
0x00007ffc30840000 - 0x00007ffc314ba000 	C:\Program Files\Microsoft\jdk-17.0.18.8-hotspot\bin\server\jvm.dll
0x00007ffcfcc90000 - 0x00007ffcfcd4c000 	C:\WINDOWS\System32\ADVAPI32.dll
0x00007ffcfd8c0000 - 0x00007ffcfd96a000 	C:\WINDOWS\System32\sechost.dll
0x00007ffcfe1c0000 - 0x00007ffcfe2d8000 	C:\WINDOWS\System32\RPCRT4.dll
0x00007ffcfd970000 - 0x00007ffcfd9f2000 	C:\WINDOWS\System32\WS2_32.dll
0x00007ffcfb550000 - 0x00007ffcfb5ae000 	C:\WINDOWS\SYSTEM32\POWRPROF.dll
0x00007ffcf58b0000 - 0x00007ffcf58e6000 	C:\WINDOWS\SYSTEM32\WINMM.dll
0x00007ffcf4580000 - 0x00007ffcf458b000 	C:\WINDOWS\SYSTEM32\VERSION.dll
0x00007ffcfb530000 - 0x00007ffcfb545000 	C:\WINDOWS\SYSTEM32\UMPDC.dll
0x00007ffcfa3c0000 - 0x00007ffcfa3db000 	C:\WINDOWS\SYSTEM32\kernel.appcore.dll
0x00007ffc99c40000 - 0x00007ffc99c4a000 	C:\Program Files\Microsoft\jdk-17.0.18.8-hotspot\bin\jimage.dll
0x00007ffce6730000 - 0x00007ffce6972000 	C:\WINDOWS\SYSTEM32\DBGHELP.DLL
0x00007ffcfc8b0000 - 0x00007ffcfcc35000 	C:\WINDOWS\System32\combase.dll
0x00007ffcfc7b0000 - 0x00007ffcfc889000 	C:\WINDOWS\System32\OLEAUT32.dll
0x00007ffce47e0000 - 0x00007ffce481b000 	C:\WINDOWS\SYSTEM32\dbgcore.DLL
0x00007ffcfbe60000 - 0x00007ffcfbf0c000 	C:\WINDOWS\System32\bcryptPrimitives.dll
0x00007ffc99b00000 - 0x00007ffc99b0f000 	C:\Program Files\Microsoft\jdk-17.0.18.8-hotspot\bin\instrument.dll
0x00007ffc8f6c0000 - 0x00007ffc8f6e6000 	C:\Program Files\Microsoft\jdk-17.0.18.8-hotspot\bin\java.dll
0x00007ffc85760000 - 0x00007ffc85836000 	C:\Program Files\Microsoft\jdk-17.0.18.8-hotspot\bin\jsvml.dll
0x00007ffcfcf30000 - 0x00007ffcfd6b8000 	C:\WINDOWS\System32\SHELL32.dll
0x00007ffcf91c0000 - 0x00007ffcf9a5b000 	C:\WINDOWS\SYSTEM32\windows.storage.dll
0x00007ffcfe310000 - 0x00007ffcfe409000 	C:\WINDOWS\System32\SHCORE.dll
0x00007ffcfe410000 - 0x00007ffcfe476000 	C:\WINDOWS\System32\shlwapi.dll
0x00007ffcfb5f0000 - 0x00007ffcfb619000 	C:\WINDOWS\SYSTEM32\profapi.dll
0x00007ffc8f6a0000 - 0x00007ffc8f6b8000 	C:\Program Files\Microsoft\jdk-17.0.18.8-hotspot\bin\zip.dll
0x00007ffc8f680000 - 0x00007ffc8f69b000 	C:\Program Files\Microsoft\jdk-17.0.18.8-hotspot\bin\net.dll
0x00007ffcf4290000 - 0x00007ffcf43b8000 	C:\WINDOWS\SYSTEM32\WINHTTP.dll
0x00007ffcfa970000 - 0x00007ffcfa9dc000 	C:\WINDOWS\system32\mswsock.dll
0x00007ffc8f290000 - 0x00007ffc8f2a6000 	C:\Program Files\Microsoft\jdk-17.0.18.8-hotspot\bin\nio.dll
0x00007ffc99a00000 - 0x00007ffc99a10000 	C:\Program Files\Microsoft\jdk-17.0.18.8-hotspot\bin\verify.dll
0x00007ffc98d80000 - 0x00007ffc98da7000 	C:\Users\triK\.gradle\native\660c5614fbf4a5f2a75b1949f50a0caf5cd603558e7d8a26e50b933a0cfb79d1\windows-amd64\native-platform.dll
0x00007ffc84cd0000 - 0x00007ffc84d47000 	C:\Users\triK\.gradle\native\0.2.8\x86_64-windows-gnu\gradle-fileevents.dll
0x00007ffc99640000 - 0x00007ffc9964a000 	C:\Program Files\Microsoft\jdk-17.0.18.8-hotspot\bin\management.dll
0x00007ffc994c0000 - 0x00007ffc994cc000 	C:\Program Files\Microsoft\jdk-17.0.18.8-hotspot\bin\management_ext.dll
0x00007ffcfdfd0000 - 0x00007ffcfdfd8000 	C:\WINDOWS\System32\PSAPI.DLL
0x00007ffcf9de0000 - 0x00007ffcf9e13000 	C:\WINDOWS\SYSTEM32\IPHLPAPI.DLL
0x00007ffcfd8b0000 - 0x00007ffcfd8ba000 	C:\WINDOWS\System32\NSI.dll
0x00007ffcf4590000 - 0x00007ffcf45ad000 	C:\WINDOWS\SYSTEM32\dhcpcsvc6.DLL
0x00007ffcf3ca0000 - 0x00007ffcf3cc5000 	C:\WINDOWS\SYSTEM32\dhcpcsvc.DLL
0x00007ffcf9e20000 - 0x00007ffcf9f78000 	C:\WINDOWS\SYSTEM32\DNSAPI.dll
0x00007ffcfa770000 - 0x00007ffcfa77d000 	C:\WINDOWS\SYSTEM32\DSPARSE.dll
0x00007ffc99380000 - 0x00007ffc99389000 	C:\Program Files\Microsoft\jdk-17.0.18.8-hotspot\bin\extnet.dll
0x00007ffcfac60000 - 0x00007ffcfac7b000 	C:\WINDOWS\SYSTEM32\CRYPTSP.dll
0x00007ffcfa320000 - 0x00007ffcfa359000 	C:\WINDOWS\system32\rsaenh.dll
0x00007ffcfaa20000 - 0x00007ffcfaa52000 	C:\WINDOWS\SYSTEM32\USERENV.dll
0x00007ffcfb5c0000 - 0x00007ffcfb5ea000 	C:\WINDOWS\SYSTEM32\bcrypt.dll
0x00007ffcfac80000 - 0x00007ffcfac8c000 	C:\WINDOWS\SYSTEM32\CRYPTBASE.dll
0x00007ffc99100000 - 0x00007ffc9910e000 	C:\Program Files\Microsoft\jdk-17.0.18.8-hotspot\bin\sunmscapi.dll
0x00007ffcfbfd0000 - 0x00007ffcfc14e000 	C:\WINDOWS\System32\CRYPT32.dll
0x00007ffcfaea0000 - 0x00007ffcfaed0000 	C:\WINDOWS\SYSTEM32\ncrypt.dll
0x00007ffcfae50000 - 0x00007ffcfae8f000 	C:\WINDOWS\SYSTEM32\NTASN1.dll
0x00007ffce19a0000 - 0x00007ffce19a8000 	C:\WINDOWS\system32\wshunix.dll
0x00007ffc99000000 - 0x00007ffc99007000 	C:\Program Files\Microsoft\jdk-17.0.18.8-hotspot\bin\rmi.dll

dbghelp: loaded successfully - version: 4.0.5 - missing functions: none
symbol engine: initialized successfully - sym options: 0x614 - pdb path: .;C:\Program Files\Microsoft\jdk-17.0.18.8-hotspot\bin;C:\WINDOWS\SYSTEM32;C:\WINDOWS\WinSxS\amd64_microsoft.windows.common-controls_6595b64144ccf1df_6.0.26100.8972_none_3e0da176e32f9d4b;C:\Program Files\Microsoft\jdk-17.0.18.8-hotspot\bin\server;C:\Users\triK\.gradle\native\660c5614fbf4a5f2a75b1949f50a0caf5cd603558e7d8a26e50b933a0cfb79d1\windows-amd64;C:\Users\triK\.gradle\native\0.2.8\x86_64-windows-gnu

VM Arguments:
jvm_args: --add-opens=java.base/java.lang=ALL-UNNAMED --add-opens=java.base/java.lang.invoke=ALL-UNNAMED --add-opens=java.base/java.util=ALL-UNNAMED --add-opens=java.prefs/java.util.prefs=ALL-UNNAMED --add-exports=jdk.compiler/com.sun.tools.javac.api=ALL-UNNAMED --add-exports=jdk.compiler/com.sun.tools.javac.util=ALL-UNNAMED --add-opens=java.base/java.util=ALL-UNNAMED --add-opens=java.prefs/java.util.prefs=ALL-UNNAMED --add-opens=java.base/java.nio.charset=ALL-UNNAMED --add-opens=java.base/java.net=ALL-UNNAMED --add-opens=java.base/java.util.concurrent=ALL-UNNAMED --add-opens=java.base/java.util.concurrent.atomic=ALL-UNNAMED --add-opens=java.xml/javax.xml.namespace=ALL-UNNAMED --add-opens=java.base/java.time=ALL-UNNAMED -XX:MaxMetaspaceSize=512m -XX:ReservedCodeCacheSize=256m -XX:+HeapDumpOnOutOfMemoryError -Xmx1512m -Dfile.encoding=UTF-8 -Duser.country=FR -Duser.language=fr -Duser.variant -javaagent:C:\Users\triK\.gradle\wrapper\dists\gradle-9.3.1-all\9ot9r568e8zfvvd4mn8rbu1j0\gradle-9.3.1\lib\agents\gradle-instrumentation-agent-9.3.1.jar 
java_command: org.gradle.launcher.daemon.bootstrap.GradleDaemon 9.3.1
java_class_path (initial): C:\Users\triK\.gradle\wrapper\dists\gradle-9.3.1-all\9ot9r568e8zfvvd4mn8rbu1j0\gradle-9.3.1\lib\gradle-daemon-main-9.3.1.jar
Launcher Type: SUN_STANDARD

[Global flags]
     intx CICompilerCount                          = 3                                         {product} {ergonomic}
   size_t CompressedClassSpaceSize                 = 436207616                                 {product} {ergonomic}
     uint ConcGCThreads                            = 1                                         {product} {ergonomic}
     uint G1ConcRefinementThreads                  = 4                                         {product} {ergonomic}
   size_t G1HeapRegionSize                         = 1048576                                   {product} {ergonomic}
    uintx GCDrainStackTargetSize                   = 64                                        {product} {ergonomic}
     bool HeapDumpOnOutOfMemoryError               = true                                   {manageable} {command line}
   size_t InitialHeapSize                          = 67108864                                  {product} {ergonomic}
   size_t MarkStackSize                            = 4194304                                   {product} {ergonomic}
   size_t MaxHeapSize                              = 1585446912                                {product} {command line}
   size_t MaxMetaspaceSize                         = 536870912                                 {product} {command line}
   size_t MaxNewSize                               = 951058432                                 {product} {ergonomic}
   size_t MinHeapDeltaBytes                        = 1048576                                   {product} {ergonomic}
   size_t MinHeapSize                              = 8388608                                   {product} {ergonomic}
    uintx NonNMethodCodeHeapSize                   = 5832780                                {pd product} {ergonomic}
    uintx NonProfiledCodeHeapSize                  = 131301338                              {pd product} {ergonomic}
    uintx ProfiledCodeHeapSize                     = 131301338                              {pd product} {ergonomic}
    uintx ReservedCodeCacheSize                    = 268435456                              {pd product} {command line}
     bool SegmentedCodeCache                       = true                                      {product} {ergonomic}
   size_t SoftMaxHeapSize                          = 1585446912                             {manageable} {ergonomic}
   double SweeperThreshold                         = 0.468750                                  {product} {ergonomic}
     bool UseCompressedClassPointers               = true                           {product lp64_product} {ergonomic}
     bool UseCompressedOops                        = true                           {product lp64_product} {ergonomic}
     bool UseG1GC                                  = true                                      {product} {ergonomic}
     bool UseLargePagesIndividualAllocation        = false                                  {pd product} {ergonomic}

Logging:
Log output configuration:
 #0: stdout all=warning uptime,level,tags
 #1: stderr all=off uptime,level,tags

Environment Variables:
JAVA_HOME=C:\Program Files\Microsoft\jdk-17.0.18.8-hotspot
PATH=C:\Program Files\Microsoft\jdk-17.0.18.8-hotspot\bin;C:\Program Files (x86)\Borland\Delphi7\Bin;C:\Program Files (x86)\Borland\Delphi7\Projects\Bpl\;C:\Program Files\ImageMagick-7.1.2-Q16-HDRI;C:\Program Files\Common Files\Oracle\Java\javapath;C:\Program Files (x86)\Common Files\Oracle\Java\java8path;C:\Program Files (x86)\Common Files\Oracle\Java\javapath;C:\Windows\system32;C:\Windows;C:\Windows\System32\Wbem;C:\Windows\System32\WindowsPowerShell\v1.0\;C:\Windows\System32\OpenSSH\;C:\Users\triK\.config\herd\bin\nvm;C:\ProgramData\ComposerSetup\bin;C:\WINDOWS\system32;C:\WINDOWS;C:\WINDOWS\System32\Wbem;C:\WINDOWS\System32\WindowsPowerShell\v1.0\;C:\WINDOWS\System32\OpenSSH\;c:\Users\triK\AppData\Local\Programs\cursor\resources\app\bin;C:\Users\triK\AppData\Local\nvm;C:\nvm4w\nodejs;C:\Program Files\cursor\resources\app\bin;C:\Program Files\dotnet\;C:\laragon\bin\php\php8.4;C:\Users\triK\Downloads\platform-tools-latest-windows\platform-tools;C:\Program Files\Git\cmd;C:\Program Files\Go\bin;C:\flutter\bin;C:\Users\triK\.config\herd\bin;C:\laragon\bin\composer;C:\laragon\bin\git\bin;C:\laragon\bin\git\cmd;C:\laragon\bin\git\mingw64\bin;C:\laragon\bin\git\usr\bin;C:\laragon\bin\mysql\mysql-8.4.3-winx64\bin;C:\laragon\bin\ngrok;C:\laragon\bin\nodejs\node-v22;C:\laragon\bin\php\php8.4;C:\laragon\bin\python\python-3.13;C:\laragon\bin\python\python-3.13\Scripts;C:\laragon\usr\bin;C:\Users\triK\AppData\Local\Yarn\config\global\node_modules\.bin;C:\Users\triK\AppData\Roaming\Composer\vendor\bin;C:\Users\triK\AppData\Roaming\npm;C:\Users\triK\AppData\Local\Microsoft\WindowsApps;C:\Users\triK\AppData\Local\GitHubDesktop\bin;C:\Users\triK\AppData\Local\nvm;C:\nvm4w\nodejs;C:\Users\triK\AppData\Local\Programs\Microsoft VS Code\bin;C:\Users\triK\.dotnet\tools;C:\Users\triK\AppData\Local\Programs\Antigravity\bin;C:\Users\triK\AppData\Local\Android\Sdk\platform-tools;C:\Users\triK\AppData\Local\Microsoft\WinGet\Links;C:\Users\triK\AppData\Local\Microsoft\WinGet\Packages\yt-dlp.FFmpeg_Microsoft.Winget.Source_8wekyb3d8bbwe\ffmpeg-N-123074-g4e32fb4c2a-win64-gpl/bin;C:\Users\triK\AppData\Local\Google\Cloud SDK\google-cloud-sdk\bin;C:\Users\triK\go\bin;C:\Users\triK\AppData\Local\Programs\Antigravity IDE\bin
USERNAME=triK
OS=Windows_NT
PROCESSOR_IDENTIFIER=Intel64 Family 6 Model 142 Stepping 10, GenuineIntel
TMP=C:\Users\triK\AppData\Local\Temp
TEMP=C:\Users\triK\AppData\Local\Temp



Periodic native trim disabled


---------------  S Y S T E M  ---------------

OS:
 Windows 11 , 64 bit Build 26100 (10.0.26100.9168)
OS uptime: 2 days 8:27 hours

CPU: total 4 (initial active 4) (2 cores per cpu, 2 threads per core) family 6 model 142 stepping 10 microcode 0xe0, cx8, cmov, fxsr, ht, mmx, 3dnowpref, sse, sse2, sse3, ssse3, sse4.1, sse4.2, popcnt, lzcnt, tsc, tscinvbit, avx, avx2, aes, erms, clmul, bmi1, bmi2, adx, fma, vzeroupper, clflush, clflushopt
Processor Information for the first 4 processors :
  Max Mhz: 2304, Current Mhz: 2304, Mhz Limit: 2304

Memory: 4k page, system-wide physical 3971M (124M free)
TotalPageFile size 16259M (AvailPageFile size 6M)
current process WorkingSet (physical memory assigned to process): 190M, peak: 228M
current process commit charge ("private bytes"): 358M, peak: 380M

vm_info: OpenJDK 64-Bit Server VM (17.0.18+8-LTS) for windows-amd64 JRE (17.0.18+8-LTS), built on Jan 15 2026 18:50:45 by "MicrosoftCorporation" with MS VC++ 17.14 (VS2022)

END.
